Archive member included to satisfy reference by file (symbol)

E:/STM32CubeIDE_1.19.0/STM32CubeIDE/plugins/com.st.stm32cube.ide.mcu.externaltools.gnu-tools-for-stm32.13.3.rel1.win32_1.0.0.202411081344/tools/bin/../lib/gcc/arm-none-eabi/13.3.1/../../../../arm-none-eabi/lib/thumb/v7e-m+dp/hard\libc_nano.a(libc_a-exit.o)
                              E:/STM32CubeIDE_1.19.0/STM32CubeIDE/plugins/com.st.stm32cube.ide.mcu.externaltools.gnu-tools-for-stm32.13.3.rel1.win32_1.0.0.202411081344/tools/bin/../lib/gcc/arm-none-eabi/13.3.1/../../../../arm-none-eabi/lib/thumb/v7e-m+dp/hard/crt0.o (exit)
E:/STM32CubeIDE_1.19.0/STM32CubeIDE/plugins/com.st.stm32cube.ide.mcu.externaltools.gnu-tools-for-stm32.13.3.rel1.win32_1.0.0.202411081344/tools/bin/../lib/gcc/arm-none-eabi/13.3.1/../../../../arm-none-eabi/lib/thumb/v7e-m+dp/hard\libc_nano.a(libc_a-findfp.o)
                              E:/STM32CubeIDE_1.19.0/STM32CubeIDE/plugins/com.st.stm32cube.ide.mcu.externaltools.gnu-tools-for-stm32.13.3.rel1.win32_1.0.0.202411081344/tools/bin/../lib/gcc/arm-none-eabi/13.3.1/../../../../arm-none-eabi/lib/thumb/v7e-m+dp/hard\libc_nano.a(libc_a-exit.o) (__stdio_exit_handler)
E:/STM32CubeIDE_1.19.0/STM32CubeIDE/plugins/com.st.stm32cube.ide.mcu.externaltools.gnu-tools-for-stm32.13.3.rel1.win32_1.0.0.202411081344/tools/bin/../lib/gcc/arm-none-eabi/13.3.1/../../../../arm-none-eabi/lib/thumb/v7e-m+dp/hard\libc_nano.a(libc_a-fwalk.o)
                              E:/STM32CubeIDE_1.19.0/STM32CubeIDE/plugins/com.st.stm32cube.ide.mcu.externaltools.gnu-tools-for-stm32.13.3.rel1.win32_1.0.0.202411081344/tools/bin/../lib/gcc/arm-none-eabi/13.3.1/../../../../arm-none-eabi/lib/thumb/v7e-m+dp/hard\libc_nano.a(libc_a-findfp.o) (_fwalk_sglue)
E:/STM32CubeIDE_1.19.0/STM32CubeIDE/plugins/com.st.stm32cube.ide.mcu.externaltools.gnu-tools-for-stm32.13.3.rel1.win32_1.0.0.202411081344/tools/bin/../lib/gcc/arm-none-eabi/13.3.1/../../../../arm-none-eabi/lib/thumb/v7e-m+dp/hard\libc_nano.a(libc_a-stdio.o)
                              E:/STM32CubeIDE_1.19.0/STM32CubeIDE/plugins/com.st.stm32cube.ide.mcu.externaltools.gnu-tools-for-stm32.13.3.rel1.win32_1.0.0.202411081344/tools/bin/../lib/gcc/arm-none-eabi/13.3.1/../../../../arm-none-eabi/lib/thumb/v7e-m+dp/hard\libc_nano.a(libc_a-findfp.o) (__sread)
E:/STM32CubeIDE_1.19.0/STM32CubeIDE/plugins/com.st.stm32cube.ide.mcu.externaltools.gnu-tools-for-stm32.13.3.rel1.win32_1.0.0.202411081344/tools/bin/../lib/gcc/arm-none-eabi/13.3.1/../../../../arm-none-eabi/lib/thumb/v7e-m+dp/hard\libc_nano.a(libc_a-memset.o)
                              E:/STM32CubeIDE_1.19.0/STM32CubeIDE/plugins/com.st.stm32cube.ide.mcu.externaltools.gnu-tools-for-stm32.13.3.rel1.win32_1.0.0.202411081344/tools/bin/../lib/gcc/arm-none-eabi/13.3.1/../../../../arm-none-eabi/lib/thumb/v7e-m+dp/hard/crt0.o (memset)
E:/STM32CubeIDE_1.19.0/STM32CubeIDE/plugins/com.st.stm32cube.ide.mcu.externaltools.gnu-tools-for-stm32.13.3.rel1.win32_1.0.0.202411081344/tools/bin/../lib/gcc/arm-none-eabi/13.3.1/../../../../arm-none-eabi/lib/thumb/v7e-m+dp/hard\libc_nano.a(libc_a-closer.o)
                              E:/STM32CubeIDE_1.19.0/STM32CubeIDE/plugins/com.st.stm32cube.ide.mcu.externaltools.gnu-tools-for-stm32.13.3.rel1.win32_1.0.0.202411081344/tools/bin/../lib/gcc/arm-none-eabi/13.3.1/../../../../arm-none-eabi/lib/thumb/v7e-m+dp/hard\libc_nano.a(libc_a-stdio.o) (_close_r)
E:/STM32CubeIDE_1.19.0/STM32CubeIDE/plugins/com.st.stm32cube.ide.mcu.externaltools.gnu-tools-for-stm32.13.3.rel1.win32_1.0.0.202411081344/tools/bin/../lib/gcc/arm-none-eabi/13.3.1/../../../../arm-none-eabi/lib/thumb/v7e-m+dp/hard\libc_nano.a(libc_a-reent.o)
                              E:/STM32CubeIDE_1.19.0/STM32CubeIDE/plugins/com.st.stm32cube.ide.mcu.externaltools.gnu-tools-for-stm32.13.3.rel1.win32_1.0.0.202411081344/tools/bin/../lib/gcc/arm-none-eabi/13.3.1/../../../../arm-none-eabi/lib/thumb/v7e-m+dp/hard\libc_nano.a(libc_a-closer.o) (errno)
E:/STM32CubeIDE_1.19.0/STM32CubeIDE/plugins/com.st.stm32cube.ide.mcu.externaltools.gnu-tools-for-stm32.13.3.rel1.win32_1.0.0.202411081344/tools/bin/../lib/gcc/arm-none-eabi/13.3.1/../../../../arm-none-eabi/lib/thumb/v7e-m+dp/hard\libc_nano.a(libc_a-impure.o)
                              E:/STM32CubeIDE_1.19.0/STM32CubeIDE/plugins/com.st.stm32cube.ide.mcu.externaltools.gnu-tools-for-stm32.13.3.rel1.win32_1.0.0.202411081344/tools/bin/../lib/gcc/arm-none-eabi/13.3.1/../../../../arm-none-eabi/lib/thumb/v7e-m+dp/hard\libc_nano.a(libc_a-reent.o) (_impure_ptr)
E:/STM32CubeIDE_1.19.0/STM32CubeIDE/plugins/com.st.stm32cube.ide.mcu.externaltools.gnu-tools-for-stm32.13.3.rel1.win32_1.0.0.202411081344/tools/bin/../lib/gcc/arm-none-eabi/13.3.1/../../../../arm-none-eabi/lib/thumb/v7e-m+dp/hard\libc_nano.a(libc_a-lseekr.o)
[...]
Memory Configuration

Name             Origin             Length             Attributes
RAM              0x20000000         0x00080000         xrw
FLASH            0x08000000         0x00200000         xr
*default*        0x00000000         0xffffffff

Linker script and memory map

LOAD E:/STM32CubeIDE_1.19.0/STM32CubeIDE/plugins/com.st.stm32cube.ide.mcu.externaltools.gnu-tools-for-stm32.13.3.rel1.win32_1.0.0.202411081344/tools/bin/../lib/gcc/arm-none-eabi/13.3.1/thumb/v7e-m+dp/hard/crti.o
LOAD E:/STM32CubeIDE_1.19.0/STM32CubeIDE/plugins/com.st.stm32cube.ide.mcu.externaltools.gnu-tools-for-stm32.13.3.rel1.win32_1.0.0.202411081344/tools/bin/../lib/gcc/arm-none-eabi/13.3.1/thumb/v7e-m+dp/hard/crtbegin.o
LOAD E:/STM32CubeIDE_1.19.0/STM32CubeIDE/plugins/com.st.stm32cube.ide.mcu.externaltools.gnu-tools-for-stm32.13.3.rel1.win32_1.0.0.202411081344/tools/bin/../lib/gcc/arm-none-eabi/13.3.1/../../../../arm-none-eabi/lib/thumb/v7e-m+dp/hard/crt0.o
LOAD ./Core/Src/gpio.o
LOAD ./Core/Src/main.o
LOAD ./Core/Src/stm32f7xx_hal_msp.o
LOAD ./Core/Src/stm32f7xx_it.o
LOAD ./Core/Src/syscalls.o
LOAD ./Core/Src/sysmem.o
LOAD ./Core/Src/system_stm32f7xx.o
LOAD ./Core/Src/usart.o
LOAD ./Core/Startup/startup_stm32f767zitx.o
LOAD ./Drivers/STM32F7xx_HAL_Driver/Src/stm32f7xx_hal.o
LOAD ./Drivers/STM32F7xx_HAL_Driver/Src/stm32f7xx_hal_cortex.o
LOAD ./Drivers/STM32F7xx_HAL_Driver/Src/stm32f7xx_hal_dma.o
LOAD ./Drivers/STM32F7xx_HAL_Driver/Src/stm32f7xx_hal_dma_ex.o
LOAD ./Drivers/STM32F7xx_HAL_Driver/Src/stm32f7xx_hal_exti.o
LOAD ./Drivers/STM32F7xx_HAL_Driver/Src/stm32f7xx_hal_flash.o
LOAD ./Drivers/STM32F7xx_HAL_Driver/Src/stm32f7xx_hal_flash_ex.o
LOAD ./Drivers/STM32F7xx_HAL_Driver/Src/stm32f7xx_hal_gpio.o
LOAD ./Drivers/STM32F7xx_HAL_Driver/Src/stm32f7xx_hal_i2c.o
LOAD ./Drivers/STM32F7xx_HAL_Driver/Src/stm32f7xx_hal_i2c_ex.o
LOAD ./Drivers/STM32F7xx_HAL_Driver/Src/stm32f7xx_hal_pwr.o
LOAD ./Drivers/STM32F7xx_HAL_Driver/Src/stm32f7xx_hal_pwr_ex.o
LOAD ./Drivers/STM32F7xx_HAL_Driver/Src/stm32f7xx_hal_rcc.o
LOAD ./Drivers/STM32F7xx_HAL_Driver/Src/stm32f7xx_hal_rcc_ex.o
LOAD ./Drivers/STM32F7xx_HAL_Driver/Src/stm32f7xx_hal_uart.o
LOAD ./Drivers/STM32F7xx_HAL_Driver/Src/stm32f7xx_hal_uart_ex.o
START GROUP
LOAD E:/STM32CubeIDE_1.19.0/STM32CubeIDE/plugins/com.st.stm32cube.ide.mcu.externaltools.gnu-tools-for-stm32.13.3.rel1.win32_1.0.0.202411081344/tools/bin/../lib/gcc/arm-none-eabi/13.3.1/../../../../arm-none-eabi/lib/thumb/v7e-m+dp/hard\libc_nano.a
LOAD E:/STM32CubeIDE_1.19.0/STM32CubeIDE/plugins/com.st.stm32cube.ide.mcu.externaltools.gnu-tools-for-stm32.13.3.rel1.win32_1.0.0.202411081344/tools/bin/../lib/gcc/arm-none-eabi/13.3.1/../../../../arm-none-eabi/lib/thumb/v7e-m+dp/hard\libm.a
END GROUP
START GROUP
LOAD E:/STM32CubeIDE_1.19.0/STM32CubeIDE/plugins/com.st.stm32cube.ide.mcu.externaltools.gnu-tools-for-stm32.13.3.rel1.win32_1.0.0.202411081344/tools/bin/../lib/gcc/arm-none-eabi/13.3.1/thumb/v7e-m+dp/hard\libgcc.a
LOAD E:/STM32CubeIDE_1.19.0/STM32CubeIDE/plugins/com.st.stm32cube.ide.mcu.externaltools.gnu-tools-for-stm32.13.3.rel1.win32_1.0.0.202411081344/tools/bin/../lib/gcc/arm-none-eabi/13.3.1/../../../../arm-none-eabi/lib/thumb/v7e-m+dp/hard\libc_nano.a
END GROUP
START GROUP
LOAD E:/STM32CubeIDE_1.19.0/STM32CubeIDE/plugins/com.st.stm32cube.ide.mcu.externaltools.gnu-tools-for-stm32.13.3.rel1.win32_1.0.0.202411081344/tools/bin/../lib/gcc/arm-none-eabi/13.3.1/thumb/v7e-m+dp/hard\libgcc.a
LOAD E:/STM32CubeIDE_1.19.0/STM32CubeIDE/plugins/com.st.stm32cube.ide.mcu.externaltools.gnu-tools-for-stm32.13.3.rel1.win32_1.0.0.202411081344/tools/bin/../lib/gcc/arm-none-eabi/13.3.1/../../../../arm-none-eabi/lib/thumb/v7e-m+dp/hard\libc_nano.a
LOAD E:/STM32CubeIDE_1.19.0/STM32CubeIDE/plugins/com.st.stm32cube.ide.mcu.externaltools.gnu-tools-for-stm32.13.3.rel1.win32_1.0.0.202411081344/tools/bin/../lib/gcc/arm-none-eabi/13.3.1/../../../../arm-none-eabi/lib/thumb/v7e-m+dp/hard\libnosys.a
END GROUP
START GROUP
LOAD E:/STM32CubeIDE_1.19.0/STM32CubeIDE/plugins/com.st.stm32cube.ide.mcu.externaltools.gnu-tools-for-stm32.13.3.rel1.win32_1.0.0.202411081344/tools/bin/../lib/gcc/arm-none-eabi/13.3.1/thumb/v7e-m+dp/hard\libgcc.a
LOAD E:/STM32CubeIDE_1.19.0/STM32CubeIDE/plugins/com.st.stm32cube.ide.mcu.externaltools.gnu-tools-for-stm32.13.3.rel1.win32_1.0.0.202411081344/tools/bin/../lib/gcc/arm-none-eabi/13.3.1/../../../../arm-none-eabi/lib/thumb/v7e-m+dp/hard\libc_nano.a
LOAD E:/STM32CubeIDE_1.19.0/STM32CubeIDE/plugins/com.st.stm32cube.ide.mcu.externaltools.gnu-tools-for-stm32.13.3.rel1.win32_1.0.0.202411081344/tools/bin/../lib/gcc/arm-none-eabi/13.3.1/../../../../arm-none-eabi/lib/thumb/v7e-m+dp/hard\libnosys.a
END GROUP
LOAD E:/STM32CubeIDE_1.19.0/STM32CubeIDE/plugins/com.st.stm32cube.ide.mcu.externaltools.gnu-tools-for-stm32.13.3.rel1.win32_1.0.0.202411081344/tools/bin/../lib/gcc/arm-none-eabi/13.3.1/thumb/v7e-m+dp/hard/crtend.o
LOAD E:/STM32CubeIDE_1.19.0/STM32CubeIDE/plugins/com.st.stm32cube.ide.mcu.externaltools.gnu-tools-for-stm32.13.3.rel1.win32_1.0.0.202411081344/tools/bin/../lib/gcc/arm-none-eabi/13.3.1/thumb/v7e-m+dp/hard/crtn.o
                0x20080000                        _estack = (ORIGIN (RAM) + LENGTH (RAM))
                0x00000200                        _Min_Heap_Size = 0x200
                0x00000400                        _Min_Stack_Size = 0x400

.isr_vector     0x08000000      0x1f8
                0x08000000                        . = ALIGN (0x4)
 *(.isr_vector)
 .isr_vector    0x08000000      0x1f8 ./Core/Startup/startup_stm32f767zitx.o
                0x08000000                g_pfnVectors
                0x080001f8                        . = ALIGN (0x4)

.text           0x080001f8     0x2e7c
                0x080001f8                        . = ALIGN (0x4)
 *(.text)
 .text          0x080001f8       0x40 E:/STM32CubeIDE_1.19.0/STM32CubeIDE/plugins/com.st.stm32cube.ide.mcu.externaltools.gnu-tools-for-stm32.13.3.rel1.win32_1.0.0.202411081344/tools/bin/../lib/gcc/arm-none-eabi/13.3.1/thumb/v7e-m+dp/hard/crtbegin.o
 .text          0x08000238       0x30 E:/STM32CubeIDE_1.19.0/STM32CubeIDE/plugins/com.st.stm32cube.ide.mcu.externaltools.gnu-tools-for-stm32.13.3.rel1.win32_1.0.0.202411081344/tools/bin/../lib/gcc/arm-none-eabi/13.3.1/thumb/v7e-m+dp/hard\libgcc.a(_aeabi_uldivmod.o)
                0x08000238                __aeabi_uldivmod
 .text          0x08000268      0x2f8 E:/STM32CubeIDE_1.19.0/STM32CubeIDE/plugins/com.st.stm32cube.ide.mcu.externaltools.gnu-tools-for-stm32.13.3.rel1.win32_1.0.0.202411081344/tools/bin/../lib/gcc/arm-none-eabi/13.3.1/thumb/v7e-m+dp/hard\libgcc.a(_udivmoddi4.o)
                0x08000268                __udivmoddi4
 .text          0x08000560        0x4 E:/STM32CubeIDE_1.19.0/STM32CubeIDE/plugins/com.st.stm32cube.ide.mcu.externaltools.gnu-tools-for-stm32.13.3.rel1.win32_1.0.0.202411081344/tools/bin/../lib/gcc/arm-none-eabi/13.3.1/thumb/v7e-m+dp/hard\libgcc.a(_dvmd_tls.o)
                0x08000560                __aeabi_idiv0
                0x08000560                __aeabi_ldiv0
 *(.text*)
 .text.MX_GPIO_Init
                0x08000564      0x110 ./Core/Src/gpio.o
                0x08000564                MX_GPIO_Init
 .text.main     0x08000674       0x48 ./Core/Src/main.o
                0x08000674                main
 .text.SystemClock_Config
                0x080006bc       0xdc ./Core/Src/main.o
                0x080006bc                SystemClock_Config
 .text.HAL_GPIO_EXTI_Callback
                0x08000798       0xe0 ./Core/Src/main.o
                0x08000798                HAL_GPIO_EXTI_Callback
 .text.MPU_Config
                0x08000878       0x58 ./Core/Src/main.o
 .text.Error_Handler
                0x080008d0        0xc ./Core/Src/main.o
                0x080008d0                Error_Handler
 .text.HAL_MspInit
                0x080008dc       0x48 ./Core/Src/stm32f7xx_hal_msp.o
                0x080008dc                HAL_MspInit
 .text.NMI_Handler
                0x08000924        0x8 ./Core/Src/stm32f7xx_it.o
                0x08000924                NMI_Handler
 .text.HardFault_Handler
                0x0800092c        0x8 ./Core/Src/stm32f7xx_it.o
                0x0800092c                HardFault_Handler
 .text.MemManage_Handler
                0x08000934        0x8 ./Core/Src/stm32f7xx_it.o
                0x08000934                MemManage_Handler
 .text.BusFault_Handler
                0x0800093c        0x8 ./Core/Src/stm32f7xx_it.o
                0x0800093c                BusFault_Handler
 .text.UsageFault_Handler
                0x08000944        0x8 ./Core/Src/stm32f7xx_it.o
                0x08000944                UsageFault_Handler
 .text.SVC_Handler
                0x0800094c        0xe ./Core/Src/stm32f7xx_it.o
                0x0800094c                SVC_Handler
 .text.DebugMon_Handler
                0x0800095a        0xe ./Core/Src/stm32f7xx_it.o
                0x0800095a                DebugMon_Handler
 .text.PendSV_Handler
                0x08000968        0xe ./Core/Src/stm32f7xx_it.o
                0x08000968                PendSV_Handler
 .text.SysTick_Handler
                0x08000976        0xc ./Core/Src/stm32f7xx_it.o
                0x08000976                SysTick_Handler
 .text.EXTI0_IRQHandler
                0x08000982        0xe ./Core/Src/stm32f7xx_it.o
                0x08000982                EXTI0_IRQHandler
 .text.EXTI15_10_IRQHandler
                0x08000990       0x10 ./Core/Src/stm32f7xx_it.o
                0x08000990                EXTI15_10_IRQHandler
 .text.SystemInit
                0x080009a0       0x24 ./Core/Src/system_stm32f7xx.o
                0x080009a0                SystemInit
 .text.MX_USART3_UART_Init
                0x080009c4       0x60 ./Core/Src/usart.o
                0x080009c4                MX_USART3_UART_Init
 .text.HAL_UART_MspInit
                0x08000a24       0xc0 ./Core/Src/usart.o
                0x08000a24                HAL_UART_MspInit
 .text.Reset_Handler
                0x08000ae4       0x50 ./Core/Startup/startup_stm32f767zitx.o
                0x08000ae4                Reset_Handler
 .text.Default_Handler
                0x08000b34        0x2 ./Core/Startup/startup_stm32f767zitx.o
                0x08000b34                RTC_Alarm_IRQHandler
                0x08000b34                EXTI2_IRQHandler
                0x08000b34                TIM8_CC_IRQHandler
                0x08000b34                UART8_IRQHandler
                0x08000b34                SPI4_IRQHandler
                0x08000b34                TIM1_CC_IRQHandler
                0x08000b34                DMA2_Stream5_IRQHandler
                0x08000b34                JPEG_IRQHandler
                0x08000b34                DMA1_Stream5_IRQHandler
                0x08000b34                CAN3_RX1_IRQHandler
                0x08000b34                PVD_IRQHandler
                0x08000b34                TAMP_STAMP_IRQHandler
                0x08000b34                CAN2_RX1_IRQHandler
                0x08000b34                EXTI3_IRQHandler
                0x08000b34                TIM8_TRG_COM_TIM14_IRQHandler
                0x08000b34                DFSDM1_FLT1_IRQHandler
                0x08000b34                TIM1_UP_TIM10_IRQHandler
                0x08000b34                TIM8_UP_TIM13_IRQHandler
                0x08000b34                I2C3_ER_IRQHandler
                0x08000b34                DFSDM1_FLT2_IRQHandler
                0x08000b34                I2C2_EV_IRQHandler
                0x08000b34                DMA1_Stream2_IRQHandler
                0x08000b34                CAN1_RX0_IRQHandler
                0x08000b34                FPU_IRQHandler
                0x08000b34                OTG_HS_WKUP_IRQHandler
                0x08000b34                CAN3_SCE_IRQHandler
                0x08000b34                LTDC_ER_IRQHandler
                0x08000b34                CAN2_SCE_IRQHandler
                0x08000b34                DMA2_Stream2_IRQHandler
                0x08000b34                SPI1_IRQHandler
                0x08000b34                TIM6_DAC_IRQHandler
                0x08000b34                TIM1_BRK_TIM9_IRQHandler
                0x08000b34                DCMI_IRQHandler
                0x08000b34                CAN2_RX0_IRQHandler
                0x08000b34                DMA2_Stream3_IRQHandler
                0x08000b34                SAI2_IRQHandler
                0x08000b34                DFSDM1_FLT3_IRQHandler
                0x08000b34                USART6_IRQHandler
                0x08000b34                CAN3_RX0_IRQHandler
                0x08000b34                USART3_IRQHandler
                0x08000b34                CAN1_RX1_IRQHandler
                0x08000b34                UART5_IRQHandler
                0x08000b34                DMA2_Stream0_IRQHandler
                0x08000b34                TIM4_IRQHandler
                0x08000b34                QUADSPI_IRQHandler
                0x08000b34                I2C1_EV_IRQHandler
                0x08000b34                DMA1_Stream6_IRQHandler
                0x08000b34                DMA1_Stream1_IRQHandler
                0x08000b34                UART4_IRQHandler
                0x08000b34                TIM3_IRQHandler
                0x08000b34                RCC_IRQHandler
                0x08000b34                TIM8_BRK_TIM12_IRQHandler
                0x08000b34                Default_Handler
                0x08000b34                CEC_IRQHandler
                0x08000b34                ADC_IRQHandler
                0x08000b34                DMA1_Stream7_IRQHandler
                0x08000b34                SPI5_IRQHandler
                0x08000b34                TIM7_IRQHandler
                0x08000b34                SDMMC1_IRQHandler
                0x08000b34                CAN2_TX_IRQHandler
                0x08000b34                TIM5_IRQHandler
                0x08000b34                DMA2_Stream7_IRQHandler
                0x08000b34                I2C3_EV_IRQHandler
                0x08000b34                EXTI9_5_IRQHandler
                0x08000b34                RTC_WKUP_IRQHandler
                0x08000b34                LTDC_IRQHandler
                0x08000b34                ETH_WKUP_IRQHandler
                0x08000b34                SPDIF_RX_IRQHandler
                0x08000b34                SPI2_IRQHandler
                0x08000b34                OTG_HS_EP1_IN_IRQHandler
                0x08000b34                DMA1_Stream0_IRQHandler
                0x08000b34                CAN1_TX_IRQHandler
                0x08000b34                EXTI4_IRQHandler
                0x08000b34                RNG_IRQHandler
                0x08000b34                ETH_IRQHandler
                0x08000b34                OTG_HS_EP1_OUT_IRQHandler
                0x08000b34                WWDG_IRQHandler
                0x08000b34                SPI6_IRQHandler
                0x08000b34                MDIOS_IRQHandler
                0x08000b34                I2C4_EV_IRQHandler
                0x08000b34                CAN3_TX_IRQHandler
                0x08000b34                TIM2_IRQHandler
                0x08000b34                OTG_FS_WKUP_IRQHandler
                0x08000b34                TIM1_TRG_COM_TIM11_IRQHandler
                0x08000b34                OTG_HS_IRQHandler
                0x08000b34                DMA2D_IRQHandler
                0x08000b34                EXTI1_IRQHandler
                0x08000b34                SDMMC2_IRQHandler
                0x08000b34                UART7_IRQHandler
                0x08000b34                USART2_IRQHandler
                0x08000b34                DFSDM1_FLT0_IRQHandler
                0x08000b34                I2C2_ER_IRQHandler
                0x08000b34                DMA2_Stream1_IRQHandler
                0x08000b34                CAN1_SCE_IRQHandler
                0x08000b34                FLASH_IRQHandler
                0x08000b34                DMA2_Stream4_IRQHandler
                0x08000b34                USART1_IRQHandler
                0x08000b34                OTG_FS_IRQHandler
                0x08000b34                SPI3_IRQHandler
                0x08000b34                DMA1_Stream4_IRQHandler
                0x08000b34                I2C1_ER_IRQHandler
                0x08000b34                FMC_IRQHandler
                0x08000b34                LPTIM1_IRQHandler
                0x08000b34                I2C4_ER_IRQHandler
                0x08000b34                DMA2_Stream6_IRQHandler
                0x08000b34                SAI1_IRQHandler
                0x08000b34                DMA1_Stream3_IRQHandler
 .text.HAL_Init
                0x08000b36       0x1a ./Drivers/STM32F7xx_HAL_Driver/Src/stm32f7xx_hal.o
                0x08000b36                HAL_Init
 .text.HAL_InitTick
                0x08000b50       0x60 ./Drivers/STM32F7xx_HAL_Driver/Src/stm32f7xx_hal.o
                0x08000b50                HAL_InitTick
 .text.HAL_IncTick
                0x08000bb0       0x28 ./Drivers/STM32F7xx_HAL_Driver/Src/stm32f7xx_hal.o
                0x08000bb0                HAL_IncTick
 .text.HAL_GetTick
                0x08000bd8       0x18 ./Drivers/STM32F7xx_HAL_Driver/Src/stm32f7xx_hal.o
                0x08000bd8                HAL_GetTick
 .text.HAL_Delay
                0x08000bf0       0x48 ./Drivers/STM32F7xx_HAL_Driver/Src/stm32f7xx_hal.o
                0x08000bf0                HAL_Delay
 .text.__NVIC_SetPriorityGrouping
                0x08000c38       0x48 ./Drivers/STM32F7xx_HAL_Driver/Src/stm32f7xx_hal_cortex.o
 .text.__NVIC_GetPriorityGrouping
                0x08000c80       0x1c ./Drivers/STM32F7xx_HAL_Driver/Src/stm32f7xx_hal_cortex.o
 .text.__NVIC_EnableIRQ
                0x08000c9c       0x3c ./Drivers/STM32F7xx_HAL_Driver/Src/stm32f7xx_hal_cortex.o
 .text.__NVIC_SetPriority
                0x08000cd8       0x54 ./Drivers/STM32F7xx_HAL_Driver/Src/stm32f7xx_hal_cortex.o
 .text.NVIC_EncodePriority
                0x08000d2c       0x66 ./Drivers/STM32F7xx_HAL_Driver/Src/stm32f7xx_hal_cortex.o
 *fill*         0x08000d92        0x2 
 .text.SysTick_Config
                0x08000d94       0x44 ./Drivers/STM32F7xx_HAL_Driver/Src/stm32f7xx_hal_cortex.o
 .text.HAL_NVIC_SetPriorityGrouping
                0x08000dd8       0x16 ./Drivers/STM32F7xx_HAL_Driver/Src/stm32f7xx_hal_cortex.o
                0x08000dd8                HAL_NVIC_SetPriorityGrouping
 .text.HAL_NVIC_SetPriority
                0x08000dee       0x38 ./Drivers/STM32F7xx_HAL_Driver/Src/stm32f7xx_hal_cortex.o
                0x08000dee                HAL_NVIC_SetPriority
 .text.HAL_NVIC_EnableIRQ
                0x08000e26       0x1c ./Drivers/STM32F7xx_HAL_Driver/Src/stm32f7xx_hal_cortex.o
                0x08000e26                HAL_NVIC_EnableIRQ
 .text.HAL_SYSTICK_Config
                0x08000e42       0x18 ./Drivers/STM32F7xx_HAL_Driver/Src/stm32f7xx_hal_cortex.o
                0x08000e42                HAL_SYSTICK_Config
 *fill*         0x08000e5a        0x2 
 .text.HAL_MPU_Disable
                0x08000e5c       0x30 ./Drivers/STM32F7xx_HAL_Driver/Src/stm32f7xx_hal_cortex.o
                0x08000e5c                HAL_MPU_Disable
 .text.HAL_MPU_Enable
                0x08000e8c       0x40 ./Drivers/STM32F7xx_HAL_Driver/Src/stm32f7xx_hal_cortex.o
                0x08000e8c                HAL_MPU_Enable
 .text.HAL_MPU_ConfigRegion
                0x08000ecc       0x80 ./Drivers/STM32F7xx_HAL_Driver/Src/stm32f7xx_hal_cortex.o
                0x08000ecc                HAL_MPU_ConfigRegion
 .text.HAL_GPIO_Init
                0x08000f4c      0x358 ./Drivers/STM32F7xx_HAL_Driver/Src/stm32f7xx_hal_gpio.o
                0x08000f4c                HAL_GPIO_Init
 .text.HAL_GPIO_WritePin
                0x080012a4       0x32 ./Drivers/STM32F7xx_HAL_Driver/Src/stm32f7xx_hal_gpio.o
                0x080012a4                HAL_GPIO_WritePin
 .text.HAL_GPIO_TogglePin
                0x080012d6       0x34 ./Drivers/STM32F7xx_HAL_Driver/Src/stm32f7xx_hal_gpio.o
                0x080012d6                HAL_GPIO_TogglePin
 *fill*         0x0800130a        0x2 
 .text.HAL_GPIO_EXTI_IRQHandler
                0x0800130c       0x30 ./Drivers/STM32F7xx_HAL_Driver/Src/stm32f7xx_hal_gpio.o
                0x0800130c                HAL_GPIO_EXTI_IRQHandler
 .text.HAL_PWREx_EnableOverDrive
                0x0800133c       0xa0 ./Drivers/STM32F7xx_HAL_Driver/Src/stm32f7xx_hal_pwr_ex.o
                0x0800133c                HAL_PWREx_EnableOverDrive
 .text.HAL_RCC_OscConfig
                0x080013dc      0x55c ./Drivers/STM32F7xx_HAL_Driver/Src/stm32f7xx_hal_rcc.o
                0x080013dc                HAL_RCC_OscConfig
 .text.HAL_RCC_ClockConfig
                0x08001938      0x1d8 ./Drivers/STM32F7xx_HAL_Driver/Src/stm32f7xx_hal_rcc.o
                0x08001938                HAL_RCC_ClockConfig
 .text.HAL_RCC_GetSysClockFreq
                0x08001b10      0x18c ./Drivers/STM32F7xx_HAL_Driver/Src/stm32f7xx_hal_rcc.o
                0x08001b10                HAL_RCC_GetSysClockFreq
 .text.HAL_RCC_GetHCLKFreq
                0x08001c9c       0x18 ./Drivers/STM32F7xx_HAL_Driver/Src/stm32f7xx_hal_rcc.o
                0x08001c9c                HAL_RCC_GetHCLKFreq
 .text.HAL_RCC_GetPCLK1Freq
                0x08001cb4       0x28 ./Drivers/STM32F7xx_HAL_Driver/Src/stm32f7xx_hal_rcc.o
                0x08001cb4                HAL_RCC_GetPCLK1Freq
 .text.HAL_RCC_GetPCLK2Freq
                0x08001cdc       0x28 ./Drivers/STM32F7xx_HAL_Driver/Src/stm32f7xx_hal_rcc.o
                0x08001cdc                HAL_RCC_GetPCLK2Freq
 .text.HAL_RCCEx_PeriphCLKConfig
                0x08001d04      0x850 ./Drivers/STM32F7xx_HAL_Driver/Src/stm32f7xx_hal_rcc_ex.o
                0x08001d04                HAL_RCCEx_PeriphCLKConfig
 .text.HAL_UART_Init
                0x08002554       0x9c ./Drivers/STM32F7xx_HAL_Driver/Src/stm32f7xx_hal_uart.o
                0x08002554                HAL_UART_Init
 .text.HAL_UART_Transmit
                0x080025f0      0x112 ./Drivers/STM32F7xx_HAL_Driver/Src/stm32f7xx_hal_uart.o
                0x080025f0                HAL_UART_Transmit
 *fill*         0x08002702        0x2 
 .text.UART_SetConfig
                0x08002704      0x4c8 ./Drivers/STM32F7xx_HAL_Driver/Src/stm32f7xx_hal_uart.o
                0x08002704                UART_SetConfig
 .text.UART_AdvFeatureConfig
                0x08002bcc      0x144 ./Drivers/STM32F7xx_HAL_Driver/Src/stm32f7xx_hal_uart.o
                0x08002bcc                UART_AdvFeatureConfig
 .text.UART_CheckIdleState
                0x08002d10      0x150 ./Drivers/STM32F7xx_HAL_Driver/Src/stm32f7xx_hal_uart.o
                0x08002d10                UART_CheckIdleState
 .text.UART_WaitOnFlagUntilTimeout
                0x08002e60       0xda ./Drivers/STM32F7xx_HAL_Driver/Src/stm32f7xx_hal_uart.o
                0x08002e60                UART_WaitOnFlagUntilTimeout
 .text.UART_EndRxTransfer
                0x08002f3a       0xc8 ./Drivers/STM32F7xx_HAL_Driver/Src/stm32f7xx_hal_uart.o
 .text.memset   0x08003002       0x10 E:/STM32CubeIDE_1.19.0/STM32CubeIDE/plugins/com.st.stm32cube.ide.mcu.externaltools.gnu-tools-for-stm32.13.3.rel1.win32_1.0.0.202411081344/tools/bin/../lib/gcc/arm-none-eabi/13.3.1/../../../../arm-none-eabi/lib/thumb/v7e-m+dp/hard\libc_nano.a(libc_a-memset.o)
                0x08003002                memset
 *fill*         0x08003012        0x2 
 .text.__libc_init_array
                0x08003014       0x48 E:/STM32CubeIDE_1.19.0/STM32CubeIDE/plugins/com.st.stm32cube.ide.mcu.externaltools.gnu-tools-for-stm32.13.3.rel1.win32_1.0.0.202411081344/tools/bin/../lib/gcc/arm-none-eabi/13.3.1/../../../../arm-none-eabi/lib/thumb/v7e-m+dp/hard\libc_nano.a(libc_a-init.o)
                0x08003014                __libc_init_array
 *(.glue_7)
 .glue_7        0x0800305c        0x0 linker stubs
 *(.glue_7t)
 .glue_7t       0x0800305c        0x0 linker stubs
 *(.eh_frame)
 .eh_frame      0x0800305c        0x0 E:/STM32CubeIDE_1.19.0/STM32CubeIDE/plugins/com.st.stm32cube.ide.mcu.externaltools.gnu-tools-for-stm32.13.3.rel1.win32_1.0.0.202411081344/tools/bin/../lib/gcc/arm-none-eabi/13.3.1/thumb/v7e-m+dp/hard/crtbegin.o
 *(.init)
 .init          0x0800305c        0x4 E:/STM32CubeIDE_1.19.0/STM32CubeIDE/plugins/com.st.stm32cube.ide.mcu.externaltools.gnu-tools-for-stm32.13.3.rel1.win32_1.0.0.202411081344/tools/bin/../lib/gcc/arm-none-eabi/13.3.1/thumb/v7e-m+dp/hard/crti.o
                0x0800305c                _init
 .init          0x08003060        0x8 E:/STM32CubeIDE_1.19.0/STM32CubeIDE/plugins/com.st.stm32cube.ide.mcu.externaltools.gnu-tools-for-stm32.13.3.rel1.win32_1.0.0.202411081344/tools/bin/../lib/gcc/arm-none-eabi/13.3.1/thumb/v7e-m+dp/hard/crtn.o
 *(.fini)
 .fini          0x08003068        0x4 E:/STM32CubeIDE_1.19.0/STM32CubeIDE/plugins/com.st.stm32cube.ide.mcu.externaltools.gnu-tools-for-stm32.13.3.rel1.win32_1.0.0.202411081344/tools/bin/../lib/gcc/arm-none-eabi/13.3.1/thumb/v7e-m+dp/hard/crti.o
                0x08003068                _fini
 .fini          0x0800306c        0x8 E:/STM32CubeIDE_1.19.0/STM32CubeIDE/plugins/com.st.stm32cube.ide.mcu.externaltools.gnu-tools-for-stm32.13.3.rel1.win32_1.0.0.202411081344/tools/bin/../lib/gcc/arm-none-eabi/13.3.1/thumb/v7e-m+dp/hard/crtn.o
                0x08003074                        . = ALIGN (0x4)
                0x08003074                        _etext = .

.vfp11_veneer   0x08003074        0x0
 .vfp11_veneer  0x08003074        0x0 linker stubs

.v4_bx          0x08003074        0x0
 .v4_bx         0x08003074        0x0 linker stubs

.iplt           0x08003074        0x0
 .iplt          0x08003074        0x0 E:/STM32CubeIDE_1.19.0/STM32CubeIDE/plugins/com.st.stm32cube.ide.mcu.externaltools.gnu-tools-for-stm32.13.3.rel1.win32_1.0.0.202411081344/tools/bin/../lib/gcc/arm-none-eabi/13.3.1/thumb/v7e-m+dp/hard/crtbegin.o

.rodata         0x08003074       0x28
                0x08003074                        . = ALIGN (0x4)
 *(.rodata)
 .rodata        0x08003074        0xe ./Core/Src/main.o
 *(.rodata*)
 *fill*         0x08003082        0x2 
 .rodata.AHBPrescTable
                0x08003084       0x10 ./Core/Src/system_stm32f7xx.o
                0x08003084                AHBPrescTable
 .rodata.APBPrescTable
                0x08003094        0x8 ./Core/Src/system_stm32f7xx.o
                0x08003094                APBPrescTable
                0x0800309c                        . = ALIGN (0x4)

.ARM.extab      0x0800309c        0x0
                0x0800309c                        . = ALIGN (0x4)
 *(.ARM.extab* .gnu.linkonce.armextab.*)
                0x0800309c                        . = ALIGN (0x4)

.ARM            0x0800309c        0x8
                0x0800309c                        . = ALIGN (0x4)
                0x0800309c                        __exidx_start = .
 *(.ARM.exidx*)
 .ARM.exidx     0x0800309c        0x8 E:/STM32CubeIDE_1.19.0/STM32CubeIDE/plugins/com.st.stm32cube.ide.mcu.externaltools.gnu-tools-for-stm32.13.3.rel1.win32_1.0.0.202411081344/tools/bin/../lib/gcc/arm-none-eabi/13.3.1/thumb/v7e-m+dp/hard\libgcc.a(_udivmoddi4.o)
                0x080030a4                        __exidx_end = .
                0x080030a4                        . = ALIGN (0x4)

.preinit_array  0x080030a4        0x0
                0x080030a4                        . = ALIGN (0x4)
                0x080030a4                        PROVIDE (__preinit_array_start = .)
 *(.preinit_array*)
                0x080030a4                        PROVIDE (__preinit_array_end = .)
                0x080030a4                        . = ALIGN (0x4)

.init_array     0x080030a4        0x4
                0x080030a4                        . = ALIGN (0x4)
                0x080030a4                        PROVIDE (__init_array_start = .)
 *(SORT_BY_NAME(.init_array.*))
 *(.init_array*)
 .init_array    0x080030a4        0x4 E:/STM32CubeIDE_1.19.0/STM32CubeIDE/plugins/com.st.stm32cube.ide.mcu.externaltools.gnu-tools-for-stm32.13.3.rel1.win32_1.0.0.202411081344/tools/bin/../lib/gcc/arm-none-eabi/13.3.1/thumb/v7e-m+dp/hard/crtbegin.o
                0x080030a8                        PROVIDE (__init_array_end = .)
                0x080030a8                        . = ALIGN (0x4)

.fini_array     0x080030a8        0x4
                0x080030a8                        . = ALIGN (0x4)
                [!provide]                        PROVIDE (__fini_array_start = .)
 *(SORT_BY_NAME(.fini_array.*))
 *(.fini_array*)
 .fini_array    0x080030a8        0x4 E:/STM32CubeIDE_1.19.0/STM32CubeIDE/plugins/com.st.stm32cube.ide.mcu.externaltools.gnu-tools-for-stm32.13.3.rel1.win32_1.0.0.202411081344/tools/bin/../lib/gcc/arm-none-eabi/13.3.1/thumb/v7e-m+dp/hard/crtbegin.o
                [!provide]                        PROVIDE (__fini_array_end = .)
                0x080030ac                        . = ALIGN (0x4)
                0x080030ac                        _sidata = LOADADDR (.data)

.rel.dyn        0x080030ac        0x0
 .rel.iplt      0x080030ac        0x0 E:/STM32CubeIDE_1.19.0/STM32CubeIDE/plugins/com.st.stm32cube.ide.mcu.externaltools.gnu-tools-for-stm32.13.3.rel1.win32_1.0.0.202411081344/tools/bin/../lib/gcc/arm-none-eabi/13.3.1/thumb/v7e-m+dp/hard/crtbegin.o

.data           0x20000000        0xc load address 0x080030ac
                0x20000000                        . = ALIGN (0x4)
                0x20000000                        _sdata = .
 *(.data)
 *(.data*)
 .data.SystemCoreClock
                0x20000000        0x4 ./Core/Src/system_stm32f7xx.o
                0x20000000                SystemCoreClock
 .data.uwTickPrio
                0x20000004        0x4 ./Drivers/STM32F7xx_HAL_Driver/Src/stm32f7xx_hal.o
                0x20000004                uwTickPrio
 .data.uwTickFreq
                0x20000008        0x1 ./Drivers/STM32F7xx_HAL_Driver/Src/stm32f7xx_hal.o
                0x20000008                uwTickFreq
 *(.RamFunc)
 *(.RamFunc*)
                0x2000000c                        . = ALIGN (0x4)
 *fill*         0x20000009        0x3 
                0x2000000c                        _edata = .

.igot.plt       0x2000000c        0x0 load address 0x080030b8
 .igot.plt      0x2000000c        0x0 E:/STM32CubeIDE_1.19.0/STM32CubeIDE/plugins/com.st.stm32cube.ide.mcu.externaltools.gnu-tools-for-stm32.13.3.rel1.win32_1.0.0.202411081344/tools/bin/../lib/gcc/arm-none-eabi/13.3.1/thumb/v7e-m+dp/hard/crtbegin.o
                0x2000000c                        . = ALIGN (0x4)

.bss            0x2000000c       0xb0 load address 0x080030b8
                0x2000000c                        _sbss = .
                0x2000000c                        __bss_start__ = _sbss
 *(.bss)
 .bss           0x2000000c       0x1c E:/STM32CubeIDE_1.19.0/STM32CubeIDE/plugins/com.st.stm32cube.ide.mcu.externaltools.gnu-tools-for-stm32.13.3.rel1.win32_1.0.0.202411081344/tools/bin/../lib/gcc/arm-none-eabi/13.3.1/thumb/v7e-m+dp/hard/crtbegin.o
 *(.bss*)
 .bss.lastTickButton13
                0x20000028        0x4 ./Core/Src/main.o
                0x20000028                lastTickButton13
 .bss.lastTickButton0
                0x2000002c        0x4 ./Core/Src/main.o
                0x2000002c                lastTickButton0
 .bss.huart3    0x20000030       0x88 ./Core/Src/usart.o
                0x20000030                huart3
 .bss.uwTick    0x200000b8        0x4 ./Drivers/STM32F7xx_HAL_Driver/Src/stm32f7xx_hal.o
                0x200000b8                uwTick
 *(COMMON)
                0x200000bc                        . = ALIGN (0x4)
                0x200000bc                        _ebss = .
                0x200000bc                        __bss_end__ = _ebss

._user_heap_stack
                0x200000bc      0x604 load address 0x080030b8
                0x200000c0                        . = ALIGN (0x8)
 *fill*         0x200000bc        0x4 
                [!provide]                        PROVIDE (end = .)
                0x200000c0                        PROVIDE (_end = .)
                0x200002c0                        . = (. + _Min_Heap_Size)
 *fill*         0x200000c0      0x200 
                0x200006c0                        . = (. + _Min_Stack_Size)
 *fill*         0x200002c0      0x400 
                0x200006c0                        . = ALIGN (0x8)

/DISCARD/
 libc.a(*)
 libm.a(*)
 libgcc.a(*)

.ARM.attributes
                0x00000000       0x2e
 *(.ARM.attributes)
 .ARM.attributes
                0x00000000       0x20 E:/STM32CubeIDE_1.19.0/STM32CubeIDE/plugins/com.st.stm32cube.ide.mcu.externaltools.gnu-tools-for-stm32.13.3.rel1.win32_1.0.0.202411081344/tools/bin/../lib/gcc/arm-none-eabi/13.3.1/thumb/v7e-m+dp/hard/crti.o
 .ARM.attributes
                0x00000020       0x32 E:/STM32CubeIDE_1.19.0/STM32CubeIDE/plugins/com.st.stm32cube.ide.mcu.externaltools.gnu-tools-for-stm32.13.3.rel1.win32_1.0.0.202411081344/tools/bin/../lib/gcc/arm-none-eabi/13.3.1/thumb/v7e-m+dp/hard/crtbegin.o
 .ARM.attributes
                0x00000052       0x32 ./Core/Src/gpio.o
 .ARM.attributes
                0x00000084       0x32 ./Core/Src/main.o
 .ARM.attributes
                0x000000b6       0x32 ./Core/Src/stm32f7xx_hal_msp.o
 .ARM.attributes
                0x000000e8       0x32 ./Core/Src/stm32f7xx_it.o
 .ARM.attributes
                0x0000011a       0x32 ./Core/Src/system_stm32f7xx.o
 .ARM.attributes
                0x0000014c       0x32 ./Core/Src/usart.o
 .ARM.attributes
                0x0000017e       0x21 ./Core/Startup/startup_stm32f767zitx.o
 .ARM.attributes
                0x0000019f       0x32 ./Drivers/STM32F7xx_HAL_Driver/Src/stm32f7xx_hal.o
 .ARM.attributes
                0x000001d1       0x32 ./Drivers/STM32F7xx_HAL_Driver/Src/stm32f7xx_hal_cortex.o
 .ARM.attributes
                0x00000203       0x32 ./Drivers/STM32F7xx_HAL_Driver/Src/stm32f7xx_hal_gpio.o
 .ARM.attributes
                0x00000235       0x32 ./Drivers/STM32F7xx_HAL_Driver/Src/stm32f7xx_hal_pwr_ex.o
 .ARM.attributes
                0x00000267       0x32 ./Drivers/STM32F7xx_HAL_Driver/Src/stm32f7xx_hal_rcc.o
 .ARM.attributes
                0x00000299       0x32 ./Drivers/STM32F7xx_HAL_Driver/Src/stm32f7xx_hal_rcc_ex.o
 .ARM.attributes
                0x000002cb       0x32 ./Drivers/STM32F7xx_HAL_Driver/Src/stm32f7xx_hal_uart.o
 .ARM.attributes
                0x000002fd       0x32 E:/STM32CubeIDE_1.19.0/STM32CubeIDE/plugins/com.st.stm32cube.ide.mcu.externaltools.gnu-tools-for-stm32.13.3.rel1.win32_1.0.0.202411081344/tools/bin/../lib/gcc/arm-none-eabi/13.3.1/../../../../arm-none-eabi/lib/thumb/v7e-m+dp/hard\libc_nano.a(libc_a-memset.o)
 .ARM.attributes
                0x0000032f       0x32 E:/STM32CubeIDE_1.19.0/STM32CubeIDE/plugins/com.st.stm32cube.ide.mcu.externaltools.gnu-tools-for-stm32.13.3.rel1.win32_1.0.0.202411081344/tools/bin/../lib/gcc/arm-none-eabi/13.3.1/../../../../arm-none-eabi/lib/thumb/v7e-m+dp/hard\libc_nano.a(libc_a-init.o)
 .ARM.attributes
                0x00000361       0x20 E:/STM32CubeIDE_1.19.0/STM32CubeIDE/plugins/com.st.stm32cube.ide.mcu.externaltools.gnu-tools-for-stm32.13.3.rel1.win32_1.0.0.202411081344/tools/bin/../lib/gcc/arm-none-eabi/13.3.1/thumb/v7e-m+dp/hard\libgcc.a(_aeabi_uldivmod.o)
 .ARM.attributes
                0x00000381       0x32 E:/STM32CubeIDE_1.19.0/STM32CubeIDE/plugins/com.st.stm32cube.ide.mcu.externaltools.gnu-tools-for-stm32.13.3.rel1.win32_1.0.0.202411081344/tools/bin/../lib/gcc/arm-none-eabi/13.3.1/thumb/v7e-m+dp/hard\libgcc.a(_udivmoddi4.o)
 .ARM.attributes
                0x000003b3       0x20 E:/STM32CubeIDE_1.19.0/STM32CubeIDE/plugins/com.st.stm32cube.ide.mcu.externaltools.gnu-tools-for-stm32.13.3.rel1.win32_1.0.0.202411081344/tools/bin/../lib/gcc/arm-none-eabi/13.3.1/thumb/v7e-m+dp/hard\libgcc.a(_dvmd_tls.o)
 .ARM.attributes
                0x000003d3       0x20 E:/STM32CubeIDE_1.19.0/STM32CubeIDE/plugins/com.st.stm32cube.ide.mcu.externaltools.gnu-tools-for-stm32.13.3.rel1.win32_1.0.0.202411081344/tools/bin/../lib/gcc/arm-none-eabi/13.3.1/thumb/v7e-m+dp/hard/crtn.o
OUTPUT(lab04.elf elf32-littlearm)
LOAD linker stubs
LOAD E:/STM32CubeIDE_1.19.0/STM32CubeIDE/plugins/com.st.stm32cube.ide.mcu.externaltools.gnu-tools-for-stm32.13.3.rel1.win32_1.0.0.202411081344/tools/bin/../lib/gcc/arm-none-eabi/13.3.1/../../../../arm-none-eabi/lib/thumb/v7e-m+dp/hard\libc.a
LOAD E:/STM32CubeIDE_1.19.0/STM32CubeIDE/plugins/com.st.stm32cube.ide.mcu.externaltools.gnu-tools-for-stm32.13.3.rel1.win32_1.0.0.202411081344/tools/bin/../lib/gcc/arm-none-eabi/13.3.1/../../../../arm-none-eabi/lib/thumb/v7e-m+dp/hard\libm.a
LOAD E:/STM32CubeIDE_1.19.0/STM32CubeIDE/plugins/com.st.stm32cube.ide.mcu.externaltools.gnu-tools-for-stm32.13.3.rel1.win32_1.0.0.202411081344/tools/bin/../lib/gcc/arm-none-eabi/13.3.1/thumb/v7e-m+dp/hard\libgcc.a

.debug_info     0x00000000     0xa126
 .debug_info    0x00000000      0x728 ./Core/Src/gpio.o
 .debug_info    0x00000728      0xd5b ./Core/Src/main.o
 .debug_info    0x00001483      0x2a0 ./Core/Src/stm32f7xx_hal_msp.o
 .debug_info    0x00001723      0x15a ./Core/Src/stm32f7xx_it.o
 .debug_info    0x0000187d      0x6ed ./Core/Src/system_stm32f7xx.o
 .debug_info    0x00001f6a      0xc81 ./Core/Src/usart.o
 .debug_info    0x00002beb       0x30 ./Core/Startup/startup_stm32f767zitx.o
 .debug_info    0x00002c1b      0xa4c ./Drivers/STM32F7xx_HAL_Driver/Src/stm32f7xx_hal.o
 .debug_info    0x00003667      0xfc0 ./Drivers/STM32F7xx_HAL_Driver/Src/stm32f7xx_hal_cortex.o
 .debug_info    0x00004627      0x6f3 ./Drivers/STM32F7xx_HAL_Driver/Src/stm32f7xx_hal_gpio.o
 .debug_info    0x00004d1a      0x8cd ./Drivers/STM32F7xx_HAL_Driver/Src/stm32f7xx_hal_pwr_ex.o
 .debug_info    0x000055e7      0x94b ./Drivers/STM32F7xx_HAL_Driver/Src/stm32f7xx_hal_rcc.o
 .debug_info    0x00005f32      0x6e1 ./Drivers/STM32F7xx_HAL_Driver/Src/stm32f7xx_hal_rcc_ex.o
 .debug_info    0x00006613     0x3b13 ./Drivers/STM32F7xx_HAL_Driver/Src/stm32f7xx_hal_uart.o

.debug_abbrev   0x00000000     0x1977
 .debug_abbrev  0x00000000      0x174 ./Core/Src/gpio.o
 .debug_abbrev  0x00000174      0x2b0 ./Core/Src/main.o
 .debug_abbrev  0x00000424       0xf4 ./Core/Src/stm32f7xx_hal_msp.o
 .debug_abbrev  0x00000518       0xa0 ./Core/Src/stm32f7xx_it.o
 .debug_abbrev  0x000005b8      0x13b ./Core/Src/system_stm32f7xx.o
 .debug_abbrev  0x000006f3      0x1f9 ./Core/Src/usart.o
 .debug_abbrev  0x000008ec       0x24 ./Core/Startup/startup_stm32f767zitx.o
 .debug_abbrev  0x00000910      0x213 ./Drivers/STM32F7xx_HAL_Driver/Src/stm32f7xx_hal.o
 .debug_abbrev  0x00000b23      0x31e ./Drivers/STM32F7xx_HAL_Driver/Src/stm32f7xx_hal_cortex.o
 .debug_abbrev  0x00000e41      0x1d4 ./Drivers/STM32F7xx_HAL_Driver/Src/stm32f7xx_hal_gpio.o
 .debug_abbrev  0x00001015      0x1d5 ./Drivers/STM32F7xx_HAL_Driver/Src/stm32f7xx_hal_pwr_ex.o
 .debug_abbrev  0x000011ea      0x2de ./Drivers/STM32F7xx_HAL_Driver/Src/stm32f7xx_hal_rcc.o
 .debug_abbrev  0x000014c8      0x1c9 ./Drivers/STM32F7xx_HAL_Driver/Src/stm32f7xx_hal_rcc_ex.o
 .debug_abbrev  0x00001691      0x2e6 ./Drivers/STM32F7xx_HAL_Driver/Src/stm32f7xx_hal_uart.o

.debug_aranges  0x00000000      0x788
 .debug_aranges
                0x00000000       0x20 ./Core/Src/gpio.o
 .debug_aranges
                0x00000020       0x40 ./Core/Src/main.o
 .debug_aranges
                0x00000060       0x20 ./Core/Src/stm32f7xx_hal_msp.o
 .debug_aranges
                0x00000080       0x70 ./Core/Src/stm32f7xx_it.o
 .debug_aranges
                0x000000f0       0x28 ./Core/Src/system_stm32f7xx.o
 .debug_aranges
                0x00000118       0x30 ./Core/Src/usart.o
 .debug_aranges
                0x00000148       0x28 ./Core/Startup/startup_stm32f767zitx.o
 .debug_aranges
                0x00000170      0x110 ./Drivers/STM32F7xx_HAL_Driver/Src/stm32f7xx_hal.o
 .debug_aranges
                0x00000280      0x128 ./Drivers/STM32F7xx_HAL_Driver/Src/stm32f7xx_hal_cortex.o
 .debug_aranges
                0x000003a8       0x58 ./Drivers/STM32F7xx_HAL_Driver/Src/stm32f7xx_hal_gpio.o
 .debug_aranges
                0x00000400       0x80 ./Drivers/STM32F7xx_HAL_Driver/Src/stm32f7xx_hal_pwr_ex.o
 .debug_aranges
                0x00000480       0x88 ./Drivers/STM32F7xx_HAL_Driver/Src/stm32f7xx_hal_rcc.o
 .debug_aranges
                0x00000508       0x50 ./Drivers/STM32F7xx_HAL_Driver/Src/stm32f7xx_hal_rcc_ex.o
 .debug_aranges
                0x00000558      0x230 ./Drivers/STM32F7xx_HAL_Driver/Src/stm32f7xx_hal_uart.o

.debug_rnglists
                0x00000000      0x5b8
 .debug_rnglists
                0x00000000       0x14 ./Core/Src/gpio.o
 .debug_rnglists
                0x00000014       0x2d ./Core/Src/main.o
 .debug_rnglists
                0x00000041       0x13 ./Core/Src/stm32f7xx_hal_msp.o
 .debug_rnglists
                0x00000054       0x4f ./Core/Src/stm32f7xx_it.o
 .debug_rnglists
                0x000000a3       0x1a ./Core/Src/system_stm32f7xx.o
 .debug_rnglists
                0x000000bd       0x20 ./Core/Src/usart.o
 .debug_rnglists
                0x000000dd       0x19 ./Core/Startup/startup_stm32f767zitx.o
 .debug_rnglists
                0x000000f6       0xc7 ./Drivers/STM32F7xx_HAL_Driver/Src/stm32f7xx_hal.o
 .debug_rnglists
                0x000001bd       0xda ./Drivers/STM32F7xx_HAL_Driver/Src/stm32f7xx_hal_cortex.o
 .debug_rnglists
                0x00000297       0x3f ./Drivers/STM32F7xx_HAL_Driver/Src/stm32f7xx_hal_gpio.o
 .debug_rnglists
                0x000002d6       0x5f ./Drivers/STM32F7xx_HAL_Driver/Src/stm32f7xx_hal_pwr_ex.o
 .debug_rnglists
                0x00000335       0x67 ./Drivers/STM32F7xx_HAL_Driver/Src/stm32f7xx_hal_rcc.o
 .debug_rnglists
                0x0000039c       0x3c ./Drivers/STM32F7xx_HAL_Driver/Src/stm32f7xx_hal_rcc_ex.o
 .debug_rnglists
                0x000003d8      0x1e0 ./Drivers/STM32F7xx_HAL_Driver/Src/stm32f7xx_hal_uart.o

.debug_macro    0x00000000    0x26271
 .debug_macro   0x00000000      0x1e3 ./Core/Src/gpio.o
 .debug_macro   0x000001e3      0xaf0 ./Core/Src/gpio.o
 .debug_macro   0x00000cd3      0x28d ./Core/Src/gpio.o
 .debug_macro   0x00000f60       0x2e ./Core/Src/gpio.o
 .debug_macro   0x00000f8e       0x3b ./Core/Src/gpio.o
 .debug_macro   0x00000fc9       0x22 ./Core/Src/gpio.o
 .debug_macro   0x00000feb       0x8e ./Core/Src/gpio.o
 .debug_macro   0x00001079       0x51 ./Core/Src/gpio.o
 .debug_macro   0x000010ca      0x103 ./Core/Src/gpio.o
 .debug_macro   0x000011cd       0x6a ./Core/Src/gpio.o
 .debug_macro   0x00001237      0x1df ./Core/Src/gpio.o
 .debug_macro   0x00001416       0x1c ./Core/Src/gpio.o
 .debug_macro   0x00001432       0x22 ./Core/Src/gpio.o
 .debug_macro   0x00001454       0xd9 ./Core/Src/gpio.o
 .debug_macro   0x0000152d     0x12cd ./Core/Src/gpio.o
 .debug_macro   0x000027fa      0x11f ./Core/Src/gpio.o
 .debug_macro   0x00002919       0x19 ./Core/Src/gpio.o
 .debug_macro   0x00002932    0x1aa23 ./Core/Src/gpio.o
 .debug_macro   0x0001d355       0x6d ./Core/Src/gpio.o
 .debug_macro   0x0001d3c2     0x375e ./Core/Src/gpio.o
 .debug_macro   0x00020b20      0x190 ./Core/Src/gpio.o
 .debug_macro   0x00020cb0       0x63 ./Core/Src/gpio.o
 .debug_macro   0x00020d13     0x1add ./Core/Src/gpio.o
 .debug_macro   0x000227f0      0x6c4 ./Core/Src/gpio.o
 .debug_macro   0x00022eb4      0x18b ./Core/Src/gpio.o
 .debug_macro   0x0002303f      0x115 ./Core/Src/gpio.o
 .debug_macro   0x00023154      0x26e ./Core/Src/gpio.o
 .debug_macro   0x000233c2       0xa5 ./Core/Src/gpio.o
 .debug_macro   0x00023467      0x24f ./Core/Src/gpio.o
 .debug_macro   0x000236b6       0x71 ./Core/Src/gpio.o
 .debug_macro   0x00023727       0x58 ./Core/Src/gpio.o
 .debug_macro   0x0002377f      0x236 ./Core/Src/gpio.o
 .debug_macro   0x000239b5      0x14e ./Core/Src/gpio.o
 .debug_macro   0x00023b03      0x3db ./Core/Src/gpio.o
 .debug_macro   0x00023ede       0x12 ./Core/Src/gpio.o
 .debug_macro   0x00023ef0      0x22c ./Core/Src/gpio.o
 .debug_macro   0x0002411c       0x61 ./Core/Src/gpio.o
 .debug_macro   0x0002417d       0xa5 ./Core/Src/gpio.o
 .debug_macro   0x00024222      0x12e ./Core/Src/gpio.o
 .debug_macro   0x00024350      0x108 ./Core/Src/gpio.o
 .debug_macro   0x00024458       0x35 ./Core/Src/gpio.o
 .debug_macro   0x0002448d      0x5ba ./Core/Src/gpio.o
 .debug_macro   0x00024a47       0x44 ./Core/Src/gpio.o
 .debug_macro   0x00024a8b      0x15b ./Core/Src/gpio.o
 .debug_macro   0x00024be6      0x1f1 ./Core/Src/main.o
 .debug_macro   0x00024dd7      0x1d9 ./Core/Src/stm32f7xx_hal_msp.o
 .debug_macro   0x00024fb0      0x1e3 ./Core/Src/stm32f7xx_it.o
 .debug_macro   0x00025193      0x1cf ./Core/Src/system_stm32f7xx.o
 .debug_macro   0x00025362      0x1e3 ./Core/Src/usart.o
 .debug_macro   0x00025545      0x1f3 ./Drivers/STM32F7xx_HAL_Driver/Src/stm32f7xx_hal.o
 .debug_macro   0x00025738      0x1cf ./Drivers/STM32F7xx_HAL_Driver/Src/stm32f7xx_hal_cortex.o
 .debug_macro   0x00025907      0x1d5 ./Drivers/STM32F7xx_HAL_Driver/Src/stm32f7xx_hal_gpio.o
 .debug_macro   0x00025adc      0x1e7 ./Drivers/STM32F7xx_HAL_Driver/Src/stm32f7xx_hal_pwr_ex.o
 .debug_macro   0x00025cc3      0x1f3 ./Drivers/STM32F7xx_HAL_Driver/Src/stm32f7xx_hal_rcc.o
 .debug_macro   0x00025eb6      0x1cf ./Drivers/STM32F7xx_HAL_Driver/Src/stm32f7xx_hal_rcc_ex.o
 .debug_macro   0x00026085      0x1ec ./Drivers/STM32F7xx_HAL_Driver/Src/stm32f7xx_hal_uart.o

.debug_line     0x00000000     0xa80c
 .debug_line    0x00000000      0x75c ./Core/Src/gpio.o
 .debug_line    0x0000075c      0x88d ./Core/Src/main.o
 .debug_line    0x00000fe9      0x735 ./Core/Src/stm32f7xx_hal_msp.o
 .debug_line    0x0000171e      0x813 ./Core/Src/stm32f7xx_it.o
 .debug_line    0x00001f31      0x7a8 ./Core/Src/system_stm32f7xx.o
 .debug_line    0x000026d9      0x7be ./Core/Src/usart.o
 .debug_line    0x00002e97       0x7a ./Core/Startup/startup_stm32f767zitx.o
 .debug_line    0x00002f11      0xa8b ./Drivers/STM32F7xx_HAL_Driver/Src/stm32f7xx_hal.o
 .debug_line    0x0000399c      0xcdb ./Drivers/STM32F7xx_HAL_Driver/Src/stm32f7xx_hal_cortex.o
 .debug_line    0x00004677      0xbb5 ./Drivers/STM32F7xx_HAL_Driver/Src/stm32f7xx_hal_gpio.o
 .debug_line    0x0000522c      0xa2b ./Drivers/STM32F7xx_HAL_Driver/Src/stm32f7xx_hal_pwr_ex.o
 .debug_line    0x00005c57      0xf90 ./Drivers/STM32F7xx_HAL_Driver/Src/stm32f7xx_hal_rcc.o
 .debug_line    0x00006be7      0xede ./Drivers/STM32F7xx_HAL_Driver/Src/stm32f7xx_hal_rcc_ex.o
 .debug_line    0x00007ac5     0x2d47 ./Drivers/STM32F7xx_HAL_Driver/Src/stm32f7xx_hal_uart.o

.debug_str      0x00000000    0xed47d
 .debug_str     0x00000000    0xed47d ./Core/Src/gpio.o
                              0xeb801 (size before relaxing)
 .debug_str     0x000ed47d    0xeb8fe ./Core/Src/main.o
 .debug_str     0x000ed47d    0xeb0e2 ./Core/Src/stm32f7xx_hal_msp.o
 .debug_str     0x000ed47d    0xeb081 ./Core/Src/stm32f7xx_it.o
 .debug_str     0x000ed47d    0xeb23e ./Core/Src/system_stm32f7xx.o
 .debug_str     0x000ed47d    0xeb94f ./Core/Src/usart.o
 .debug_str     0x000ed47d       0x60 ./Core/Startup/startup_stm32f767zitx.o
 .debug_str     0x000ed47d    0xebc7e ./Drivers/STM32F7xx_HAL_Driver/Src/stm32f7xx_hal.o
 .debug_str     0x000ed47d    0xebc60 ./Drivers/STM32F7xx_HAL_Driver/Src/stm32f7xx_hal_cortex.o
 .debug_str     0x000ed47d    0xeb2fc ./Drivers/STM32F7xx_HAL_Driver/Src/stm32f7xx_hal_gpio.o
 .debug_str     0x000ed47d    0xeb4ad ./Drivers/STM32F7xx_HAL_Driver/Src/stm32f7xx_hal_pwr_ex.o
 .debug_str     0x000ed47d    0xeb5b9 ./Drivers/STM32F7xx_HAL_Driver/Src/stm32f7xx_hal_rcc.o
 .debug_str     0x000ed47d    0xeb51c ./Drivers/STM32F7xx_HAL_Driver/Src/stm32f7xx_hal_rcc_ex.o
 .debug_str     0x000ed47d    0xebf07 ./Drivers/STM32F7xx_HAL_Driver/Src/stm32f7xx_hal_uart.o

.comment        0x00000000       0x43
 .comment       0x00000000       0x43 ./Core/Src/gpio.o
                                 0x44 (size before relaxing)
 .comment       0x00000043       0x44 ./Core/Src/main.o
 .comment       0x00000043       0x44 ./Core/Src/stm32f7xx_hal_msp.o
 .comment       0x00000043       0x44 ./Core/Src/stm32f7xx_it.o
 .comment       0x00000043       0x44 ./Core/Src/system_stm32f7xx.o
 .comment       0x00000043       0x44 ./Core/Src/usart.o
 .comment       0x00000043       0x44 ./Drivers/STM32F7xx_HAL_Driver/Src/stm32f7xx_hal.o
 .comment       0x00000043       0x44 ./Drivers/STM32F7xx_HAL_Driver/Src/stm32f7xx_hal_cortex.o
 .comment       0x00000043       0x44 ./Drivers/STM32F7xx_HAL_Driver/Src/stm32f7xx_hal_gpio.o
 .comment       0x00000043       0x44 ./Drivers/STM32F7xx_HAL_Driver/Src/stm32f7xx_hal_pwr_ex.o
 .comment       0x00000043       0x44 ./Drivers/STM32F7xx_HAL_Driver/Src/stm32f7xx_hal_rcc.o
 .comment       0x00000043       0x44 ./Drivers/STM32F7xx_HAL_Driver/Src/stm32f7xx_hal_rcc_ex.o
 .comment       0x00000043       0x44 ./Drivers/STM32F7xx_HAL_Driver/Src/stm32f7xx_hal_uart.o

.debug_frame    0x00000000     0x1ce0
 .debug_frame   0x00000000       0x34 ./Core/Src/gpio.o
 .debug_frame   0x00000034       0xb0 ./Core/Src/main.o
 .debug_frame   0x000000e4       0x34 ./Core/Src/stm32f7xx_hal_msp.o
 .debug_frame   0x00000118      0x13c ./Core/Src/stm32f7xx_it.o
 .debug_frame   0x00000254       0x58 ./Core/Src/system_stm32f7xx.o
 .debug_frame   0x000002ac       0x78 ./Core/Src/usart.o
 .debug_frame   0x00000324      0x3f4 ./Drivers/STM32F7xx_HAL_Driver/Src/stm32f7xx_hal.o
 .debug_frame   0x00000718      0x4e8 ./Drivers/STM32F7xx_HAL_Driver/Src/stm32f7xx_hal_cortex.o
 .debug_frame   0x00000c00      0x14c ./Drivers/STM32F7xx_HAL_Driver/Src/stm32f7xx_hal_gpio.o
 .debug_frame   0x00000d4c      0x1c8 ./Drivers/STM32F7xx_HAL_Driver/Src/stm32f7xx_hal_pwr_ex.o
 .debug_frame   0x00000f14      0x1f8 ./Drivers/STM32F7xx_HAL_Driver/Src/stm32f7xx_hal_rcc.o
 .debug_frame   0x0000110c      0x118 ./Drivers/STM32F7xx_HAL_Driver/Src/stm32f7xx_hal_rcc_ex.o
 .debug_frame   0x00001224      0xa10 ./Drivers/STM32F7xx_HAL_Driver/Src/stm32f7xx_hal_uart.o
 .debug_frame   0x00001c34       0x20 E:/STM32CubeIDE_1.19.0/STM32CubeIDE/plugins/com.st.stm32cube.ide.mcu.externaltools.gnu-tools-for-stm32.13.3.rel1.win32_1.0.0.202411081344/tools/bin/../lib/gcc/arm-none-eabi/13.3.1/../../../../arm-none-eabi/lib/thumb/v7e-m+dp/hard\libc_nano.a(libc_a-memset.o)
 .debug_frame   0x00001c54       0x2c E:/STM32CubeIDE_1.19.0/STM32CubeIDE/plugins/com.st.stm32cube.ide.mcu.externaltools.gnu-tools-for-stm32.13.3.rel1.win32_1.0.0.202411081344/tools/bin/../lib/gcc/arm-none-eabi/13.3.1/../../../../arm-none-eabi/lib/thumb/v7e-m+dp/hard\libc_nano.a(libc_a-init.o)
 .debug_frame   0x00001c80       0x2c E:/STM32CubeIDE_1.19.0/STM32CubeIDE/plugins/com.st.stm32cube.ide.mcu.externaltools.gnu-tools-for-stm32.13.3.rel1.win32_1.0.0.202411081344/tools/bin/../lib/gcc/arm-none-eabi/13.3.1/thumb/v7e-m+dp/hard\libgcc.a(_aeabi_uldivmod.o)
 .debug_frame   0x00001cac       0x34 E:/STM32CubeIDE_1.19.0/STM32CubeIDE/plugins/com.st.stm32cube.ide.mcu.externaltools.gnu-tools-for-stm32.13.3.rel1.win32_1.0.0.202411081344/tools/bin/../lib/gcc/arm-none-eabi/13.3.1/thumb/v7e-m+dp/hard\libgcc.a(_udivmoddi4.o)

.debug_line_str
                0x00000000       0x44
 .debug_line_str
                0x00000000       0x44 ./Core/Startup/startup_stm32f767zitx.o
