../Drivers/CMSIS/Include/core_cm7.h:2229:22:SCB_EnableICache	1
../Drivers/CMSIS/Include/core_cm7.h:2281:22:SCB_EnableDCache	3
../Core/Src/main.c:183:6:ILI9341_Draw_PartImage	2
../Core/Src/main.c:194:10:CRC16_2	4
../Core/Src/main.c:210:10:RGB565	1
../Core/Src/main.c:215:10:LightenColor	2
../Core/Src/main.c:233:6:ShowColor	1
../Core/Src/main.c:243:6:ShowTemperture	1
../Core/Src/main.c:253:6:DisplayMenu	1
../Core/Src/main.c:262:6:UpdateColor	1
../Core/Src/main.c:268:6:DisplayProfile	1
../Core/Src/main.c:290:5:main	20
../Core/Src/main.c:451:6:SystemClock_Config	4
../Core/Src/main.c:512:6:Error_Handler	1
