../Drivers/CMSIS/Include/core_cm7.h:2229:22:SCB_EnableICache	1
../Drivers/CMSIS/Include/core_cm7.h:2281:22:SCB_EnableDCache	3
../Core/Src/main.c:184:6:ILI9341_Draw_PartImage	2
../Core/Src/main.c:195:10:CRC16_2	4
../Core/Src/main.c:211:10:RGB565	1
../Core/Src/main.c:216:10:LightenColor	2
../Core/Src/main.c:234:6:ShowColor	1
../Core/Src/main.c:244:6:ShowTemperture	1
../Core/Src/main.c:254:6:DisplayMenu	1
../Core/Src/main.c:263:6:UpdateColor	1
../Core/Src/main.c:269:6:DisplayProfile	1
../Core/Src/main.c:291:5:main	20
../Core/Src/main.c:450:6:SystemClock_Config	4
../Core/Src/main.c:511:6:Error_Handler	1
