../Drivers/CMSIS/Include/core_cm7.h:2229:22:SCB_EnableICache	4	static,ignoring_inline_asm
../Drivers/CMSIS/Include/core_cm7.h:2281:22:SCB_EnableDCache	24	static,ignoring_inline_asm
../Core/Src/main.c:184:6:ILI9341_Draw_PartImage	40	static
../Core/Src/main.c:195:10:CRC16_2	24	static
../Core/Src/main.c:211:10:RGB565	16	static
../Core/Src/main.c:216:10:LightenColor	24	static
../Core/Src/main.c:234:6:ShowColor	48	static
../Core/Src/main.c:244:6:ShowTemperture	40	static
../Core/Src/main.c:254:6:DisplayMenu	8	static
../Core/Src/main.c:263:6:UpdateColor	16	static
../Core/Src/main.c:269:6:DisplayProfile	32	static
../Core/Src/main.c:291:5:main	56	static
../Core/Src/main.c:450:6:SystemClock_Config	88	static
../Core/Src/main.c:511:6:Error_Handler	4	static
