2025-09-16 09:07:16,007 [INFO] Activator:176 - 


2025-09-16 09:07:16,011 [INFO] Activator:177 - !SESSION log4j initialized
2025-09-16 09:07:20,972 [INFO] LogOutputStream:77 - [STDOUT_REDIRECT] 
2025-09-16 09:07:28,264 [INFO] ApplicationProperties:184 - Using Application install path: E:\STM32CubeIDE_1.19.0\STM32CubeIDE\plugins\com.st.stm32cube.common.mx_6.15.0.202507011659
2025-09-16 09:07:28,278 [INFO] DbMcusXml:78 - Set database path to: E:\STM32CubeIDE_1.19.0\STM32CubeIDE\plugins\com.st.stm32cube.common.mx_6.15.0.202507011659\\db\/mcu/
2025-09-16 09:07:28,279 [INFO] ApiDb:274 - Set plugin database path to: E:\STM32CubeIDE_1.19.0\STM32CubeIDE\plugins\com.st.stm32cube.common.mx_6.15.0.202507011659\\db\/plugins/boardmanager/
2025-09-16 09:07:28,279 [WARN] ApiDb:259 - Overriding images path with different value:  => E:\STM32CubeIDE_1.19.0\STM32CubeIDE\plugins\com.st.stm32cube.common.mx_6.15.0.202507011659\\db\/plugins/mcufinder/images/
2025-09-16 09:07:28,291 [INFO] ApiDb:250 - Set database path to: C:\Users\nphis\.stmcufinder\plugins\mcufinder//mcu/
2025-09-16 09:07:28,292 [INFO] DbMcusAds:125 - Set database path to: C:\Users\nphis\.stmcufinder\plugins\mcufinder//mcu/
2025-09-16 09:07:28,294 [INFO] CrossReferenceDbSqlite:203 - Set database path to: C:\Users\nphis\.stmcufinder\plugins\mcufinder//mcu/cs/
2025-09-16 09:07:28,387 [INFO] RulesReader:64 - Compatibility file has been processed (317 Rules)
2025-09-16 09:07:28,442 [INFO] DbMcusXml:78 - Set database path to: E:\STM32CubeIDE_1.19.0\STM32CubeIDE\plugins\com.st.stm32cube.common.mx_6.15.0.202507011659\\db\/mcu/
2025-09-16 09:07:28,442 [INFO] ApiDb:274 - Set plugin database path to: E:\STM32CubeIDE_1.19.0\STM32CubeIDE\plugins\com.st.stm32cube.common.mx_6.15.0.202507011659\\db\/plugins/boardmanager/
2025-09-16 09:07:28,442 [INFO] ApiDb:261 - Set plugin images path to: E:\STM32CubeIDE_1.19.0\STM32CubeIDE\plugins\com.st.stm32cube.common.mx_6.15.0.202507011659\\db\/plugins/mcufinder/images/
2025-09-16 09:07:28,442 [WARN] DbFile:41 - Overriding database path with different value: C:\Users\nphis\.stmcufinder\plugins\mcufinder/ => C:\Users\nphis\.stmcufinder\plugins\mcufinder
2025-09-16 09:07:28,442 [INFO] ApiDb:250 - Set database path to: C:\Users\nphis\.stmcufinder\plugins\mcufinder//mcu/
2025-09-16 09:07:28,442 [WARN] DbFile:41 - Overriding database path with different value: C:\Users\nphis\.stmcufinder\plugins\mcufinder/ => C:\Users\nphis\.stmcufinder\plugins\mcufinder
2025-09-16 09:07:28,442 [INFO] DbMcusAds:125 - Set database path to: C:\Users\nphis\.stmcufinder\plugins\mcufinder//mcu/
2025-09-16 09:07:28,443 [WARN] DbFile:41 - Overriding database path with different value: C:\Users\nphis\.stmcufinder\plugins\mcufinder/ => C:\Users\nphis\.stmcufinder\plugins\mcufinder
2025-09-16 09:07:28,443 [WARN] DbFile:41 - Overriding database path with different value: C:\Users\nphis\.stmcufinder\plugins\mcufinder/ => C:\Users\nphis\.stmcufinder\plugins\mcufinder
2025-09-16 09:07:28,443 [INFO] CrossReferenceDbSqlite:203 - Set database path to: C:\Users\nphis\.stmcufinder\plugins\mcufinder//mcu/cs/
2025-09-16 09:07:28,499 [INFO] MainPanel:274 - HeapMemory: 268435456
2025-09-16 09:07:28,579 [INFO] DbMcusXml:78 - Set database path to: E:\STM32CubeIDE_1.19.0\STM32CubeIDE\plugins\com.st.stm32cube.common.mx_6.15.0.202507011659\\db\/mcu/
2025-09-16 09:07:28,580 [INFO] ApiDb:274 - Set plugin database path to: E:\STM32CubeIDE_1.19.0\STM32CubeIDE\plugins\com.st.stm32cube.common.mx_6.15.0.202507011659\\db\/plugins/boardmanager/
2025-09-16 09:07:28,580 [INFO] ApiDb:261 - Set plugin images path to: E:\STM32CubeIDE_1.19.0\STM32CubeIDE\plugins\com.st.stm32cube.common.mx_6.15.0.202507011659\\db\/plugins/mcufinder/images/
2025-09-16 09:07:28,580 [WARN] DbFile:41 - Overriding database path with different value: C:\Users\nphis\.stmcufinder\plugins\mcufinder/ => C:\Users\nphis\.stmcufinder\plugins\mcufinder
2025-09-16 09:07:28,580 [INFO] ApiDb:250 - Set database path to: C:\Users\nphis\.stmcufinder\plugins\mcufinder//mcu/
2025-09-16 09:07:28,580 [WARN] DbFile:41 - Overriding database path with different value: C:\Users\nphis\.stmcufinder\plugins\mcufinder/ => C:\Users\nphis\.stmcufinder\plugins\mcufinder
2025-09-16 09:07:28,580 [INFO] DbMcusAds:125 - Set database path to: C:\Users\nphis\.stmcufinder\plugins\mcufinder//mcu/
2025-09-16 09:07:28,580 [WARN] DbFile:41 - Overriding database path with different value: C:\Users\nphis\.stmcufinder\plugins\mcufinder/ => C:\Users\nphis\.stmcufinder\plugins\mcufinder
2025-09-16 09:07:28,580 [WARN] DbFile:41 - Overriding database path with different value: C:\Users\nphis\.stmcufinder\plugins\mcufinder/ => C:\Users\nphis\.stmcufinder\plugins\mcufinder
2025-09-16 09:07:28,581 [INFO] CrossReferenceDbSqlite:203 - Set database path to: C:\Users\nphis\.stmcufinder\plugins\mcufinder//mcu/cs/
2025-09-16 09:07:28,595 [INFO] ApplicationProperties:184 - Using Application install path: E:\STM32CubeIDE_1.19.0\STM32CubeIDE\plugins\com.st.stm32cube.common.mx_6.15.0.202507011659
2025-09-16 09:07:28,596 [INFO] PluginManage:196 - Search for loadable plugins [exclusion list=, ]
2025-09-16 09:07:28,597 [INFO] PluginManage:310 - Check plugin analytics
2025-09-16 09:07:33,680 [INFO] AnalyticsPlugin:253 - Accepted Software Licenses: STM32CubeMX.6.15.0
2025-09-16 09:07:33,680 [INFO] AnalyticsPlugin:255 - Accepted CMSIS Pack Licenses: 
2025-09-16 09:07:33,681 [INFO] AnalyticsPlugin:257 - Accepted Firmware Licenses: FW.F7.1.17.0,FW.F4.1.28.0
2025-09-16 09:07:33,683 [INFO] PluginManage:359 - Loaded plugin analytics (category:tool,tabindex:-1)
2025-09-16 09:07:33,683 [INFO] PluginManage:310 - Check plugin cadmodel
2025-09-16 09:07:33,699 [INFO] CADModel:105 - Init CAD model plugin
2025-09-16 09:07:33,699 [INFO] PluginManage:359 - Loaded plugin cadmodel (category:power,tabindex:5)
2025-09-16 09:07:33,700 [INFO] PluginManage:310 - Check plugin clock
2025-09-16 09:07:33,719 [INFO] PluginManage:359 - Loaded plugin clock (category:base,tabindex:2)
2025-09-16 09:07:33,719 [INFO] PluginManage:310 - Check plugin ddr
2025-09-16 09:07:33,722 [INFO] PluginManage:359 - Loaded plugin ddr (category:tool,tabindex:6)
2025-09-16 09:07:33,722 [INFO] PluginManage:310 - Check plugin filemanager
2025-09-16 09:07:33,873 [INFO] PluginManage:359 - Loaded plugin filemanager (category:base,tabindex:10)
2025-09-16 09:07:33,874 [INFO] PluginManage:310 - Check plugin ipmanager
2025-09-16 09:07:33,879 [INFO] PluginManage:359 - Loaded plugin ipmanager (category:base,tabindex:5)
2025-09-16 09:07:33,879 [INFO] PluginManage:310 - Check plugin lpbam
2025-09-16 09:07:33,898 [INFO] PluginManage:359 - Loaded plugin lpbam (category:base,tabindex:0)
2025-09-16 09:07:33,898 [INFO] PluginManage:310 - Check plugin memorymap
2025-09-16 09:07:33,921 [INFO] PluginManage:359 - Loaded plugin memorymap (category:base,tabindex:4)
2025-09-16 09:07:33,921 [INFO] PluginManage:310 - Check plugin pinoutandconfiguration
2025-09-16 09:07:33,936 [INFO] PluginManage:359 - Loaded plugin pinoutandconfiguration (category:base,tabindex:1)
2025-09-16 09:07:33,936 [INFO] PluginManage:310 - Check plugin pinoutconfig
2025-09-16 09:07:34,012 [WARN] SupportedApi:132 - Cannot load RTOS API schema: s4s-elt-must-match.1: The content of 'definitions' must match (annotation?, (simpleType | complexType)?, (unique | key | keyref)*)). A problem was found starting at: attribute.
2025-09-16 09:07:34,111 [INFO] PluginManage:359 - Loaded plugin pinoutconfig (category:base,tabindex:0)
2025-09-16 09:07:34,111 [INFO] PluginManage:310 - Check plugin power
2025-09-16 09:07:34,128 [INFO] PluginManage:359 - Loaded plugin power (category:power,tabindex:4)
2025-09-16 09:07:34,128 [INFO] PluginManage:310 - Check plugin projectmanager
2025-09-16 09:07:34,143 [INFO] PluginManage:359 - Loaded plugin projectmanager (category:projectmanager,tabindex:4)
2025-09-16 09:07:34,143 [INFO] PluginManage:310 - Check plugin rif
2025-09-16 09:07:34,161 [INFO] PluginManage:359 - Loaded plugin rif (category:base,tabindex:3)
2025-09-16 09:07:34,161 [INFO] PluginManage:310 - Check plugin thirdparty
2025-09-16 09:07:34,408 [INFO] PluginManage:359 - Loaded plugin thirdparty (category:base,tabindex:-1)
2025-09-16 09:07:34,408 [WARN] IntegrityCheckThread:84 - waiting for thirdparty lock release [integrity check]
2025-09-16 09:07:34,408 [INFO] IntegrityCheckThread:86 - entering critical section [integrity check]
2025-09-16 09:07:34,408 [INFO] PluginManage:310 - Check plugin tools
2025-09-16 09:07:34,408 [INFO] ThirdPartyUpdaterWithRetryManager:70 - Updater plugin not ready yet. [1/15]
2025-09-16 09:07:34,447 [INFO] PluginManage:359 - Loaded plugin tools (category:base,tabindex:7)
2025-09-16 09:07:34,447 [INFO] PluginManage:310 - Check plugin tutovideos
2025-09-16 09:07:34,623 [INFO] PluginManage:359 - Loaded plugin tutovideos (category:base,tabindex:-1)
2025-09-16 09:07:34,623 [INFO] PluginManage:310 - Check plugin updater
2025-09-16 09:07:34,638 [INFO] PluginManage:359 - Loaded plugin updater (category:base,tabindex:12)
2025-09-16 09:07:34,639 [INFO] PluginManage:310 - Check plugin userauth
2025-09-16 09:07:34,642 [INFO] UserAuth:118 - Init User Auth plugin
2025-09-16 09:07:34,643 [INFO] PluginManage:359 - Loaded plugin userauth (category:base,tabindex:14)
2025-09-16 09:07:34,643 [INFO] PluginManage:283 - PluginManage : Loaded plugins [18]
2025-09-16 09:07:34,805 [INFO] PinOutPanel:1589 - setPackage(No Configuration,No Configuration)
2025-09-16 09:07:34,867 [INFO] CADModel:165 - CPN selected for project level
2025-09-16 09:07:34,867 [INFO] CADModel:114 - Register for checkConnection events
2025-09-16 09:07:34,891 [INFO] IPUIPlugin:80 - create IPUIPlugin
2025-09-16 09:07:34,891 [INFO] PluginManager:220 - loadIPPluginJar : add adc
2025-09-16 09:07:34,928 [INFO] IPUIPlugin:80 - create IPUIPlugin
2025-09-16 09:07:34,928 [INFO] PluginManager:220 - loadIPPluginJar : add aes
2025-09-16 09:07:34,969 [INFO] IPUIPlugin:80 - create IPUIPlugin
2025-09-16 09:07:34,969 [INFO] PluginManager:220 - loadIPPluginJar : add can
2025-09-16 09:07:34,996 [INFO] IPUIPlugin:80 - create IPUIPlugin
2025-09-16 09:07:34,996 [INFO] PluginManager:220 - loadIPPluginJar : add comp
2025-09-16 09:07:35,028 [INFO] IPUIPlugin:80 - create IPUIPlugin
2025-09-16 09:07:35,028 [INFO] PluginManager:220 - loadIPPluginJar : add cryp
2025-09-16 09:07:35,039 [INFO] IPUIPlugin:80 - create IPUIPlugin
2025-09-16 09:07:35,040 [INFO] PluginManager:220 - loadIPPluginJar : add ddr_ctrl_phy
2025-09-16 09:07:35,065 [INFO] IPUIPlugin:80 - create IPUIPlugin
2025-09-16 09:07:35,066 [INFO] PluginManager:220 - loadIPPluginJar : add dfsdm
2025-09-16 09:07:35,078 [INFO] IPUIPlugin:80 - create IPUIPlugin
2025-09-16 09:07:35,078 [INFO] PluginManager:220 - loadIPPluginJar : add dma
2025-09-16 09:07:35,110 [INFO] IPUIPlugin:80 - create IPUIPlugin
2025-09-16 09:07:35,111 [INFO] PluginManager:220 - loadIPPluginJar : add dma3
2025-09-16 09:07:35,151 [INFO] IPUIPlugin:80 - create IPUIPlugin
2025-09-16 09:07:35,151 [INFO] PluginManager:220 - loadIPPluginJar : add extmemmanager
2025-09-16 09:07:35,170 [INFO] IPUIPlugin:80 - create IPUIPlugin
2025-09-16 09:07:35,170 [INFO] PluginManager:220 - loadIPPluginJar : add fatfs
2025-09-16 09:07:35,215 [INFO] IPUIPlugin:80 - create IPUIPlugin
2025-09-16 09:07:35,215 [INFO] PluginManager:220 - loadIPPluginJar : add fmc
2025-09-16 09:07:35,228 [INFO] IPUIPlugin:80 - create IPUIPlugin
2025-09-16 09:07:35,228 [INFO] PluginManager:220 - loadIPPluginJar : add freertos
2025-09-16 09:07:35,247 [INFO] IPUIPlugin:80 - create IPUIPlugin
2025-09-16 09:07:35,248 [INFO] PluginManager:220 - loadIPPluginJar : add genericplugin
2025-09-16 09:07:35,334 [INFO] IPUIPlugin:80 - create IPUIPlugin
2025-09-16 09:07:35,334 [INFO] PluginManager:220 - loadIPPluginJar : add gfxmmu
2025-09-16 09:07:35,440 [INFO] IPUIPlugin:80 - create IPUIPlugin
2025-09-16 09:07:35,440 [INFO] PluginManager:220 - loadIPPluginJar : add gic
2025-09-16 09:07:35,451 [INFO] IPUIPlugin:80 - create IPUIPlugin
2025-09-16 09:07:35,451 [INFO] PluginManager:220 - loadIPPluginJar : add gpio
2025-09-16 09:07:35,525 [INFO] IPUIPlugin:80 - create IPUIPlugin
2025-09-16 09:07:35,525 [INFO] PluginManager:220 - loadIPPluginJar : add gtzc
2025-09-16 09:07:35,557 [INFO] IPUIPlugin:80 - create IPUIPlugin
2025-09-16 09:07:35,557 [INFO] PluginManager:220 - loadIPPluginJar : add hash
2025-09-16 09:07:35,604 [INFO] IPUIPlugin:80 - create IPUIPlugin
2025-09-16 09:07:35,605 [INFO] PluginManager:220 - loadIPPluginJar : add i2c
2025-09-16 09:07:35,641 [INFO] IPUIPlugin:80 - create IPUIPlugin
2025-09-16 09:07:35,641 [INFO] PluginManager:220 - loadIPPluginJar : add i2s
2025-09-16 09:07:35,681 [INFO] IPUIPlugin:80 - create IPUIPlugin
2025-09-16 09:07:35,681 [INFO] PluginManager:220 - loadIPPluginJar : add i3c
2025-09-16 09:07:35,766 [INFO] IPUIPlugin:80 - create IPUIPlugin
2025-09-16 09:07:35,766 [INFO] PluginManager:220 - loadIPPluginJar : add ipddr
2025-09-16 09:07:35,847 [INFO] IPUIPlugin:80 - create IPUIPlugin
2025-09-16 09:07:35,847 [INFO] PluginManager:220 - loadIPPluginJar : add linkedlist
2025-09-16 09:07:35,881 [INFO] IPUIPlugin:80 - create IPUIPlugin
2025-09-16 09:07:35,881 [INFO] PluginManager:220 - loadIPPluginJar : add lorawan
2025-09-16 09:07:35,915 [INFO] IPUIPlugin:80 - create IPUIPlugin
2025-09-16 09:07:35,915 [INFO] PluginManager:220 - loadIPPluginJar : add ltdc
2025-09-16 09:07:35,928 [INFO] IPUIPlugin:80 - create IPUIPlugin
2025-09-16 09:07:35,928 [INFO] PluginManager:220 - loadIPPluginJar : add mdma
2025-09-16 09:07:35,940 [INFO] IPUIPlugin:80 - create IPUIPlugin
2025-09-16 09:07:35,940 [INFO] PluginManager:220 - loadIPPluginJar : add nvic
2025-09-16 09:07:35,976 [INFO] IPUIPlugin:80 - create IPUIPlugin
2025-09-16 09:07:35,977 [INFO] PluginManager:220 - loadIPPluginJar : add opamp
2025-09-16 09:07:36,041 [INFO] IPUIPlugin:80 - create IPUIPlugin
2025-09-16 09:07:36,041 [INFO] PluginManager:220 - loadIPPluginJar : add openamp
2025-09-16 09:07:36,082 [INFO] IPUIPlugin:80 - create IPUIPlugin
2025-09-16 09:07:36,082 [INFO] PluginManager:220 - loadIPPluginJar : add pdm2pcm
2025-09-16 09:07:36,096 [INFO] IPUIPlugin:80 - create IPUIPlugin
2025-09-16 09:07:36,097 [INFO] PluginManager:220 - loadIPPluginJar : add plateformsettings
2025-09-16 09:07:36,120 [INFO] IPUIPlugin:80 - create IPUIPlugin
2025-09-16 09:07:36,120 [INFO] PluginManager:220 - loadIPPluginJar : add quadspi
2025-09-16 09:07:36,146 [INFO] IPUIPlugin:80 - create IPUIPlugin
2025-09-16 09:07:36,147 [INFO] PluginManager:220 - loadIPPluginJar : add radio
2025-09-16 09:07:36,159 [INFO] IPUIPlugin:80 - create IPUIPlugin
2025-09-16 09:07:36,159 [INFO] PluginManager:220 - loadIPPluginJar : add resmgrutility
2025-09-16 09:07:36,197 [INFO] IPUIPlugin:80 - create IPUIPlugin
2025-09-16 09:07:36,198 [INFO] PluginManager:220 - loadIPPluginJar : add sai
2025-09-16 09:07:36,230 [INFO] IPUIPlugin:80 - create IPUIPlugin
2025-09-16 09:07:36,230 [INFO] PluginManager:220 - loadIPPluginJar : add spi
2025-09-16 09:07:36,292 [INFO] IPUIPlugin:80 - create IPUIPlugin
2025-09-16 09:07:36,292 [INFO] PluginManager:220 - loadIPPluginJar : add stm32_wpan
2025-09-16 09:07:36,317 [INFO] IPUIPlugin:80 - create IPUIPlugin
2025-09-16 09:07:36,317 [INFO] PluginManager:220 - loadIPPluginJar : add tim
2025-09-16 09:07:36,373 [INFO] IPUIPlugin:80 - create IPUIPlugin
2025-09-16 09:07:36,374 [INFO] PluginManager:220 - loadIPPluginJar : add touchsensing
2025-09-16 09:07:36,398 [INFO] IPUIPlugin:80 - create IPUIPlugin
2025-09-16 09:07:36,398 [INFO] PluginManager:220 - loadIPPluginJar : add tracer_emb
2025-09-16 09:07:36,421 [INFO] IPUIPlugin:80 - create IPUIPlugin
2025-09-16 09:07:36,421 [INFO] PluginManager:220 - loadIPPluginJar : add ts
2025-09-16 09:07:36,443 [INFO] IPUIPlugin:80 - create IPUIPlugin
2025-09-16 09:07:36,443 [INFO] PluginManager:220 - loadIPPluginJar : add tsc
2025-09-16 09:07:36,463 [INFO] IPUIPlugin:80 - create IPUIPlugin
2025-09-16 09:07:36,463 [INFO] PluginManager:220 - loadIPPluginJar : add ucpd
2025-09-16 09:07:36,498 [INFO] IPUIPlugin:80 - create IPUIPlugin
2025-09-16 09:07:36,498 [INFO] PluginManager:220 - loadIPPluginJar : add usart
2025-09-16 09:07:36,538 [INFO] IPUIPlugin:80 - create IPUIPlugin
2025-09-16 09:07:36,538 [INFO] PluginManager:220 - loadIPPluginJar : add usbx
2025-09-16 09:07:36,644 [FATAL] Updater:351 - Updater called before beeing initialized
2025-09-16 09:07:36,673 [INFO] RulesReader:64 - Compatibility file has been processed (317 Rules)
2025-09-16 09:07:36,679 [INFO] RulesReader:64 - Compatibility file has been processed (317 Rules)
2025-09-16 09:07:36,686 [INFO] CADModel:165 - CPN selected for project level
2025-09-16 09:07:36,686 [INFO] CADModel:114 - Register for checkConnection events
2025-09-16 09:07:36,686 [FATAL] Updater:351 - Updater called before beeing initialized
2025-09-16 09:07:36,686 [ERROR] CADModel:125 - Updater not yet initialized, retry later 
2025-09-16 09:07:36,780 [FATAL] Updater:351 - Updater called before beeing initialized
2025-09-16 09:07:36,781 [INFO] CADModel:165 - CPN selected for project level
2025-09-16 09:07:36,782 [INFO] CADModel:114 - Register for checkConnection events
2025-09-16 09:07:36,782 [FATAL] Updater:351 - Updater called before beeing initialized
2025-09-16 09:07:36,782 [ERROR] CADModel:125 - Updater not yet initialized, retry later 
2025-09-16 09:07:36,784 [FATAL] Updater:351 - Updater called before beeing initialized
2025-09-16 09:07:36,873 [FATAL] Updater:351 - Updater called before beeing initialized
2025-09-16 09:07:36,883 [INFO] DbMcusAds:53 - JSON generation date=Tue Jul 08 15:14:23 ICT 2025 (1751962463582)
2025-09-16 09:07:36,883 [FATAL] Updater:351 - Updater called before beeing initialized
2025-09-16 09:07:36,949 [WARN] DetailPanel:346 - Failed to get advertising image, set to default
2025-09-16 09:07:37,008 [FATAL] Updater:351 - Updater called before beeing initialized
2025-09-16 09:07:37,011 [FATAL] Updater:351 - Updater called before beeing initialized
2025-09-16 09:07:37,011 [FATAL] Updater:351 - Updater called before beeing initialized
2025-09-16 09:07:37,011 [WARN] DetailPanel:346 - Failed to get advertising image, set to default
2025-09-16 09:07:37,012 [FATAL] Updater:351 - Updater called before beeing initialized
2025-09-16 09:07:37,089 [ERROR] Updater:1198 - MainUpdater not yet initialized. External WinMGr cannot be set.
2025-09-16 09:07:37,100 [INFO] Updater:1134 - Updater Version found : 6.15.0
2025-09-16 09:07:37,118 [INFO] ApplicationProperties:184 - Using Application install path: E:\STM32CubeIDE_1.19.0\STM32CubeIDE\plugins\com.st.stm32cube.common.mx_6.15.0.202507011659
2025-09-16 09:07:37,357 [INFO] MainUpdater:2872 - connection check result : 10
2025-09-16 09:07:37,358 [INFO] MainUpdater:289 - Updater Check For Update Now.
2025-09-16 09:07:37,358 [INFO] MicroXplorer:498 - Change Database Version : DB.6.0.150
2025-09-16 09:07:37,374 [INFO] McuFinderGlobals:63 - Set McuFinder mode to 2 (CubeIDE integrated)
2025-09-16 09:07:37,381 [INFO] UserAuth:487 - Internet connection configuration mode: 1
2025-09-16 09:07:37,409 [WARN] MainUpdater:1193 - Updater busy. Cannot search thirdparties
2025-09-16 09:07:37,409 [INFO] ThirdPartyUpdaterWithRetryManager:96 - Updater plugin is busy. [1/15]
2025-09-16 09:07:37,409 [INFO] JxBrowserEngine:152 - Initiate JxBrowser Engine with user profile folder
2025-09-16 09:07:37,547 [INFO] CheckServerUpdateThread:120 - End of CheckServer Thread
2025-09-16 09:07:38,530 [INFO] WebApp:169 - Instantiating new browser for Auth
2025-09-16 09:07:39,197 [INFO] WebApp:463 - Apply proxy settings
2025-09-16 09:07:39,197 [INFO] WebApp:548 - Chromium requires no authentication
2025-09-16 09:07:39,207 [INFO] WebApp:491 - Direct internet connection detected
2025-09-16 09:07:39,243 [INFO] WebApp:900 - Register for checkConnection events
2025-09-16 09:07:39,243 [INFO] WebApp:463 - Apply proxy settings
2025-09-16 09:07:39,243 [INFO] WebApp:548 - Chromium requires no authentication
2025-09-16 09:07:39,244 [INFO] WebApp:491 - Direct internet connection detected
2025-09-16 09:07:39,427 [INFO] WebApp:225 - Starting web application
2025-09-16 09:07:39,427 [INFO] WebApp:593 - Web application path used E:\STM32CubeIDE_1.19.0\STM32CubeIDE\plugins\com.st.stm32cube.common.mx_6.15.0.202507011659\db\plugins\mcufinder\reactClient1\index.html
2025-09-16 09:07:39,548 [INFO] UserAuth:487 - Internet connection configuration mode: 1
2025-09-16 09:07:39,893 [INFO] WebApp:191 - Connection restablished
2025-09-16 09:07:40,567 [WARN] PackLoader:240 - Cannot read IP mode file for STMicroelectronics.FP-SNS-MOTENVWB1.1.4.0
2025-09-16 09:07:40,583 [WARN] PackLoader:240 - Cannot read IP mode file for STMicroelectronics.FP-ATR-ASTRA1.2.0.2
2025-09-16 09:07:40,597 [WARN] PackLoader:240 - Cannot read IP mode file for STMicroelectronics.X-CUBE-SMBUS.2.1.0
2025-09-16 09:07:40,610 [WARN] PackLoader:240 - Cannot read IP mode file for STMicroelectronics.X-CUBE-ST60.1.0.0
2025-09-16 09:07:40,642 [WARN] PackLoader:240 - Cannot read IP mode file for STMicroelectronics.X-CUBE-AZRTOS-F7.1.1.0
2025-09-16 09:07:40,673 [WARN] PackLoader:240 - Cannot read IP mode file for Infineon.AIROC-Wi-Fi-Bluetooth-STM32.1.7.1
2025-09-16 09:07:40,702 [WARN] PackLoader:240 - Cannot read IP mode file for STMicroelectronics.X-CUBE-AZRTOS-H7.3.4.0
2025-09-16 09:07:40,720 [WARN] PackLoader:240 - Cannot read IP mode file for STMicroelectronics.X-CUBE-DISPLAY.3.0.0
2025-09-16 09:07:40,737 [WARN] PackLoader:240 - Cannot read IP mode file for STMicroelectronics.X-CUBE-NFC10.1.0.0
2025-09-16 09:07:40,751 [WARN] PackLoader:240 - Cannot read IP mode file for emotas.I-CUBE-CANOPEN.1.3.0
2025-09-16 09:07:40,766 [WARN] PackLoader:240 - Cannot read IP mode file for STMicroelectronics.FP-SNS-STBOX1.2.1.0
2025-09-16 09:07:40,779 [WARN] PackLoader:240 - Cannot read IP mode file for STMicroelectronics.FP-SNS-SMARTAG2.1.2.0
2025-09-16 09:07:40,791 [WARN] PackLoader:240 - Cannot read IP mode file for STMicroelectronics.FP-SNS-FLIGHT1.5.1.0
2025-09-16 09:07:40,806 [INFO] LogOutputStream:77 - [STDOUT_REDIRECT] 1 : Invalid condition id : UX_CORESTACK_Condition cause : null
2025-09-16 09:07:40,807 [INFO] LogOutputStream:77 - [STDOUT_REDIRECT] 1 : Invalid condition id : UX_CORESTACK_Condition cause : null
2025-09-16 09:07:40,807 [INFO] LogOutputStream:77 - [STDOUT_REDIRECT] 1 : Invalid condition id : UX_CORESTACK_Condition cause : null
2025-09-16 09:07:40,808 [INFO] LogOutputStream:77 - [STDOUT_REDIRECT] 1 : Invalid condition id : UX_CORESTACK_Condition cause : null
2025-09-16 09:07:40,809 [INFO] LogOutputStream:77 - [STDOUT_REDIRECT] 1 : Invalid condition id : UX_CORESTACK_Condition cause : null
2025-09-16 09:07:40,811 [WARN] PackLoader:240 - Cannot read IP mode file for STMicroelectronics.X-CUBE-AZRTOS-WL.2.0.0
2025-09-16 09:07:40,824 [WARN] PackLoader:240 - Cannot read IP mode file for STMicroelectronics.FP-SNS-MOTENV1.5.0.0
2025-09-16 09:07:40,843 [WARN] PackLoader:240 - Cannot read IP mode file for WES.I-CUBE-Cesium.1.3.0
2025-09-16 09:07:40,856 [WARN] PackLoader:240 - Cannot read IP mode file for STMicroelectronics.X-CUBE-BLE2.3.3.0
2025-09-16 09:07:40,869 [WARN] PackLoader:240 - Cannot read IP mode file for STMicroelectronics.X-CUBE-NFC9.1.0.0
2025-09-16 09:07:40,881 [WARN] PackLoader:240 - Cannot read IP mode file for wolfSSL.I-CUBE-wolfSSL.5.8.0
2025-09-16 09:07:40,894 [WARN] PackLoader:240 - Cannot read IP mode file for wolfSSL.I-CUBE-wolfSSL.5.8.2
2025-09-16 09:07:40,907 [WARN] PackLoader:240 - Cannot read IP mode file for STMicroelectronics.X-CUBE-BLE1.7.1.0
2025-09-16 09:07:40,918 [WARN] PackLoader:240 - Cannot read IP mode file for wolfSSL.I-CUBE-wolfMQTT.1.19.2
2025-09-16 09:07:40,931 [WARN] PackLoader:240 - Cannot read IP mode file for STMicroelectronics.X-CUBE-EEPRMA1.5.2.0
2025-09-16 09:07:40,942 [WARN] PackLoader:240 - Cannot read IP mode file for STMicroelectronics.X-CUBE-AI.10.1.0
2025-09-16 09:07:40,963 [WARN] PackLoader:240 - Cannot read IP mode file for STMicroelectronics.X-CUBE-AZRTOS-G0.1.1.0
2025-09-16 09:07:40,977 [WARN] PackLoader:240 - Cannot read IP mode file for STMicroelectronics.X-CUBE-SAFEA1.1.2.2
2025-09-16 09:07:40,990 [WARN] PackLoader:240 - Cannot read IP mode file for STMicroelectronics.X-CUBE-NFC4.3.0.0
2025-09-16 09:07:41,005 [WARN] PackLoader:240 - Cannot read IP mode file for EmbeddedOffice.I-CUBE-FS-RTOS.1.0.1
2025-09-16 09:07:41,017 [WARN] PackLoader:240 - Cannot read IP mode file for STMicroelectronics.X-CUBE-WB05N.2.0.0
2025-09-16 09:07:41,027 [WARN] PackLoader:240 - Cannot read IP mode file for wolfSSL.I-CUBE-wolfTPM.3.8.0
2025-09-16 09:07:41,038 [WARN] PackLoader:240 - Cannot read IP mode file for STMicroelectronics.X-CUBE-TCPP.4.2.0
2025-09-16 09:07:41,050 [WARN] PackLoader:240 - Cannot read IP mode file for RealThread.X-CUBE-RT-Thread_Nano.4.1.1
2025-09-16 09:07:41,061 [WARN] PackLoader:240 - Cannot read IP mode file for STMicroelectronics.FP-ATR-SIGFOX1.3.2.0
2025-09-16 09:07:41,074 [WARN] PackLoader:240 - Cannot read IP mode file for ITTIA_DB.I-CUBE-ITTIADB.8.9.0
2025-09-16 09:07:41,085 [WARN] PackLoader:240 - Cannot read IP mode file for STMicroelectronics.X-CUBE-ST67W61.1.0.0
2025-09-16 09:07:41,095 [WARN] PackLoader:240 - Cannot read IP mode file for STMicroelectronics.X-CUBE-AI.10.2.0
2025-09-16 09:07:41,115 [WARN] PackLoader:240 - Cannot read IP mode file for SEGGER.I-CUBE-embOS.1.3.1
2025-09-16 09:07:41,144 [WARN] PackLoader:240 - Cannot read IP mode file for STMicroelectronics.X-CUBE-ALGOBUILD.1.4.0
2025-09-16 09:07:41,191 [WARN] PackLoader:240 - Cannot read IP mode file for STMicroelectronics.X-CUBE-MEMS1.11.3.0
2025-09-16 09:07:41,295 [WARN] PackLoader:240 - Cannot read IP mode file for STMicroelectronics.X-CUBE-PM33A1.1.0.0
2025-09-16 09:07:41,320 [WARN] PackLoader:240 - Cannot read IP mode file for STMicroelectronics.X-CUBE-AZRTOS-F4.1.1.0
2025-09-16 09:07:41,335 [WARN] PackLoader:240 - Cannot read IP mode file for Avnet-IotConnect.X-CUBE-IoTC-DA16k-PMOD.1.0.0
2025-09-16 09:07:41,348 [WARN] PackLoader:240 - Cannot read IP mode file for STMicroelectronics.X-CUBE-ISPU.2.1.0
2025-09-16 09:07:41,364 [WARN] PackLoader:240 - Cannot read IP mode file for STMicroelectronics.X-CUBE-NFC12.1.0.0
2025-09-16 09:07:41,394 [WARN] PackLoader:240 - Cannot read IP mode file for STMicroelectronics.X-CUBE-AZRTOS-L5.2.0.0
2025-09-16 09:07:41,418 [WARN] PackLoader:240 - Cannot read IP mode file for STMicroelectronics.X-CUBE-NFC6.3.1.0
2025-09-16 09:07:41,437 [WARN] PackLoader:240 - Cannot read IP mode file for STMicroelectronics.X-CUBE-FREERTOS.1.3.1
2025-09-16 09:07:41,454 [WARN] PackLoader:240 - Cannot read IP mode file for STMicroelectronics.FP-SNS-STAIOTCFT.1.0.0
2025-09-16 09:07:41,466 [WARN] PackLoader:240 - Cannot read IP mode file for STMicroelectronics.X-CUBE-DPower.1.3.0
2025-09-16 09:07:41,488 [WARN] ConditionMgr:438 - getConditionDescription Invalid condition id : LAN8742 Phy interface Condition cause : null
2025-09-16 09:07:41,488 [WARN] PackLoader:240 - Cannot read IP mode file for STMicroelectronics.X-CUBE-AZRTOS-L4.2.0.0
2025-09-16 09:07:41,489 [WARN] ConditionMgr:1044 - genDependencies : Invalid condition id : LAN8742 Phy interface Condition cause : null
2025-09-16 09:07:41,490 [WARN] ConditionMgr:1044 - genDependencies : Invalid condition id : LAN8742 Phy interface Condition cause : null
2025-09-16 09:07:41,490 [WARN] ConditionMgr:1044 - genDependencies : Invalid condition id : LAN8742 Phy interface Condition cause : null
2025-09-16 09:07:41,505 [WARN] PackLoader:240 - Cannot read IP mode file for STMicroelectronics.X-CUBE-SFXS2LP1.4.0.0
2025-09-16 09:07:41,521 [WARN] PackLoader:240 - Cannot read IP mode file for STMicroelectronics.X-CUBE-BLEMGR.4.1.0
2025-09-16 09:07:41,540 [WARN] ConditionMgr:438 - getConditionDescription Invalid condition id : UX DEVICE CLASS RTOS Condition cause : null
2025-09-16 09:07:41,541 [WARN] ConditionMgr:438 - getConditionDescription Invalid condition id : UX DEVICE CLASS RTOS Condition cause : null
2025-09-16 09:07:41,542 [WARN] PackLoader:240 - Cannot read IP mode file for STMicroelectronics.X-CUBE-AZRTOS-WB.2.0.0
2025-09-16 09:07:41,542 [WARN] ConditionMgr:1044 - genDependencies : Invalid condition id : UX DEVICE CLASS RTOS Condition cause : null
2025-09-16 09:07:41,542 [WARN] ConditionMgr:1044 - genDependencies : Invalid condition id : UX DEVICE CLASS RTOS Condition cause : null
2025-09-16 09:07:41,542 [WARN] ConditionMgr:1044 - genDependencies : Invalid condition id : UX DEVICE CLASS RTOS Condition cause : null
2025-09-16 09:07:41,542 [WARN] ConditionMgr:1044 - genDependencies : Invalid condition id : UX DEVICE CLASS RTOS Condition cause : null
2025-09-16 09:07:41,542 [WARN] ConditionMgr:1044 - genDependencies : Invalid condition id : UX DEVICE CLASS RTOS Condition cause : null
2025-09-16 09:07:41,555 [WARN] PackLoader:240 - Cannot read IP mode file for STMicroelectronics.X-CUBE-GNSS1.7.0.1
2025-09-16 09:07:41,570 [WARN] PackLoader:240 - Cannot read IP mode file for STMicroelectronics.X-CUBE-TOUCHGFX.4.25.0
2025-09-16 09:07:41,582 [WARN] PackLoader:240 - Cannot read IP mode file for STMicroelectronics.FP-SNS-STBOX1.2.0.0
2025-09-16 09:07:41,595 [WARN] ConditionMgr:438 - getConditionDescription Invalid condition id : Cortex-A Device cause : null
2025-09-16 09:07:41,612 [WARN] ConditionMgr:1044 - genDependencies : Invalid condition id : Cortex-A Device cause : null
2025-09-16 09:07:41,612 [WARN] ConditionMgr:1044 - genDependencies : Invalid condition id : Cortex-A Device cause : null
2025-09-16 09:07:41,612 [WARN] ConditionMgr:1044 - genDependencies : Invalid condition id : Cortex-A Device cause : null
2025-09-16 09:07:41,625 [WARN] PackLoader:240 - Cannot read IP mode file for STMicroelectronics.X-CUBE-SUBG2.5.0.0
2025-09-16 09:07:41,647 [WARN] PackLoader:240 - Cannot read IP mode file for STMicroelectronics.X-CUBE-AZRTOS-H7RS.1.1.0
2025-09-16 09:07:41,659 [WARN] PackLoader:240 - Cannot read IP mode file for Cesanta.I-CUBE-Mongoose.7.13.0
2025-09-16 09:07:41,677 [WARN] PackLoader:240 - Cannot read IP mode file for STMicroelectronics.X-CUBE-AZRTOS-G4.2.0.0
2025-09-16 09:07:41,689 [WARN] PackLoader:240 - Cannot read IP mode file for wolfSSL.I-CUBE-wolfSSH.1.4.20
2025-09-16 09:07:41,701 [WARN] PackLoader:240 - Cannot read IP mode file for STMicroelectronics.X-CUBE-NFC7.2.0.0
2025-09-16 09:07:41,716 [WARN] PackLoader:240 - Cannot read IP mode file for STMicroelectronics.X-CUBE-IPS.3.1.0
2025-09-16 09:07:41,732 [WARN] PackLoader:240 - Cannot read IP mode file for STMicroelectronics.X-CUBE-ALS.1.0.2
2025-09-16 09:07:41,745 [WARN] PackLoader:240 - Cannot read IP mode file for STMicroelectronics.X-CUBE-STSE01.1.0.0
2025-09-16 09:07:41,756 [WARN] PackLoader:240 - Cannot read IP mode file for portGmbH.I-Cube-SoM-uGOAL.1.1.0
2025-09-16 09:07:41,769 [WARN] PackLoader:240 - Cannot read IP mode file for STMicroelectronics.X-CUBE-TOF1.3.4.3
2025-09-16 09:07:41,773 [INFO] ThirdParty:978 - Integrity check success = true
2025-09-16 09:07:41,773 [INFO] IntegrityCheckThread:100 - exiting critical section [integrity check]
2025-09-16 09:07:41,773 [INFO] IntegrityCheckThread:103 - End integrity checks thread
2025-09-16 09:49:43,283 [INFO] WebApp:194 - Connection lost
2025-09-16 09:49:43,831 [INFO] WebApp:191 - Connection restablished
2025-09-16 09:52:54,283 [INFO] WebApp:194 - Connection lost
2025-09-16 09:52:54,727 [INFO] WebApp:191 - Connection restablished
2025-09-16 19:47:03,417 [INFO] Activator:176 - 


2025-09-16 19:47:03,419 [INFO] Activator:177 - !SESSION log4j initialized
2025-09-16 19:47:08,881 [INFO] LogOutputStream:77 - [STDOUT_REDIRECT] 
2025-09-16 19:47:15,180 [INFO] ApplicationProperties:184 - Using Application install path: E:\STM32CubeIDE_1.19.0\STM32CubeIDE\plugins\com.st.stm32cube.common.mx_6.15.0.202507011659
2025-09-16 19:47:15,194 [INFO] DbMcusXml:78 - Set database path to: E:\STM32CubeIDE_1.19.0\STM32CubeIDE\plugins\com.st.stm32cube.common.mx_6.15.0.202507011659\\db\/mcu/
2025-09-16 19:47:15,195 [INFO] ApiDb:274 - Set plugin database path to: E:\STM32CubeIDE_1.19.0\STM32CubeIDE\plugins\com.st.stm32cube.common.mx_6.15.0.202507011659\\db\/plugins/boardmanager/
2025-09-16 19:47:15,195 [WARN] ApiDb:259 - Overriding images path with different value:  => E:\STM32CubeIDE_1.19.0\STM32CubeIDE\plugins\com.st.stm32cube.common.mx_6.15.0.202507011659\\db\/plugins/mcufinder/images/
2025-09-16 19:47:15,206 [INFO] ApiDb:250 - Set database path to: C:\Users\nphis\.stmcufinder\plugins\mcufinder//mcu/
2025-09-16 19:47:15,207 [INFO] DbMcusAds:125 - Set database path to: C:\Users\nphis\.stmcufinder\plugins\mcufinder//mcu/
2025-09-16 19:47:15,209 [INFO] CrossReferenceDbSqlite:203 - Set database path to: C:\Users\nphis\.stmcufinder\plugins\mcufinder//mcu/cs/
2025-09-16 19:47:15,301 [INFO] RulesReader:64 - Compatibility file has been processed (317 Rules)
2025-09-16 19:47:15,366 [INFO] DbMcusXml:78 - Set database path to: E:\STM32CubeIDE_1.19.0\STM32CubeIDE\plugins\com.st.stm32cube.common.mx_6.15.0.202507011659\\db\/mcu/
2025-09-16 19:47:15,367 [INFO] ApiDb:274 - Set plugin database path to: E:\STM32CubeIDE_1.19.0\STM32CubeIDE\plugins\com.st.stm32cube.common.mx_6.15.0.202507011659\\db\/plugins/boardmanager/
2025-09-16 19:47:15,367 [INFO] ApiDb:261 - Set plugin images path to: E:\STM32CubeIDE_1.19.0\STM32CubeIDE\plugins\com.st.stm32cube.common.mx_6.15.0.202507011659\\db\/plugins/mcufinder/images/
2025-09-16 19:47:15,367 [WARN] DbFile:41 - Overriding database path with different value: C:\Users\nphis\.stmcufinder\plugins\mcufinder/ => C:\Users\nphis\.stmcufinder\plugins\mcufinder
2025-09-16 19:47:15,367 [INFO] ApiDb:250 - Set database path to: C:\Users\nphis\.stmcufinder\plugins\mcufinder//mcu/
2025-09-16 19:47:15,367 [WARN] DbFile:41 - Overriding database path with different value: C:\Users\nphis\.stmcufinder\plugins\mcufinder/ => C:\Users\nphis\.stmcufinder\plugins\mcufinder
2025-09-16 19:47:15,367 [INFO] DbMcusAds:125 - Set database path to: C:\Users\nphis\.stmcufinder\plugins\mcufinder//mcu/
2025-09-16 19:47:15,367 [WARN] DbFile:41 - Overriding database path with different value: C:\Users\nphis\.stmcufinder\plugins\mcufinder/ => C:\Users\nphis\.stmcufinder\plugins\mcufinder
2025-09-16 19:47:15,367 [WARN] DbFile:41 - Overriding database path with different value: C:\Users\nphis\.stmcufinder\plugins\mcufinder/ => C:\Users\nphis\.stmcufinder\plugins\mcufinder
2025-09-16 19:47:15,367 [INFO] CrossReferenceDbSqlite:203 - Set database path to: C:\Users\nphis\.stmcufinder\plugins\mcufinder//mcu/cs/
2025-09-16 19:47:15,428 [INFO] MainPanel:274 - HeapMemory: 268435456
2025-09-16 19:47:15,516 [INFO] DbMcusXml:78 - Set database path to: E:\STM32CubeIDE_1.19.0\STM32CubeIDE\plugins\com.st.stm32cube.common.mx_6.15.0.202507011659\\db\/mcu/
2025-09-16 19:47:15,516 [INFO] ApiDb:274 - Set plugin database path to: E:\STM32CubeIDE_1.19.0\STM32CubeIDE\plugins\com.st.stm32cube.common.mx_6.15.0.202507011659\\db\/plugins/boardmanager/
2025-09-16 19:47:15,517 [INFO] ApiDb:261 - Set plugin images path to: E:\STM32CubeIDE_1.19.0\STM32CubeIDE\plugins\com.st.stm32cube.common.mx_6.15.0.202507011659\\db\/plugins/mcufinder/images/
2025-09-16 19:47:15,517 [WARN] DbFile:41 - Overriding database path with different value: C:\Users\nphis\.stmcufinder\plugins\mcufinder/ => C:\Users\nphis\.stmcufinder\plugins\mcufinder
2025-09-16 19:47:15,517 [INFO] ApiDb:250 - Set database path to: C:\Users\nphis\.stmcufinder\plugins\mcufinder//mcu/
2025-09-16 19:47:15,517 [WARN] DbFile:41 - Overriding database path with different value: C:\Users\nphis\.stmcufinder\plugins\mcufinder/ => C:\Users\nphis\.stmcufinder\plugins\mcufinder
2025-09-16 19:47:15,517 [INFO] DbMcusAds:125 - Set database path to: C:\Users\nphis\.stmcufinder\plugins\mcufinder//mcu/
2025-09-16 19:47:15,517 [WARN] DbFile:41 - Overriding database path with different value: C:\Users\nphis\.stmcufinder\plugins\mcufinder/ => C:\Users\nphis\.stmcufinder\plugins\mcufinder
2025-09-16 19:47:15,517 [WARN] DbFile:41 - Overriding database path with different value: C:\Users\nphis\.stmcufinder\plugins\mcufinder/ => C:\Users\nphis\.stmcufinder\plugins\mcufinder
2025-09-16 19:47:15,517 [INFO] CrossReferenceDbSqlite:203 - Set database path to: C:\Users\nphis\.stmcufinder\plugins\mcufinder//mcu/cs/
2025-09-16 19:47:15,532 [INFO] ApplicationProperties:184 - Using Application install path: E:\STM32CubeIDE_1.19.0\STM32CubeIDE\plugins\com.st.stm32cube.common.mx_6.15.0.202507011659
2025-09-16 19:47:15,533 [INFO] PluginManage:196 - Search for loadable plugins [exclusion list=, ]
2025-09-16 19:47:15,534 [INFO] PluginManage:310 - Check plugin analytics
2025-09-16 19:47:20,657 [INFO] AnalyticsPlugin:253 - Accepted Software Licenses: STM32CubeMX.6.15.0
2025-09-16 19:47:20,657 [INFO] AnalyticsPlugin:255 - Accepted CMSIS Pack Licenses: 
2025-09-16 19:47:20,657 [INFO] AnalyticsPlugin:257 - Accepted Firmware Licenses: FW.F7.1.17.0,FW.F4.1.28.0
2025-09-16 19:47:20,659 [INFO] PluginManage:359 - Loaded plugin analytics (category:tool,tabindex:-1)
2025-09-16 19:47:20,659 [INFO] PluginManage:310 - Check plugin cadmodel
2025-09-16 19:47:20,675 [INFO] CADModel:105 - Init CAD model plugin
2025-09-16 19:47:20,675 [INFO] PluginManage:359 - Loaded plugin cadmodel (category:power,tabindex:5)
2025-09-16 19:47:20,675 [INFO] PluginManage:310 - Check plugin clock
2025-09-16 19:47:20,693 [INFO] PluginManage:359 - Loaded plugin clock (category:base,tabindex:2)
2025-09-16 19:47:20,693 [INFO] PluginManage:310 - Check plugin ddr
2025-09-16 19:47:20,695 [INFO] PluginManage:359 - Loaded plugin ddr (category:tool,tabindex:6)
2025-09-16 19:47:20,695 [INFO] PluginManage:310 - Check plugin filemanager
2025-09-16 19:47:20,813 [INFO] PluginManage:359 - Loaded plugin filemanager (category:base,tabindex:10)
2025-09-16 19:47:20,813 [INFO] PluginManage:310 - Check plugin ipmanager
2025-09-16 19:47:20,819 [INFO] PluginManage:359 - Loaded plugin ipmanager (category:base,tabindex:5)
2025-09-16 19:47:20,819 [INFO] PluginManage:310 - Check plugin lpbam
2025-09-16 19:47:20,835 [INFO] PluginManage:359 - Loaded plugin lpbam (category:base,tabindex:0)
2025-09-16 19:47:20,835 [INFO] PluginManage:310 - Check plugin memorymap
2025-09-16 19:47:20,855 [INFO] PluginManage:359 - Loaded plugin memorymap (category:base,tabindex:4)
2025-09-16 19:47:20,855 [INFO] PluginManage:310 - Check plugin pinoutandconfiguration
2025-09-16 19:47:20,871 [INFO] PluginManage:359 - Loaded plugin pinoutandconfiguration (category:base,tabindex:1)
2025-09-16 19:47:20,871 [INFO] PluginManage:310 - Check plugin pinoutconfig
2025-09-16 19:47:20,951 [WARN] SupportedApi:132 - Cannot load RTOS API schema: s4s-elt-must-match.1: The content of 'definitions' must match (annotation?, (simpleType | complexType)?, (unique | key | keyref)*)). A problem was found starting at: attribute.
2025-09-16 19:47:21,046 [INFO] PluginManage:359 - Loaded plugin pinoutconfig (category:base,tabindex:0)
2025-09-16 19:47:21,046 [INFO] PluginManage:310 - Check plugin power
2025-09-16 19:47:21,065 [INFO] PluginManage:359 - Loaded plugin power (category:power,tabindex:4)
2025-09-16 19:47:21,066 [INFO] PluginManage:310 - Check plugin projectmanager
2025-09-16 19:47:21,078 [INFO] PluginManage:359 - Loaded plugin projectmanager (category:projectmanager,tabindex:4)
2025-09-16 19:47:21,079 [INFO] PluginManage:310 - Check plugin rif
2025-09-16 19:47:21,097 [INFO] PluginManage:359 - Loaded plugin rif (category:base,tabindex:3)
2025-09-16 19:47:21,098 [INFO] PluginManage:310 - Check plugin thirdparty
2025-09-16 19:47:21,350 [INFO] PluginManage:359 - Loaded plugin thirdparty (category:base,tabindex:-1)
2025-09-16 19:47:21,350 [WARN] IntegrityCheckThread:84 - waiting for thirdparty lock release [integrity check]
2025-09-16 19:47:21,350 [INFO] IntegrityCheckThread:86 - entering critical section [integrity check]
2025-09-16 19:47:21,350 [INFO] PluginManage:310 - Check plugin tools
2025-09-16 19:47:21,351 [INFO] ThirdPartyUpdaterWithRetryManager:70 - Updater plugin not ready yet. [1/15]
2025-09-16 19:47:21,383 [INFO] PluginManage:359 - Loaded plugin tools (category:base,tabindex:7)
2025-09-16 19:47:21,383 [INFO] PluginManage:310 - Check plugin tutovideos
2025-09-16 19:47:21,555 [INFO] PluginManage:359 - Loaded plugin tutovideos (category:base,tabindex:-1)
2025-09-16 19:47:21,555 [INFO] PluginManage:310 - Check plugin updater
2025-09-16 19:47:21,571 [INFO] PluginManage:359 - Loaded plugin updater (category:base,tabindex:12)
2025-09-16 19:47:21,571 [INFO] PluginManage:310 - Check plugin userauth
2025-09-16 19:47:21,574 [INFO] UserAuth:118 - Init User Auth plugin
2025-09-16 19:47:21,575 [INFO] PluginManage:359 - Loaded plugin userauth (category:base,tabindex:14)
2025-09-16 19:47:21,575 [INFO] PluginManage:283 - PluginManage : Loaded plugins [18]
2025-09-16 19:47:21,735 [INFO] PinOutPanel:1589 - setPackage(No Configuration,No Configuration)
2025-09-16 19:47:21,799 [INFO] CADModel:165 - CPN selected for project level
2025-09-16 19:47:21,799 [INFO] CADModel:114 - Register for checkConnection events
2025-09-16 19:47:21,822 [INFO] IPUIPlugin:80 - create IPUIPlugin
2025-09-16 19:47:21,823 [INFO] PluginManager:220 - loadIPPluginJar : add adc
2025-09-16 19:47:21,856 [INFO] IPUIPlugin:80 - create IPUIPlugin
2025-09-16 19:47:21,856 [INFO] PluginManager:220 - loadIPPluginJar : add aes
2025-09-16 19:47:21,896 [INFO] IPUIPlugin:80 - create IPUIPlugin
2025-09-16 19:47:21,896 [INFO] PluginManager:220 - loadIPPluginJar : add can
2025-09-16 19:47:21,921 [INFO] IPUIPlugin:80 - create IPUIPlugin
2025-09-16 19:47:21,921 [INFO] PluginManager:220 - loadIPPluginJar : add comp
2025-09-16 19:47:21,954 [INFO] IPUIPlugin:80 - create IPUIPlugin
2025-09-16 19:47:21,954 [INFO] PluginManager:220 - loadIPPluginJar : add cryp
2025-09-16 19:47:21,966 [INFO] IPUIPlugin:80 - create IPUIPlugin
2025-09-16 19:47:21,966 [INFO] PluginManager:220 - loadIPPluginJar : add ddr_ctrl_phy
2025-09-16 19:47:21,995 [INFO] IPUIPlugin:80 - create IPUIPlugin
2025-09-16 19:47:21,996 [INFO] PluginManager:220 - loadIPPluginJar : add dfsdm
2025-09-16 19:47:22,009 [INFO] IPUIPlugin:80 - create IPUIPlugin
2025-09-16 19:47:22,010 [INFO] PluginManager:220 - loadIPPluginJar : add dma
2025-09-16 19:47:22,048 [INFO] IPUIPlugin:80 - create IPUIPlugin
2025-09-16 19:47:22,048 [INFO] PluginManager:220 - loadIPPluginJar : add dma3
2025-09-16 19:47:22,087 [INFO] IPUIPlugin:80 - create IPUIPlugin
2025-09-16 19:47:22,087 [INFO] PluginManager:220 - loadIPPluginJar : add extmemmanager
2025-09-16 19:47:22,108 [INFO] IPUIPlugin:80 - create IPUIPlugin
2025-09-16 19:47:22,108 [INFO] PluginManager:220 - loadIPPluginJar : add fatfs
2025-09-16 19:47:22,151 [INFO] IPUIPlugin:80 - create IPUIPlugin
2025-09-16 19:47:22,151 [INFO] PluginManager:220 - loadIPPluginJar : add fmc
2025-09-16 19:47:22,165 [INFO] IPUIPlugin:80 - create IPUIPlugin
2025-09-16 19:47:22,165 [INFO] PluginManager:220 - loadIPPluginJar : add freertos
2025-09-16 19:47:22,185 [INFO] IPUIPlugin:80 - create IPUIPlugin
2025-09-16 19:47:22,185 [INFO] PluginManager:220 - loadIPPluginJar : add genericplugin
2025-09-16 19:47:22,268 [INFO] IPUIPlugin:80 - create IPUIPlugin
2025-09-16 19:47:22,268 [INFO] PluginManager:220 - loadIPPluginJar : add gfxmmu
2025-09-16 19:47:22,399 [INFO] IPUIPlugin:80 - create IPUIPlugin
2025-09-16 19:47:22,399 [INFO] PluginManager:220 - loadIPPluginJar : add gic
2025-09-16 19:47:22,413 [INFO] IPUIPlugin:80 - create IPUIPlugin
2025-09-16 19:47:22,413 [INFO] PluginManager:220 - loadIPPluginJar : add gpio
2025-09-16 19:47:22,502 [INFO] IPUIPlugin:80 - create IPUIPlugin
2025-09-16 19:47:22,502 [INFO] PluginManager:220 - loadIPPluginJar : add gtzc
2025-09-16 19:47:22,537 [INFO] IPUIPlugin:80 - create IPUIPlugin
2025-09-16 19:47:22,537 [INFO] PluginManager:220 - loadIPPluginJar : add hash
2025-09-16 19:47:22,590 [INFO] IPUIPlugin:80 - create IPUIPlugin
2025-09-16 19:47:22,590 [INFO] PluginManager:220 - loadIPPluginJar : add i2c
2025-09-16 19:47:22,631 [INFO] IPUIPlugin:80 - create IPUIPlugin
2025-09-16 19:47:22,631 [INFO] PluginManager:220 - loadIPPluginJar : add i2s
2025-09-16 19:47:22,668 [INFO] IPUIPlugin:80 - create IPUIPlugin
2025-09-16 19:47:22,668 [INFO] PluginManager:220 - loadIPPluginJar : add i3c
2025-09-16 19:47:22,746 [INFO] IPUIPlugin:80 - create IPUIPlugin
2025-09-16 19:47:22,746 [INFO] PluginManager:220 - loadIPPluginJar : add ipddr
2025-09-16 19:47:22,825 [INFO] IPUIPlugin:80 - create IPUIPlugin
2025-09-16 19:47:22,825 [INFO] PluginManager:220 - loadIPPluginJar : add linkedlist
2025-09-16 19:47:22,858 [INFO] IPUIPlugin:80 - create IPUIPlugin
2025-09-16 19:47:22,858 [INFO] PluginManager:220 - loadIPPluginJar : add lorawan
2025-09-16 19:47:22,894 [INFO] IPUIPlugin:80 - create IPUIPlugin
2025-09-16 19:47:22,894 [INFO] PluginManager:220 - loadIPPluginJar : add ltdc
2025-09-16 19:47:22,908 [INFO] IPUIPlugin:80 - create IPUIPlugin
2025-09-16 19:47:22,908 [INFO] PluginManager:220 - loadIPPluginJar : add mdma
2025-09-16 19:47:22,919 [INFO] IPUIPlugin:80 - create IPUIPlugin
2025-09-16 19:47:22,920 [INFO] PluginManager:220 - loadIPPluginJar : add nvic
2025-09-16 19:47:22,955 [INFO] IPUIPlugin:80 - create IPUIPlugin
2025-09-16 19:47:22,955 [INFO] PluginManager:220 - loadIPPluginJar : add opamp
2025-09-16 19:47:23,014 [INFO] IPUIPlugin:80 - create IPUIPlugin
2025-09-16 19:47:23,014 [INFO] PluginManager:220 - loadIPPluginJar : add openamp
2025-09-16 19:47:23,055 [INFO] IPUIPlugin:80 - create IPUIPlugin
2025-09-16 19:47:23,055 [INFO] PluginManager:220 - loadIPPluginJar : add pdm2pcm
2025-09-16 19:47:23,068 [INFO] IPUIPlugin:80 - create IPUIPlugin
2025-09-16 19:47:23,069 [INFO] PluginManager:220 - loadIPPluginJar : add plateformsettings
2025-09-16 19:47:23,094 [INFO] IPUIPlugin:80 - create IPUIPlugin
2025-09-16 19:47:23,094 [INFO] PluginManager:220 - loadIPPluginJar : add quadspi
2025-09-16 19:47:23,118 [INFO] IPUIPlugin:80 - create IPUIPlugin
2025-09-16 19:47:23,119 [INFO] PluginManager:220 - loadIPPluginJar : add radio
2025-09-16 19:47:23,132 [INFO] IPUIPlugin:80 - create IPUIPlugin
2025-09-16 19:47:23,132 [INFO] PluginManager:220 - loadIPPluginJar : add resmgrutility
2025-09-16 19:47:23,177 [INFO] IPUIPlugin:80 - create IPUIPlugin
2025-09-16 19:47:23,177 [INFO] PluginManager:220 - loadIPPluginJar : add sai
2025-09-16 19:47:23,213 [INFO] IPUIPlugin:80 - create IPUIPlugin
2025-09-16 19:47:23,213 [INFO] PluginManager:220 - loadIPPluginJar : add spi
2025-09-16 19:47:23,278 [INFO] IPUIPlugin:80 - create IPUIPlugin
2025-09-16 19:47:23,278 [INFO] PluginManager:220 - loadIPPluginJar : add stm32_wpan
2025-09-16 19:47:23,304 [INFO] IPUIPlugin:80 - create IPUIPlugin
2025-09-16 19:47:23,304 [INFO] PluginManager:220 - loadIPPluginJar : add tim
2025-09-16 19:47:23,354 [INFO] IPUIPlugin:80 - create IPUIPlugin
2025-09-16 19:47:23,354 [INFO] PluginManager:220 - loadIPPluginJar : add touchsensing
2025-09-16 19:47:23,375 [INFO] IPUIPlugin:80 - create IPUIPlugin
2025-09-16 19:47:23,375 [INFO] PluginManager:220 - loadIPPluginJar : add tracer_emb
2025-09-16 19:47:23,398 [INFO] IPUIPlugin:80 - create IPUIPlugin
2025-09-16 19:47:23,398 [INFO] PluginManager:220 - loadIPPluginJar : add ts
2025-09-16 19:47:23,422 [INFO] IPUIPlugin:80 - create IPUIPlugin
2025-09-16 19:47:23,422 [INFO] PluginManager:220 - loadIPPluginJar : add tsc
2025-09-16 19:47:23,442 [INFO] IPUIPlugin:80 - create IPUIPlugin
2025-09-16 19:47:23,443 [INFO] PluginManager:220 - loadIPPluginJar : add ucpd
2025-09-16 19:47:23,481 [INFO] IPUIPlugin:80 - create IPUIPlugin
2025-09-16 19:47:23,482 [INFO] PluginManager:220 - loadIPPluginJar : add usart
2025-09-16 19:47:23,523 [INFO] IPUIPlugin:80 - create IPUIPlugin
2025-09-16 19:47:23,523 [INFO] PluginManager:220 - loadIPPluginJar : add usbx
2025-09-16 19:47:23,634 [FATAL] Updater:351 - Updater called before beeing initialized
2025-09-16 19:47:23,654 [INFO] RulesReader:64 - Compatibility file has been processed (317 Rules)
2025-09-16 19:47:23,661 [INFO] RulesReader:64 - Compatibility file has been processed (317 Rules)
2025-09-16 19:47:23,669 [INFO] CADModel:165 - CPN selected for project level
2025-09-16 19:47:23,669 [INFO] CADModel:114 - Register for checkConnection events
2025-09-16 19:47:23,669 [FATAL] Updater:351 - Updater called before beeing initialized
2025-09-16 19:47:23,669 [ERROR] CADModel:125 - Updater not yet initialized, retry later 
2025-09-16 19:47:23,788 [FATAL] Updater:351 - Updater called before beeing initialized
2025-09-16 19:47:23,798 [INFO] CADModel:165 - CPN selected for project level
2025-09-16 19:47:23,798 [INFO] CADModel:114 - Register for checkConnection events
2025-09-16 19:47:23,798 [FATAL] Updater:351 - Updater called before beeing initialized
2025-09-16 19:47:23,799 [ERROR] CADModel:125 - Updater not yet initialized, retry later 
2025-09-16 19:47:23,802 [FATAL] Updater:351 - Updater called before beeing initialized
2025-09-16 19:47:23,886 [FATAL] Updater:351 - Updater called before beeing initialized
2025-09-16 19:47:23,896 [INFO] DbMcusAds:53 - JSON generation date=Tue Jul 08 15:14:23 ICT 2025 (1751962463582)
2025-09-16 19:47:23,896 [FATAL] Updater:351 - Updater called before beeing initialized
2025-09-16 19:47:23,967 [WARN] DetailPanel:346 - Failed to get advertising image, set to default
2025-09-16 19:47:24,055 [FATAL] Updater:351 - Updater called before beeing initialized
2025-09-16 19:47:24,057 [FATAL] Updater:351 - Updater called before beeing initialized
2025-09-16 19:47:24,057 [FATAL] Updater:351 - Updater called before beeing initialized
2025-09-16 19:47:24,057 [WARN] DetailPanel:346 - Failed to get advertising image, set to default
2025-09-16 19:47:24,058 [FATAL] Updater:351 - Updater called before beeing initialized
2025-09-16 19:47:24,109 [ERROR] Updater:1198 - MainUpdater not yet initialized. External WinMGr cannot be set.
2025-09-16 19:47:24,119 [INFO] Updater:1134 - Updater Version found : 6.15.0
2025-09-16 19:47:24,134 [INFO] ApplicationProperties:184 - Using Application install path: E:\STM32CubeIDE_1.19.0\STM32CubeIDE\plugins\com.st.stm32cube.common.mx_6.15.0.202507011659
2025-09-16 19:47:24,352 [INFO] ThirdPartyUpdaterWithRetryManager:70 - Updater plugin not ready yet. [2/15]
2025-09-16 19:47:24,468 [INFO] MainUpdater:2872 - connection check result : 10
2025-09-16 19:47:24,469 [INFO] MainUpdater:289 - Updater Check For Update Now.
2025-09-16 19:47:24,469 [INFO] MicroXplorer:498 - Change Database Version : DB.6.0.150
2025-09-16 19:47:24,493 [INFO] McuFinderGlobals:63 - Set McuFinder mode to 2 (CubeIDE integrated)
2025-09-16 19:47:24,501 [INFO] UserAuth:487 - Internet connection configuration mode: 1
2025-09-16 19:47:24,531 [INFO] JxBrowserEngine:152 - Initiate JxBrowser Engine with user profile folder
2025-09-16 19:47:24,652 [INFO] CheckServerUpdateThread:120 - End of CheckServer Thread
2025-09-16 19:47:25,529 [INFO] WebApp:169 - Instantiating new browser for Auth
2025-09-16 19:47:26,078 [INFO] WebApp:463 - Apply proxy settings
2025-09-16 19:47:26,078 [INFO] WebApp:548 - Chromium requires no authentication
2025-09-16 19:47:26,085 [INFO] WebApp:491 - Direct internet connection detected
2025-09-16 19:47:26,103 [INFO] WebApp:900 - Register for checkConnection events
2025-09-16 19:47:26,103 [INFO] WebApp:463 - Apply proxy settings
2025-09-16 19:47:26,103 [INFO] WebApp:548 - Chromium requires no authentication
2025-09-16 19:47:26,103 [INFO] WebApp:491 - Direct internet connection detected
2025-09-16 19:47:26,251 [INFO] WebApp:225 - Starting web application
2025-09-16 19:47:26,251 [INFO] WebApp:593 - Web application path used E:\STM32CubeIDE_1.19.0\STM32CubeIDE\plugins\com.st.stm32cube.common.mx_6.15.0.202507011659\db\plugins\mcufinder\reactClient1\index.html
2025-09-16 19:47:26,363 [INFO] UserAuth:487 - Internet connection configuration mode: 1
2025-09-16 19:47:26,435 [INFO] WebApp:191 - Connection restablished
2025-09-16 19:47:27,524 [WARN] PackLoader:240 - Cannot read IP mode file for STMicroelectronics.FP-SNS-MOTENVWB1.1.4.0
2025-09-16 19:47:27,538 [WARN] PackLoader:240 - Cannot read IP mode file for STMicroelectronics.FP-ATR-ASTRA1.2.0.2
2025-09-16 19:47:27,552 [WARN] PackLoader:240 - Cannot read IP mode file for STMicroelectronics.X-CUBE-SMBUS.2.1.0
2025-09-16 19:47:27,564 [WARN] PackLoader:240 - Cannot read IP mode file for STMicroelectronics.X-CUBE-ST60.1.0.0
2025-09-16 19:47:27,598 [WARN] PackLoader:240 - Cannot read IP mode file for STMicroelectronics.X-CUBE-AZRTOS-F7.1.1.0
2025-09-16 19:47:27,627 [WARN] PackLoader:240 - Cannot read IP mode file for Infineon.AIROC-Wi-Fi-Bluetooth-STM32.1.7.1
2025-09-16 19:47:27,661 [WARN] PackLoader:240 - Cannot read IP mode file for STMicroelectronics.X-CUBE-AZRTOS-H7.3.4.0
2025-09-16 19:47:27,678 [WARN] PackLoader:240 - Cannot read IP mode file for STMicroelectronics.X-CUBE-DISPLAY.3.0.0
2025-09-16 19:47:27,698 [WARN] PackLoader:240 - Cannot read IP mode file for STMicroelectronics.X-CUBE-NFC10.1.0.0
2025-09-16 19:47:27,711 [WARN] PackLoader:240 - Cannot read IP mode file for emotas.I-CUBE-CANOPEN.1.3.0
2025-09-16 19:47:27,725 [WARN] PackLoader:240 - Cannot read IP mode file for STMicroelectronics.FP-SNS-STBOX1.2.1.0
2025-09-16 19:47:27,737 [WARN] PackLoader:240 - Cannot read IP mode file for STMicroelectronics.FP-SNS-SMARTAG2.1.2.0
2025-09-16 19:47:27,749 [WARN] PackLoader:240 - Cannot read IP mode file for STMicroelectronics.FP-SNS-FLIGHT1.5.1.0
2025-09-16 19:47:27,775 [INFO] LogOutputStream:77 - [STDOUT_REDIRECT] 1 : Invalid condition id : UX_CORESTACK_Condition cause : null
2025-09-16 19:47:27,775 [INFO] LogOutputStream:77 - [STDOUT_REDIRECT] 1 : Invalid condition id : UX_CORESTACK_Condition cause : null
2025-09-16 19:47:27,776 [INFO] LogOutputStream:77 - [STDOUT_REDIRECT] 1 : Invalid condition id : UX_CORESTACK_Condition cause : null
2025-09-16 19:47:27,776 [INFO] LogOutputStream:77 - [STDOUT_REDIRECT] 1 : Invalid condition id : UX_CORESTACK_Condition cause : null
2025-09-16 19:47:27,777 [INFO] LogOutputStream:77 - [STDOUT_REDIRECT] 1 : Invalid condition id : UX_CORESTACK_Condition cause : null
2025-09-16 19:47:27,779 [WARN] PackLoader:240 - Cannot read IP mode file for STMicroelectronics.X-CUBE-AZRTOS-WL.2.0.0
2025-09-16 19:47:27,791 [WARN] PackLoader:240 - Cannot read IP mode file for STMicroelectronics.FP-SNS-MOTENV1.5.0.0
2025-09-16 19:47:27,805 [WARN] PackLoader:240 - Cannot read IP mode file for WES.I-CUBE-Cesium.1.3.0
2025-09-16 19:47:27,818 [WARN] PackLoader:240 - Cannot read IP mode file for STMicroelectronics.X-CUBE-BLE2.3.3.0
2025-09-16 19:47:27,830 [WARN] PackLoader:240 - Cannot read IP mode file for STMicroelectronics.X-CUBE-NFC9.1.0.0
2025-09-16 19:47:27,843 [WARN] PackLoader:240 - Cannot read IP mode file for wolfSSL.I-CUBE-wolfSSL.5.8.0
2025-09-16 19:47:27,857 [WARN] PackLoader:240 - Cannot read IP mode file for wolfSSL.I-CUBE-wolfSSL.5.8.2
2025-09-16 19:47:27,876 [WARN] PackLoader:240 - Cannot read IP mode file for STMicroelectronics.X-CUBE-BLE1.7.1.0
2025-09-16 19:47:27,892 [WARN] PackLoader:240 - Cannot read IP mode file for wolfSSL.I-CUBE-wolfMQTT.1.19.2
2025-09-16 19:47:27,910 [WARN] PackLoader:240 - Cannot read IP mode file for STMicroelectronics.X-CUBE-EEPRMA1.5.2.0
2025-09-16 19:47:27,937 [WARN] PackLoader:240 - Cannot read IP mode file for STMicroelectronics.X-CUBE-AI.10.1.0
2025-09-16 19:47:27,968 [WARN] PackLoader:240 - Cannot read IP mode file for STMicroelectronics.X-CUBE-AZRTOS-G0.1.1.0
2025-09-16 19:47:27,987 [WARN] PackLoader:240 - Cannot read IP mode file for STMicroelectronics.X-CUBE-SAFEA1.1.2.2
2025-09-16 19:47:28,003 [WARN] PackLoader:240 - Cannot read IP mode file for STMicroelectronics.X-CUBE-NFC4.3.0.0
2025-09-16 19:47:28,019 [WARN] PackLoader:240 - Cannot read IP mode file for EmbeddedOffice.I-CUBE-FS-RTOS.1.0.1
2025-09-16 19:47:28,034 [WARN] PackLoader:240 - Cannot read IP mode file for STMicroelectronics.X-CUBE-WB05N.2.0.0
2025-09-16 19:47:28,046 [WARN] PackLoader:240 - Cannot read IP mode file for wolfSSL.I-CUBE-wolfTPM.3.8.0
2025-09-16 19:47:28,059 [WARN] PackLoader:240 - Cannot read IP mode file for STMicroelectronics.X-CUBE-TCPP.4.2.0
2025-09-16 19:47:28,073 [WARN] PackLoader:240 - Cannot read IP mode file for RealThread.X-CUBE-RT-Thread_Nano.4.1.1
2025-09-16 19:47:28,084 [WARN] PackLoader:240 - Cannot read IP mode file for STMicroelectronics.FP-ATR-SIGFOX1.3.2.0
2025-09-16 19:47:28,097 [WARN] PackLoader:240 - Cannot read IP mode file for ITTIA_DB.I-CUBE-ITTIADB.8.9.0
2025-09-16 19:47:28,109 [WARN] PackLoader:240 - Cannot read IP mode file for STMicroelectronics.X-CUBE-ST67W61.1.0.0
2025-09-16 19:47:28,120 [WARN] PackLoader:240 - Cannot read IP mode file for STMicroelectronics.X-CUBE-AI.10.2.0
2025-09-16 19:47:28,146 [WARN] PackLoader:240 - Cannot read IP mode file for SEGGER.I-CUBE-embOS.1.3.1
2025-09-16 19:47:28,184 [WARN] PackLoader:240 - Cannot read IP mode file for STMicroelectronics.X-CUBE-ALGOBUILD.1.4.0
2025-09-16 19:47:28,215 [WARN] PackLoader:240 - Cannot read IP mode file for STMicroelectronics.X-CUBE-MEMS1.11.3.0
2025-09-16 19:47:28,284 [WARN] PackLoader:240 - Cannot read IP mode file for STMicroelectronics.X-CUBE-PM33A1.1.0.0
2025-09-16 19:47:28,303 [WARN] PackLoader:240 - Cannot read IP mode file for STMicroelectronics.X-CUBE-AZRTOS-F4.1.1.0
2025-09-16 19:47:28,317 [WARN] PackLoader:240 - Cannot read IP mode file for Avnet-IotConnect.X-CUBE-IoTC-DA16k-PMOD.1.0.0
2025-09-16 19:47:28,328 [WARN] PackLoader:240 - Cannot read IP mode file for STMicroelectronics.X-CUBE-ISPU.2.1.0
2025-09-16 19:47:28,342 [WARN] PackLoader:240 - Cannot read IP mode file for STMicroelectronics.X-CUBE-NFC12.1.0.0
2025-09-16 19:47:28,364 [WARN] PackLoader:240 - Cannot read IP mode file for STMicroelectronics.X-CUBE-AZRTOS-L5.2.0.0
2025-09-16 19:47:28,378 [WARN] PackLoader:240 - Cannot read IP mode file for STMicroelectronics.X-CUBE-NFC6.3.1.0
2025-09-16 19:47:28,391 [WARN] PackLoader:240 - Cannot read IP mode file for STMicroelectronics.X-CUBE-FREERTOS.1.3.1
2025-09-16 19:47:28,404 [WARN] PackLoader:240 - Cannot read IP mode file for STMicroelectronics.FP-SNS-STAIOTCFT.1.0.0
2025-09-16 19:47:28,417 [WARN] PackLoader:240 - Cannot read IP mode file for STMicroelectronics.X-CUBE-DPower.1.3.0
2025-09-16 19:47:28,437 [WARN] ConditionMgr:438 - getConditionDescription Invalid condition id : LAN8742 Phy interface Condition cause : null
2025-09-16 19:47:28,437 [WARN] PackLoader:240 - Cannot read IP mode file for STMicroelectronics.X-CUBE-AZRTOS-L4.2.0.0
2025-09-16 19:47:28,438 [WARN] ConditionMgr:1044 - genDependencies : Invalid condition id : LAN8742 Phy interface Condition cause : null
2025-09-16 19:47:28,438 [WARN] ConditionMgr:1044 - genDependencies : Invalid condition id : LAN8742 Phy interface Condition cause : null
2025-09-16 19:47:28,438 [WARN] ConditionMgr:1044 - genDependencies : Invalid condition id : LAN8742 Phy interface Condition cause : null
2025-09-16 19:47:28,452 [WARN] PackLoader:240 - Cannot read IP mode file for STMicroelectronics.X-CUBE-SFXS2LP1.4.0.0
2025-09-16 19:47:28,468 [WARN] PackLoader:240 - Cannot read IP mode file for STMicroelectronics.X-CUBE-BLEMGR.4.1.0
2025-09-16 19:47:28,489 [WARN] ConditionMgr:438 - getConditionDescription Invalid condition id : UX DEVICE CLASS RTOS Condition cause : null
2025-09-16 19:47:28,489 [WARN] ConditionMgr:438 - getConditionDescription Invalid condition id : UX DEVICE CLASS RTOS Condition cause : null
2025-09-16 19:47:28,489 [WARN] PackLoader:240 - Cannot read IP mode file for STMicroelectronics.X-CUBE-AZRTOS-WB.2.0.0
2025-09-16 19:47:28,490 [WARN] ConditionMgr:1044 - genDependencies : Invalid condition id : UX DEVICE CLASS RTOS Condition cause : null
2025-09-16 19:47:28,490 [WARN] ConditionMgr:1044 - genDependencies : Invalid condition id : UX DEVICE CLASS RTOS Condition cause : null
2025-09-16 19:47:28,490 [WARN] ConditionMgr:1044 - genDependencies : Invalid condition id : UX DEVICE CLASS RTOS Condition cause : null
2025-09-16 19:47:28,490 [WARN] ConditionMgr:1044 - genDependencies : Invalid condition id : UX DEVICE CLASS RTOS Condition cause : null
2025-09-16 19:47:28,490 [WARN] ConditionMgr:1044 - genDependencies : Invalid condition id : UX DEVICE CLASS RTOS Condition cause : null
2025-09-16 19:47:28,501 [WARN] PackLoader:240 - Cannot read IP mode file for STMicroelectronics.X-CUBE-GNSS1.7.0.1
2025-09-16 19:47:28,514 [WARN] PackLoader:240 - Cannot read IP mode file for STMicroelectronics.X-CUBE-TOUCHGFX.4.25.0
2025-09-16 19:47:28,526 [WARN] PackLoader:240 - Cannot read IP mode file for STMicroelectronics.FP-SNS-STBOX1.2.0.0
2025-09-16 19:47:28,538 [WARN] ConditionMgr:438 - getConditionDescription Invalid condition id : Cortex-A Device cause : null
2025-09-16 19:47:28,559 [WARN] ConditionMgr:1044 - genDependencies : Invalid condition id : Cortex-A Device cause : null
2025-09-16 19:47:28,559 [WARN] ConditionMgr:1044 - genDependencies : Invalid condition id : Cortex-A Device cause : null
2025-09-16 19:47:28,559 [WARN] ConditionMgr:1044 - genDependencies : Invalid condition id : Cortex-A Device cause : null
2025-09-16 19:47:28,577 [WARN] PackLoader:240 - Cannot read IP mode file for STMicroelectronics.X-CUBE-SUBG2.5.0.0
2025-09-16 19:47:28,608 [WARN] PackLoader:240 - Cannot read IP mode file for STMicroelectronics.X-CUBE-AZRTOS-H7RS.1.1.0
2025-09-16 19:47:28,631 [WARN] PackLoader:240 - Cannot read IP mode file for Cesanta.I-CUBE-Mongoose.7.13.0
2025-09-16 19:47:28,654 [WARN] PackLoader:240 - Cannot read IP mode file for STMicroelectronics.X-CUBE-AZRTOS-G4.2.0.0
2025-09-16 19:47:28,665 [WARN] PackLoader:240 - Cannot read IP mode file for wolfSSL.I-CUBE-wolfSSH.1.4.20
2025-09-16 19:47:28,676 [WARN] PackLoader:240 - Cannot read IP mode file for STMicroelectronics.X-CUBE-NFC7.2.0.0
2025-09-16 19:47:28,692 [WARN] PackLoader:240 - Cannot read IP mode file for STMicroelectronics.X-CUBE-IPS.3.1.0
2025-09-16 19:47:28,708 [WARN] PackLoader:240 - Cannot read IP mode file for STMicroelectronics.X-CUBE-ALS.1.0.2
2025-09-16 19:47:28,722 [WARN] PackLoader:240 - Cannot read IP mode file for STMicroelectronics.X-CUBE-STSE01.1.0.0
2025-09-16 19:47:28,735 [WARN] PackLoader:240 - Cannot read IP mode file for portGmbH.I-Cube-SoM-uGOAL.1.1.0
2025-09-16 19:47:28,751 [WARN] PackLoader:240 - Cannot read IP mode file for STMicroelectronics.X-CUBE-TOF1.3.4.3
2025-09-16 19:47:28,756 [INFO] ThirdParty:978 - Integrity check success = true
2025-09-16 19:47:28,756 [INFO] IntegrityCheckThread:100 - exiting critical section [integrity check]
2025-09-16 19:47:28,756 [INFO] IntegrityCheckThread:103 - End integrity checks thread
2025-09-16 20:21:52,296 [INFO] WebApp:194 - Connection lost
2025-09-16 20:21:58,685 [INFO] WebApp:191 - Connection restablished
2025-09-16 20:23:45,784 [INFO] WebApp:194 - Connection lost
2025-09-16 20:23:46,111 [INFO] WebApp:191 - Connection restablished
2025-09-16 21:09:32,342 [ERROR] ConfigurationRetriever:142 - IOException on connection: Read timed out
2025-09-16 21:09:34,415 [ERROR] ConfigurationRetriever:142 - IOException on connection: Read timed out
2025-09-16 21:47:23,776 [ERROR] ConfigurationRetriever:142 - IOException on connection: Connect timed out
2025-09-16 21:47:25,779 [ERROR] ConfigurationRetriever:142 - IOException on connection: Connect timed out
2025-09-16 21:47:36,840 [ERROR] ConfigurationRetriever:142 - IOException on connection: sw-center.st.com
2025-09-16 21:47:36,855 [ERROR] ConfigurationRetriever:142 - IOException on connection: sw-center.st.com
2025-09-16 21:47:36,855 [ERROR] ConfigurationRetriever:142 - IOException on connection: sw-center.st.com
2025-09-16 21:47:36,855 [ERROR] ConfigurationRetriever:142 - IOException on connection: sw-center.st.com
2025-09-16 21:47:44,242 [INFO] WebApp:194 - Connection lost
2025-09-16 21:47:44,554 [INFO] WebApp:191 - Connection restablished
2025-09-16 21:51:50,088 [INFO] WebApp:194 - Connection lost
2025-09-16 21:51:50,373 [INFO] WebApp:191 - Connection restablished
2025-09-16 21:51:53,244 [INFO] WebApp:194 - Connection lost
2025-09-16 21:51:53,400 [INFO] WebApp:191 - Connection restablished
2025-09-16 21:56:43,731 [INFO] WebApp:194 - Connection lost
2025-09-16 21:56:45,875 [INFO] WebApp:191 - Connection restablished
2025-09-16 21:56:46,807 [INFO] WebApp:194 - Connection lost
2025-09-16 21:56:46,981 [INFO] WebApp:191 - Connection restablished
2025-09-16 21:59:46,173 [ERROR] ConfigurationRetriever:142 - IOException on connection: Read timed out
