2025-09-14 15:45:17,774 [INFO] Activator:176 - 


2025-09-14 15:45:17,778 [INFO] Activator:177 - !SESSION log4j initialized
2025-09-14 15:45:23,462 [INFO] LogOutputStream:77 - [STDOUT_REDIRECT] 
2025-09-14 15:45:29,317 [INFO] ApplicationProperties:184 - Using Application install path: E:\STM32CubeIDE_1.19.0\STM32CubeIDE\plugins\com.st.stm32cube.common.mx_6.15.0.202507011659
2025-09-14 15:45:29,332 [INFO] DbMcusXml:78 - Set database path to: E:\STM32CubeIDE_1.19.0\STM32CubeIDE\plugins\com.st.stm32cube.common.mx_6.15.0.202507011659\\db\/mcu/
2025-09-14 15:45:29,332 [INFO] ApiDb:274 - Set plugin database path to: E:\STM32CubeIDE_1.19.0\STM32CubeIDE\plugins\com.st.stm32cube.common.mx_6.15.0.202507011659\\db\/plugins/boardmanager/
2025-09-14 15:45:29,333 [WARN] ApiDb:259 - Overriding images path with different value:  => E:\STM32CubeIDE_1.19.0\STM32CubeIDE\plugins\com.st.stm32cube.common.mx_6.15.0.202507011659\\db\/plugins/mcufinder/images/
2025-09-14 15:45:29,343 [INFO] ApiDb:250 - Set database path to: C:\Users\nphis\.stmcufinder\plugins\mcufinder//mcu/
2025-09-14 15:45:29,345 [INFO] DbMcusAds:125 - Set database path to: C:\Users\nphis\.stmcufinder\plugins\mcufinder//mcu/
2025-09-14 15:45:29,347 [INFO] CrossReferenceDbSqlite:203 - Set database path to: C:\Users\nphis\.stmcufinder\plugins\mcufinder//mcu/cs/
2025-09-14 15:45:29,435 [INFO] RulesReader:64 - Compatibility file has been processed (317 Rules)
2025-09-14 15:45:29,496 [INFO] DbMcusXml:78 - Set database path to: E:\STM32CubeIDE_1.19.0\STM32CubeIDE\plugins\com.st.stm32cube.common.mx_6.15.0.202507011659\\db\/mcu/
2025-09-14 15:45:29,496 [INFO] ApiDb:274 - Set plugin database path to: E:\STM32CubeIDE_1.19.0\STM32CubeIDE\plugins\com.st.stm32cube.common.mx_6.15.0.202507011659\\db\/plugins/boardmanager/
2025-09-14 15:45:29,496 [INFO] ApiDb:261 - Set plugin images path to: E:\STM32CubeIDE_1.19.0\STM32CubeIDE\plugins\com.st.stm32cube.common.mx_6.15.0.202507011659\\db\/plugins/mcufinder/images/
2025-09-14 15:45:29,496 [WARN] DbFile:41 - Overriding database path with different value: C:\Users\nphis\.stmcufinder\plugins\mcufinder/ => C:\Users\nphis\.stmcufinder\plugins\mcufinder
2025-09-14 15:45:29,497 [INFO] ApiDb:250 - Set database path to: C:\Users\nphis\.stmcufinder\plugins\mcufinder//mcu/
2025-09-14 15:45:29,497 [WARN] DbFile:41 - Overriding database path with different value: C:\Users\nphis\.stmcufinder\plugins\mcufinder/ => C:\Users\nphis\.stmcufinder\plugins\mcufinder
2025-09-14 15:45:29,497 [INFO] DbMcusAds:125 - Set database path to: C:\Users\nphis\.stmcufinder\plugins\mcufinder//mcu/
2025-09-14 15:45:29,497 [WARN] DbFile:41 - Overriding database path with different value: C:\Users\nphis\.stmcufinder\plugins\mcufinder/ => C:\Users\nphis\.stmcufinder\plugins\mcufinder
2025-09-14 15:45:29,497 [WARN] DbFile:41 - Overriding database path with different value: C:\Users\nphis\.stmcufinder\plugins\mcufinder/ => C:\Users\nphis\.stmcufinder\plugins\mcufinder
2025-09-14 15:45:29,497 [INFO] CrossReferenceDbSqlite:203 - Set database path to: C:\Users\nphis\.stmcufinder\plugins\mcufinder//mcu/cs/
2025-09-14 15:45:29,554 [INFO] MainPanel:274 - HeapMemory: 295698432
2025-09-14 15:45:29,639 [INFO] DbMcusXml:78 - Set database path to: E:\STM32CubeIDE_1.19.0\STM32CubeIDE\plugins\com.st.stm32cube.common.mx_6.15.0.202507011659\\db\/mcu/
2025-09-14 15:45:29,639 [INFO] ApiDb:274 - Set plugin database path to: E:\STM32CubeIDE_1.19.0\STM32CubeIDE\plugins\com.st.stm32cube.common.mx_6.15.0.202507011659\\db\/plugins/boardmanager/
2025-09-14 15:45:29,639 [INFO] ApiDb:261 - Set plugin images path to: E:\STM32CubeIDE_1.19.0\STM32CubeIDE\plugins\com.st.stm32cube.common.mx_6.15.0.202507011659\\db\/plugins/mcufinder/images/
2025-09-14 15:45:29,639 [WARN] DbFile:41 - Overriding database path with different value: C:\Users\nphis\.stmcufinder\plugins\mcufinder/ => C:\Users\nphis\.stmcufinder\plugins\mcufinder
2025-09-14 15:45:29,639 [INFO] ApiDb:250 - Set database path to: C:\Users\nphis\.stmcufinder\plugins\mcufinder//mcu/
2025-09-14 15:45:29,639 [WARN] DbFile:41 - Overriding database path with different value: C:\Users\nphis\.stmcufinder\plugins\mcufinder/ => C:\Users\nphis\.stmcufinder\plugins\mcufinder
2025-09-14 15:45:29,640 [INFO] DbMcusAds:125 - Set database path to: C:\Users\nphis\.stmcufinder\plugins\mcufinder//mcu/
2025-09-14 15:45:29,640 [WARN] DbFile:41 - Overriding database path with different value: C:\Users\nphis\.stmcufinder\plugins\mcufinder/ => C:\Users\nphis\.stmcufinder\plugins\mcufinder
2025-09-14 15:45:29,640 [WARN] DbFile:41 - Overriding database path with different value: C:\Users\nphis\.stmcufinder\plugins\mcufinder/ => C:\Users\nphis\.stmcufinder\plugins\mcufinder
2025-09-14 15:45:29,640 [INFO] CrossReferenceDbSqlite:203 - Set database path to: C:\Users\nphis\.stmcufinder\plugins\mcufinder//mcu/cs/
2025-09-14 15:45:29,654 [INFO] ApplicationProperties:184 - Using Application install path: E:\STM32CubeIDE_1.19.0\STM32CubeIDE\plugins\com.st.stm32cube.common.mx_6.15.0.202507011659
2025-09-14 15:45:29,655 [INFO] PluginManage:196 - Search for loadable plugins [exclusion list=, ]
2025-09-14 15:45:29,656 [INFO] PluginManage:310 - Check plugin analytics
2025-09-14 15:45:34,768 [INFO] AnalyticsPlugin:253 - Accepted Software Licenses: STM32CubeMX.6.15.0
2025-09-14 15:45:34,768 [INFO] AnalyticsPlugin:255 - Accepted CMSIS Pack Licenses: 
2025-09-14 15:45:34,768 [INFO] AnalyticsPlugin:257 - Accepted Firmware Licenses: FW.F7.1.17.0,FW.F4.1.28.0
2025-09-14 15:45:34,771 [INFO] PluginManage:359 - Loaded plugin analytics (category:tool,tabindex:-1)
2025-09-14 15:45:34,771 [INFO] PluginManage:310 - Check plugin cadmodel
2025-09-14 15:45:34,789 [INFO] CADModel:105 - Init CAD model plugin
2025-09-14 15:45:34,790 [INFO] PluginManage:359 - Loaded plugin cadmodel (category:power,tabindex:5)
2025-09-14 15:45:34,790 [INFO] PluginManage:310 - Check plugin clock
2025-09-14 15:45:34,808 [INFO] PluginManage:359 - Loaded plugin clock (category:base,tabindex:2)
2025-09-14 15:45:34,808 [INFO] PluginManage:310 - Check plugin ddr
2025-09-14 15:45:34,809 [INFO] PluginManage:359 - Loaded plugin ddr (category:tool,tabindex:6)
2025-09-14 15:45:34,810 [INFO] PluginManage:310 - Check plugin filemanager
2025-09-14 15:45:34,931 [INFO] PluginManage:359 - Loaded plugin filemanager (category:base,tabindex:10)
2025-09-14 15:45:34,931 [INFO] PluginManage:310 - Check plugin ipmanager
2025-09-14 15:45:34,935 [INFO] PluginManage:359 - Loaded plugin ipmanager (category:base,tabindex:5)
2025-09-14 15:45:34,935 [INFO] PluginManage:310 - Check plugin lpbam
2025-09-14 15:45:34,951 [INFO] PluginManage:359 - Loaded plugin lpbam (category:base,tabindex:0)
2025-09-14 15:45:34,952 [INFO] PluginManage:310 - Check plugin memorymap
2025-09-14 15:45:34,972 [INFO] PluginManage:359 - Loaded plugin memorymap (category:base,tabindex:4)
2025-09-14 15:45:34,972 [INFO] PluginManage:310 - Check plugin pinoutandconfiguration
2025-09-14 15:45:34,988 [INFO] PluginManage:359 - Loaded plugin pinoutandconfiguration (category:base,tabindex:1)
2025-09-14 15:45:34,988 [INFO] PluginManage:310 - Check plugin pinoutconfig
2025-09-14 15:45:35,064 [WARN] SupportedApi:132 - Cannot load RTOS API schema: s4s-elt-must-match.1: The content of 'definitions' must match (annotation?, (simpleType | complexType)?, (unique | key | keyref)*)). A problem was found starting at: attribute.
2025-09-14 15:45:35,170 [INFO] PluginManage:359 - Loaded plugin pinoutconfig (category:base,tabindex:0)
2025-09-14 15:45:35,171 [INFO] PluginManage:310 - Check plugin power
2025-09-14 15:45:35,190 [INFO] PluginManage:359 - Loaded plugin power (category:power,tabindex:4)
2025-09-14 15:45:35,190 [INFO] PluginManage:310 - Check plugin projectmanager
2025-09-14 15:45:35,200 [INFO] PluginManage:359 - Loaded plugin projectmanager (category:projectmanager,tabindex:4)
2025-09-14 15:45:35,201 [INFO] PluginManage:310 - Check plugin rif
2025-09-14 15:45:35,218 [INFO] PluginManage:359 - Loaded plugin rif (category:base,tabindex:3)
2025-09-14 15:45:35,218 [INFO] PluginManage:310 - Check plugin thirdparty
2025-09-14 15:45:35,482 [INFO] PluginManage:359 - Loaded plugin thirdparty (category:base,tabindex:-1)
2025-09-14 15:45:35,482 [WARN] IntegrityCheckThread:84 - waiting for thirdparty lock release [integrity check]
2025-09-14 15:45:35,482 [INFO] IntegrityCheckThread:86 - entering critical section [integrity check]
2025-09-14 15:45:35,482 [INFO] PluginManage:310 - Check plugin tools
2025-09-14 15:45:35,483 [INFO] ThirdPartyUpdaterWithRetryManager:70 - Updater plugin not ready yet. [1/15]
2025-09-14 15:45:35,523 [INFO] PluginManage:359 - Loaded plugin tools (category:base,tabindex:7)
2025-09-14 15:45:35,523 [INFO] PluginManage:310 - Check plugin tutovideos
2025-09-14 15:45:35,724 [INFO] PluginManage:359 - Loaded plugin tutovideos (category:base,tabindex:-1)
2025-09-14 15:45:35,724 [INFO] PluginManage:310 - Check plugin updater
2025-09-14 15:45:35,741 [INFO] PluginManage:359 - Loaded plugin updater (category:base,tabindex:12)
2025-09-14 15:45:35,741 [INFO] PluginManage:310 - Check plugin userauth
2025-09-14 15:45:35,744 [INFO] UserAuth:118 - Init User Auth plugin
2025-09-14 15:45:35,744 [INFO] PluginManage:359 - Loaded plugin userauth (category:base,tabindex:14)
2025-09-14 15:45:35,745 [INFO] PluginManage:283 - PluginManage : Loaded plugins [18]
2025-09-14 15:45:35,909 [INFO] PinOutPanel:1589 - setPackage(No Configuration,No Configuration)
2025-09-14 15:45:35,984 [INFO] CADModel:165 - CPN selected for project level
2025-09-14 15:45:35,984 [INFO] CADModel:114 - Register for checkConnection events
2025-09-14 15:45:36,011 [INFO] IPUIPlugin:80 - create IPUIPlugin
2025-09-14 15:45:36,012 [INFO] PluginManager:220 - loadIPPluginJar : add adc
2025-09-14 15:45:36,054 [INFO] IPUIPlugin:80 - create IPUIPlugin
2025-09-14 15:45:36,054 [INFO] PluginManager:220 - loadIPPluginJar : add aes
2025-09-14 15:45:36,097 [INFO] IPUIPlugin:80 - create IPUIPlugin
2025-09-14 15:45:36,097 [INFO] PluginManager:220 - loadIPPluginJar : add can
2025-09-14 15:45:36,121 [INFO] IPUIPlugin:80 - create IPUIPlugin
2025-09-14 15:45:36,121 [INFO] PluginManager:220 - loadIPPluginJar : add comp
2025-09-14 15:45:36,152 [INFO] IPUIPlugin:80 - create IPUIPlugin
2025-09-14 15:45:36,152 [INFO] PluginManager:220 - loadIPPluginJar : add cryp
2025-09-14 15:45:36,163 [INFO] IPUIPlugin:80 - create IPUIPlugin
2025-09-14 15:45:36,163 [INFO] PluginManager:220 - loadIPPluginJar : add ddr_ctrl_phy
2025-09-14 15:45:36,194 [INFO] IPUIPlugin:80 - create IPUIPlugin
2025-09-14 15:45:36,194 [INFO] PluginManager:220 - loadIPPluginJar : add dfsdm
2025-09-14 15:45:36,208 [INFO] IPUIPlugin:80 - create IPUIPlugin
2025-09-14 15:45:36,209 [INFO] PluginManager:220 - loadIPPluginJar : add dma
2025-09-14 15:45:36,246 [INFO] IPUIPlugin:80 - create IPUIPlugin
2025-09-14 15:45:36,246 [INFO] PluginManager:220 - loadIPPluginJar : add dma3
2025-09-14 15:45:36,289 [INFO] IPUIPlugin:80 - create IPUIPlugin
2025-09-14 15:45:36,289 [INFO] PluginManager:220 - loadIPPluginJar : add extmemmanager
2025-09-14 15:45:36,311 [INFO] IPUIPlugin:80 - create IPUIPlugin
2025-09-14 15:45:36,311 [INFO] PluginManager:220 - loadIPPluginJar : add fatfs
2025-09-14 15:45:36,356 [INFO] IPUIPlugin:80 - create IPUIPlugin
2025-09-14 15:45:36,356 [INFO] PluginManager:220 - loadIPPluginJar : add fmc
2025-09-14 15:45:36,370 [INFO] IPUIPlugin:80 - create IPUIPlugin
2025-09-14 15:45:36,370 [INFO] PluginManager:220 - loadIPPluginJar : add freertos
2025-09-14 15:45:36,393 [INFO] IPUIPlugin:80 - create IPUIPlugin
2025-09-14 15:45:36,393 [INFO] PluginManager:220 - loadIPPluginJar : add genericplugin
2025-09-14 15:45:36,498 [INFO] IPUIPlugin:80 - create IPUIPlugin
2025-09-14 15:45:36,498 [INFO] PluginManager:220 - loadIPPluginJar : add gfxmmu
2025-09-14 15:45:36,620 [INFO] IPUIPlugin:80 - create IPUIPlugin
2025-09-14 15:45:36,620 [INFO] PluginManager:220 - loadIPPluginJar : add gic
2025-09-14 15:45:36,632 [INFO] IPUIPlugin:80 - create IPUIPlugin
2025-09-14 15:45:36,632 [INFO] PluginManager:220 - loadIPPluginJar : add gpio
2025-09-14 15:45:36,714 [INFO] IPUIPlugin:80 - create IPUIPlugin
2025-09-14 15:45:36,714 [INFO] PluginManager:220 - loadIPPluginJar : add gtzc
2025-09-14 15:45:36,743 [INFO] IPUIPlugin:80 - create IPUIPlugin
2025-09-14 15:45:36,743 [INFO] PluginManager:220 - loadIPPluginJar : add hash
2025-09-14 15:45:36,791 [INFO] IPUIPlugin:80 - create IPUIPlugin
2025-09-14 15:45:36,791 [INFO] PluginManager:220 - loadIPPluginJar : add i2c
2025-09-14 15:45:36,829 [INFO] IPUIPlugin:80 - create IPUIPlugin
2025-09-14 15:45:36,829 [INFO] PluginManager:220 - loadIPPluginJar : add i2s
2025-09-14 15:45:36,867 [INFO] IPUIPlugin:80 - create IPUIPlugin
2025-09-14 15:45:36,867 [INFO] PluginManager:220 - loadIPPluginJar : add i3c
2025-09-14 15:45:36,954 [INFO] IPUIPlugin:80 - create IPUIPlugin
2025-09-14 15:45:36,955 [INFO] PluginManager:220 - loadIPPluginJar : add ipddr
2025-09-14 15:45:37,045 [INFO] IPUIPlugin:80 - create IPUIPlugin
2025-09-14 15:45:37,045 [INFO] PluginManager:220 - loadIPPluginJar : add linkedlist
2025-09-14 15:45:37,081 [INFO] IPUIPlugin:80 - create IPUIPlugin
2025-09-14 15:45:37,081 [INFO] PluginManager:220 - loadIPPluginJar : add lorawan
2025-09-14 15:45:37,118 [INFO] IPUIPlugin:80 - create IPUIPlugin
2025-09-14 15:45:37,118 [INFO] PluginManager:220 - loadIPPluginJar : add ltdc
2025-09-14 15:45:37,132 [INFO] IPUIPlugin:80 - create IPUIPlugin
2025-09-14 15:45:37,132 [INFO] PluginManager:220 - loadIPPluginJar : add mdma
2025-09-14 15:45:37,144 [INFO] IPUIPlugin:80 - create IPUIPlugin
2025-09-14 15:45:37,144 [INFO] PluginManager:220 - loadIPPluginJar : add nvic
2025-09-14 15:45:37,179 [INFO] IPUIPlugin:80 - create IPUIPlugin
2025-09-14 15:45:37,180 [INFO] PluginManager:220 - loadIPPluginJar : add opamp
2025-09-14 15:45:37,240 [INFO] IPUIPlugin:80 - create IPUIPlugin
2025-09-14 15:45:37,240 [INFO] PluginManager:220 - loadIPPluginJar : add openamp
2025-09-14 15:45:37,284 [INFO] IPUIPlugin:80 - create IPUIPlugin
2025-09-14 15:45:37,284 [INFO] PluginManager:220 - loadIPPluginJar : add pdm2pcm
2025-09-14 15:45:37,298 [INFO] IPUIPlugin:80 - create IPUIPlugin
2025-09-14 15:45:37,299 [INFO] PluginManager:220 - loadIPPluginJar : add plateformsettings
2025-09-14 15:45:37,324 [INFO] IPUIPlugin:80 - create IPUIPlugin
2025-09-14 15:45:37,324 [INFO] PluginManager:220 - loadIPPluginJar : add quadspi
2025-09-14 15:45:37,351 [INFO] IPUIPlugin:80 - create IPUIPlugin
2025-09-14 15:45:37,352 [INFO] PluginManager:220 - loadIPPluginJar : add radio
2025-09-14 15:45:37,364 [INFO] IPUIPlugin:80 - create IPUIPlugin
2025-09-14 15:45:37,364 [INFO] PluginManager:220 - loadIPPluginJar : add resmgrutility
2025-09-14 15:45:37,411 [INFO] IPUIPlugin:80 - create IPUIPlugin
2025-09-14 15:45:37,411 [INFO] PluginManager:220 - loadIPPluginJar : add sai
2025-09-14 15:45:37,447 [INFO] IPUIPlugin:80 - create IPUIPlugin
2025-09-14 15:45:37,447 [INFO] PluginManager:220 - loadIPPluginJar : add spi
2025-09-14 15:45:37,514 [INFO] IPUIPlugin:80 - create IPUIPlugin
2025-09-14 15:45:37,514 [INFO] PluginManager:220 - loadIPPluginJar : add stm32_wpan
2025-09-14 15:45:37,540 [INFO] IPUIPlugin:80 - create IPUIPlugin
2025-09-14 15:45:37,540 [INFO] PluginManager:220 - loadIPPluginJar : add tim
2025-09-14 15:45:37,596 [INFO] IPUIPlugin:80 - create IPUIPlugin
2025-09-14 15:45:37,596 [INFO] PluginManager:220 - loadIPPluginJar : add touchsensing
2025-09-14 15:45:37,618 [INFO] IPUIPlugin:80 - create IPUIPlugin
2025-09-14 15:45:37,618 [INFO] PluginManager:220 - loadIPPluginJar : add tracer_emb
2025-09-14 15:45:37,643 [INFO] IPUIPlugin:80 - create IPUIPlugin
2025-09-14 15:45:37,643 [INFO] PluginManager:220 - loadIPPluginJar : add ts
2025-09-14 15:45:37,667 [INFO] IPUIPlugin:80 - create IPUIPlugin
2025-09-14 15:45:37,667 [INFO] PluginManager:220 - loadIPPluginJar : add tsc
2025-09-14 15:45:37,689 [INFO] IPUIPlugin:80 - create IPUIPlugin
2025-09-14 15:45:37,689 [INFO] PluginManager:220 - loadIPPluginJar : add ucpd
2025-09-14 15:45:37,732 [INFO] IPUIPlugin:80 - create IPUIPlugin
2025-09-14 15:45:37,732 [INFO] PluginManager:220 - loadIPPluginJar : add usart
2025-09-14 15:45:37,774 [INFO] IPUIPlugin:80 - create IPUIPlugin
2025-09-14 15:45:37,775 [INFO] PluginManager:220 - loadIPPluginJar : add usbx
2025-09-14 15:45:37,884 [FATAL] Updater:351 - Updater called before beeing initialized
2025-09-14 15:45:37,906 [INFO] RulesReader:64 - Compatibility file has been processed (317 Rules)
2025-09-14 15:45:37,915 [INFO] RulesReader:64 - Compatibility file has been processed (317 Rules)
2025-09-14 15:45:37,924 [INFO] CADModel:165 - CPN selected for project level
2025-09-14 15:45:37,924 [INFO] CADModel:114 - Register for checkConnection events
2025-09-14 15:45:37,925 [FATAL] Updater:351 - Updater called before beeing initialized
2025-09-14 15:45:37,925 [ERROR] CADModel:125 - Updater not yet initialized, retry later 
2025-09-14 15:45:38,047 [FATAL] Updater:351 - Updater called before beeing initialized
2025-09-14 15:45:38,049 [INFO] CADModel:165 - CPN selected for project level
2025-09-14 15:45:38,049 [INFO] CADModel:114 - Register for checkConnection events
2025-09-14 15:45:38,049 [FATAL] Updater:351 - Updater called before beeing initialized
2025-09-14 15:45:38,049 [ERROR] CADModel:125 - Updater not yet initialized, retry later 
2025-09-14 15:45:38,059 [FATAL] Updater:351 - Updater called before beeing initialized
2025-09-14 15:45:38,134 [FATAL] Updater:351 - Updater called before beeing initialized
2025-09-14 15:45:38,143 [INFO] DbMcusAds:53 - JSON generation date=Tue Jul 08 15:14:23 ICT 2025 (1751962463582)
2025-09-14 15:45:38,143 [FATAL] Updater:351 - Updater called before beeing initialized
2025-09-14 15:45:38,213 [WARN] DetailPanel:346 - Failed to get advertising image, set to default
2025-09-14 15:45:38,268 [FATAL] Updater:351 - Updater called before beeing initialized
2025-09-14 15:45:38,270 [FATAL] Updater:351 - Updater called before beeing initialized
2025-09-14 15:45:38,270 [FATAL] Updater:351 - Updater called before beeing initialized
2025-09-14 15:45:38,270 [WARN] DetailPanel:346 - Failed to get advertising image, set to default
2025-09-14 15:45:38,270 [FATAL] Updater:351 - Updater called before beeing initialized
2025-09-14 15:45:38,315 [ERROR] Updater:1198 - MainUpdater not yet initialized. External WinMGr cannot be set.
2025-09-14 15:45:38,324 [INFO] Updater:1134 - Updater Version found : 6.15.0
2025-09-14 15:45:38,341 [INFO] ApplicationProperties:184 - Using Application install path: E:\STM32CubeIDE_1.19.0\STM32CubeIDE\plugins\com.st.stm32cube.common.mx_6.15.0.202507011659
2025-09-14 15:45:38,484 [INFO] ThirdPartyUpdaterWithRetryManager:70 - Updater plugin not ready yet. [2/15]
2025-09-14 15:45:38,782 [INFO] MainUpdater:2872 - connection check result : 10
2025-09-14 15:45:38,782 [INFO] MainUpdater:3604 - Updater definition file requires update
2025-09-14 15:45:38,783 [INFO] MainUpdater:289 - Updater Check For Update Now.
2025-09-14 15:45:38,783 [INFO] MicroXplorer:498 - Change Database Version : DB.6.0.150
2025-09-14 15:45:38,801 [INFO] McuFinderGlobals:63 - Set McuFinder mode to 2 (CubeIDE integrated)
2025-09-14 15:45:38,808 [INFO] UserAuth:487 - Internet connection configuration mode: 1
2025-09-14 15:45:38,831 [INFO] JxBrowserEngine:152 - Initiate JxBrowser Engine with user profile folder
2025-09-14 15:45:38,986 [INFO] ServerAccessManage:452 - Complete download http(s) 200
2025-09-14 15:45:38,986 [INFO] ServerAccessManage:509 - Download File updaters.zip
2025-09-14 15:45:39,184 [INFO] FileExtend:248 - Unzip File : updaters.zip
2025-09-14 15:45:39,184 [INFO] FileExtend:263 - Standard Zip Deflate
2025-09-14 15:45:40,434 [INFO] ServerAccessManage:452 - Complete download http(s) 200
2025-09-14 15:45:40,434 [INFO] ServerAccessManage:509 - Download File PacksControlFlags.xml
2025-09-14 15:45:40,441 [INFO] WebApp:169 - Instantiating new browser for Auth
2025-09-14 15:45:40,719 [INFO] ServerAccessManage:452 - Complete download http(s) 200
2025-09-14 15:45:40,719 [INFO] ServerAccessManage:509 - Download File cubemx.pidx
2025-09-14 15:45:40,808 [INFO] LoadServerUpdatesThread:375 - End of LoadServerUpdate Thread
2025-09-14 15:45:40,969 [INFO] CheckServerUpdateThread:120 - End of CheckServer Thread
2025-09-14 15:45:41,157 [INFO] WebApp:463 - Apply proxy settings
2025-09-14 15:45:41,157 [INFO] WebApp:548 - Chromium requires no authentication
2025-09-14 15:45:41,169 [INFO] WebApp:491 - Direct internet connection detected
2025-09-14 15:45:41,203 [INFO] WebApp:900 - Register for checkConnection events
2025-09-14 15:45:41,203 [INFO] WebApp:463 - Apply proxy settings
2025-09-14 15:45:41,204 [INFO] WebApp:548 - Chromium requires no authentication
2025-09-14 15:45:41,204 [INFO] WebApp:491 - Direct internet connection detected
2025-09-14 15:45:41,412 [INFO] WebApp:225 - Starting web application
2025-09-14 15:45:41,413 [INFO] WebApp:593 - Web application path used E:\STM32CubeIDE_1.19.0\STM32CubeIDE\plugins\com.st.stm32cube.common.mx_6.15.0.202507011659\db\plugins\mcufinder\reactClient1\index.html
2025-09-14 15:45:41,556 [INFO] UserAuth:487 - Internet connection configuration mode: 1
2025-09-14 15:45:41,583 [INFO] WebApp:191 - Connection restablished
2025-09-14 15:45:41,764 [WARN] PackLoader:240 - Cannot read IP mode file for STMicroelectronics.FP-SNS-MOTENVWB1.1.4.0
2025-09-14 15:45:41,781 [WARN] PackLoader:240 - Cannot read IP mode file for STMicroelectronics.FP-ATR-ASTRA1.2.0.2
2025-09-14 15:45:41,799 [WARN] PackLoader:240 - Cannot read IP mode file for STMicroelectronics.X-CUBE-SMBUS.2.1.0
2025-09-14 15:45:41,811 [WARN] PackLoader:240 - Cannot read IP mode file for STMicroelectronics.X-CUBE-ST60.1.0.0
2025-09-14 15:45:41,850 [WARN] PackLoader:240 - Cannot read IP mode file for STMicroelectronics.X-CUBE-AZRTOS-F7.1.1.0
2025-09-14 15:45:41,884 [WARN] PackLoader:240 - Cannot read IP mode file for Infineon.AIROC-Wi-Fi-Bluetooth-STM32.1.7.1
2025-09-14 15:45:41,924 [WARN] PackLoader:240 - Cannot read IP mode file for STMicroelectronics.X-CUBE-AZRTOS-H7.3.4.0
2025-09-14 15:45:41,943 [WARN] PackLoader:240 - Cannot read IP mode file for STMicroelectronics.X-CUBE-DISPLAY.3.0.0
2025-09-14 15:45:41,964 [WARN] PackLoader:240 - Cannot read IP mode file for STMicroelectronics.X-CUBE-NFC10.1.0.0
2025-09-14 15:45:41,978 [WARN] PackLoader:240 - Cannot read IP mode file for emotas.I-CUBE-CANOPEN.1.3.0
2025-09-14 15:45:41,995 [WARN] PackLoader:240 - Cannot read IP mode file for STMicroelectronics.FP-SNS-STBOX1.2.1.0
2025-09-14 15:45:42,012 [WARN] PackLoader:240 - Cannot read IP mode file for STMicroelectronics.FP-SNS-SMARTAG2.1.2.0
2025-09-14 15:45:42,025 [WARN] PackLoader:240 - Cannot read IP mode file for STMicroelectronics.FP-SNS-FLIGHT1.5.1.0
2025-09-14 15:45:42,041 [INFO] LogOutputStream:77 - [STDOUT_REDIRECT] 1 : Invalid condition id : UX_CORESTACK_Condition cause : null
2025-09-14 15:45:42,041 [INFO] LogOutputStream:77 - [STDOUT_REDIRECT] 1 : Invalid condition id : UX_CORESTACK_Condition cause : null
2025-09-14 15:45:42,042 [INFO] LogOutputStream:77 - [STDOUT_REDIRECT] 1 : Invalid condition id : UX_CORESTACK_Condition cause : null
2025-09-14 15:45:42,042 [INFO] LogOutputStream:77 - [STDOUT_REDIRECT] 1 : Invalid condition id : UX_CORESTACK_Condition cause : null
2025-09-14 15:45:42,043 [INFO] LogOutputStream:77 - [STDOUT_REDIRECT] 1 : Invalid condition id : UX_CORESTACK_Condition cause : null
2025-09-14 15:45:42,044 [WARN] PackLoader:240 - Cannot read IP mode file for STMicroelectronics.X-CUBE-AZRTOS-WL.2.0.0
2025-09-14 15:45:42,060 [WARN] PackLoader:240 - Cannot read IP mode file for STMicroelectronics.FP-SNS-MOTENV1.5.0.0
2025-09-14 15:45:42,075 [WARN] PackLoader:240 - Cannot read IP mode file for WES.I-CUBE-Cesium.1.3.0
2025-09-14 15:45:42,090 [WARN] PackLoader:240 - Cannot read IP mode file for STMicroelectronics.X-CUBE-BLE2.3.3.0
2025-09-14 15:45:42,102 [WARN] PackLoader:240 - Cannot read IP mode file for STMicroelectronics.X-CUBE-NFC9.1.0.0
2025-09-14 15:45:42,116 [WARN] PackLoader:240 - Cannot read IP mode file for wolfSSL.I-CUBE-wolfSSL.5.8.0
2025-09-14 15:45:42,127 [WARN] PackLoader:240 - Cannot read IP mode file for wolfSSL.I-CUBE-wolfSSL.5.8.2
2025-09-14 15:45:42,140 [WARN] PackLoader:240 - Cannot read IP mode file for STMicroelectronics.X-CUBE-BLE1.7.1.0
2025-09-14 15:45:42,158 [WARN] PackLoader:240 - Cannot read IP mode file for wolfSSL.I-CUBE-wolfMQTT.1.19.2
2025-09-14 15:45:42,174 [WARN] PackLoader:240 - Cannot read IP mode file for STMicroelectronics.X-CUBE-EEPRMA1.5.2.0
2025-09-14 15:45:42,188 [WARN] PackLoader:240 - Cannot read IP mode file for STMicroelectronics.X-CUBE-AI.10.1.0
2025-09-14 15:45:42,207 [WARN] PackLoader:240 - Cannot read IP mode file for STMicroelectronics.X-CUBE-AZRTOS-G0.1.1.0
2025-09-14 15:45:42,220 [WARN] PackLoader:240 - Cannot read IP mode file for STMicroelectronics.X-CUBE-SAFEA1.1.2.2
2025-09-14 15:45:42,233 [WARN] PackLoader:240 - Cannot read IP mode file for STMicroelectronics.X-CUBE-NFC4.3.0.0
2025-09-14 15:45:42,248 [WARN] PackLoader:240 - Cannot read IP mode file for EmbeddedOffice.I-CUBE-FS-RTOS.1.0.1
2025-09-14 15:45:42,260 [WARN] PackLoader:240 - Cannot read IP mode file for STMicroelectronics.X-CUBE-WB05N.2.0.0
2025-09-14 15:45:42,270 [WARN] PackLoader:240 - Cannot read IP mode file for wolfSSL.I-CUBE-wolfTPM.3.8.0
2025-09-14 15:45:42,282 [WARN] PackLoader:240 - Cannot read IP mode file for STMicroelectronics.X-CUBE-TCPP.4.2.0
2025-09-14 15:45:42,294 [WARN] PackLoader:240 - Cannot read IP mode file for RealThread.X-CUBE-RT-Thread_Nano.4.1.1
2025-09-14 15:45:42,304 [WARN] PackLoader:240 - Cannot read IP mode file for STMicroelectronics.FP-ATR-SIGFOX1.3.2.0
2025-09-14 15:45:42,316 [WARN] PackLoader:240 - Cannot read IP mode file for ITTIA_DB.I-CUBE-ITTIADB.8.9.0
2025-09-14 15:45:42,327 [WARN] PackLoader:240 - Cannot read IP mode file for STMicroelectronics.X-CUBE-ST67W61.1.0.0
2025-09-14 15:45:42,338 [WARN] PackLoader:240 - Cannot read IP mode file for STMicroelectronics.X-CUBE-AI.10.2.0
2025-09-14 15:45:42,357 [WARN] PackLoader:240 - Cannot read IP mode file for SEGGER.I-CUBE-embOS.1.3.1
2025-09-14 15:45:42,387 [WARN] PackLoader:240 - Cannot read IP mode file for STMicroelectronics.X-CUBE-ALGOBUILD.1.4.0
2025-09-14 15:45:42,421 [WARN] PackLoader:240 - Cannot read IP mode file for STMicroelectronics.X-CUBE-MEMS1.11.3.0
2025-09-14 15:45:42,480 [WARN] PackLoader:240 - Cannot read IP mode file for STMicroelectronics.X-CUBE-PM33A1.1.0.0
2025-09-14 15:45:42,501 [WARN] PackLoader:240 - Cannot read IP mode file for STMicroelectronics.X-CUBE-AZRTOS-F4.1.1.0
2025-09-14 15:45:42,513 [WARN] PackLoader:240 - Cannot read IP mode file for Avnet-IotConnect.X-CUBE-IoTC-DA16k-PMOD.1.0.0
2025-09-14 15:45:42,526 [WARN] PackLoader:240 - Cannot read IP mode file for STMicroelectronics.X-CUBE-ISPU.2.1.0
2025-09-14 15:45:42,539 [WARN] PackLoader:240 - Cannot read IP mode file for STMicroelectronics.X-CUBE-NFC12.1.0.0
2025-09-14 15:45:42,562 [WARN] PackLoader:240 - Cannot read IP mode file for STMicroelectronics.X-CUBE-AZRTOS-L5.2.0.0
2025-09-14 15:45:42,575 [WARN] PackLoader:240 - Cannot read IP mode file for STMicroelectronics.X-CUBE-NFC6.3.1.0
2025-09-14 15:45:42,589 [WARN] PackLoader:240 - Cannot read IP mode file for STMicroelectronics.X-CUBE-FREERTOS.1.3.1
2025-09-14 15:45:42,601 [WARN] PackLoader:240 - Cannot read IP mode file for STMicroelectronics.FP-SNS-STAIOTCFT.1.0.0
2025-09-14 15:45:42,613 [WARN] PackLoader:240 - Cannot read IP mode file for STMicroelectronics.X-CUBE-DPower.1.3.0
2025-09-14 15:45:42,632 [WARN] ConditionMgr:438 - getConditionDescription Invalid condition id : LAN8742 Phy interface Condition cause : null
2025-09-14 15:45:42,632 [WARN] PackLoader:240 - Cannot read IP mode file for STMicroelectronics.X-CUBE-AZRTOS-L4.2.0.0
2025-09-14 15:45:42,633 [WARN] ConditionMgr:1044 - genDependencies : Invalid condition id : LAN8742 Phy interface Condition cause : null
2025-09-14 15:45:42,633 [WARN] ConditionMgr:1044 - genDependencies : Invalid condition id : LAN8742 Phy interface Condition cause : null
2025-09-14 15:45:42,633 [WARN] ConditionMgr:1044 - genDependencies : Invalid condition id : LAN8742 Phy interface Condition cause : null
2025-09-14 15:45:42,650 [WARN] PackLoader:240 - Cannot read IP mode file for STMicroelectronics.X-CUBE-SFXS2LP1.4.0.0
2025-09-14 15:45:42,666 [WARN] PackLoader:240 - Cannot read IP mode file for STMicroelectronics.X-CUBE-BLEMGR.4.1.0
2025-09-14 15:45:42,691 [WARN] ConditionMgr:438 - getConditionDescription Invalid condition id : UX DEVICE CLASS RTOS Condition cause : null
2025-09-14 15:45:42,691 [WARN] ConditionMgr:438 - getConditionDescription Invalid condition id : UX DEVICE CLASS RTOS Condition cause : null
2025-09-14 15:45:42,692 [WARN] PackLoader:240 - Cannot read IP mode file for STMicroelectronics.X-CUBE-AZRTOS-WB.2.0.0
2025-09-14 15:45:42,693 [WARN] ConditionMgr:1044 - genDependencies : Invalid condition id : UX DEVICE CLASS RTOS Condition cause : null
2025-09-14 15:45:42,693 [WARN] ConditionMgr:1044 - genDependencies : Invalid condition id : UX DEVICE CLASS RTOS Condition cause : null
2025-09-14 15:45:42,693 [WARN] ConditionMgr:1044 - genDependencies : Invalid condition id : UX DEVICE CLASS RTOS Condition cause : null
2025-09-14 15:45:42,693 [WARN] ConditionMgr:1044 - genDependencies : Invalid condition id : UX DEVICE CLASS RTOS Condition cause : null
2025-09-14 15:45:42,693 [WARN] ConditionMgr:1044 - genDependencies : Invalid condition id : UX DEVICE CLASS RTOS Condition cause : null
2025-09-14 15:45:42,708 [WARN] PackLoader:240 - Cannot read IP mode file for STMicroelectronics.X-CUBE-GNSS1.7.0.1
2025-09-14 15:45:42,723 [WARN] PackLoader:240 - Cannot read IP mode file for STMicroelectronics.X-CUBE-TOUCHGFX.4.25.0
2025-09-14 15:45:42,736 [WARN] PackLoader:240 - Cannot read IP mode file for STMicroelectronics.FP-SNS-STBOX1.2.0.0
2025-09-14 15:45:42,749 [WARN] ConditionMgr:438 - getConditionDescription Invalid condition id : Cortex-A Device cause : null
2025-09-14 15:45:42,771 [WARN] ConditionMgr:1044 - genDependencies : Invalid condition id : Cortex-A Device cause : null
2025-09-14 15:45:42,771 [WARN] ConditionMgr:1044 - genDependencies : Invalid condition id : Cortex-A Device cause : null
2025-09-14 15:45:42,771 [WARN] ConditionMgr:1044 - genDependencies : Invalid condition id : Cortex-A Device cause : null
2025-09-14 15:45:42,786 [WARN] PackLoader:240 - Cannot read IP mode file for STMicroelectronics.X-CUBE-SUBG2.5.0.0
2025-09-14 15:45:42,810 [WARN] PackLoader:240 - Cannot read IP mode file for STMicroelectronics.X-CUBE-AZRTOS-H7RS.1.1.0
2025-09-14 15:45:42,825 [WARN] PackLoader:240 - Cannot read IP mode file for Cesanta.I-CUBE-Mongoose.7.13.0
2025-09-14 15:45:42,851 [WARN] PackLoader:240 - Cannot read IP mode file for STMicroelectronics.X-CUBE-AZRTOS-G4.2.0.0
2025-09-14 15:45:42,866 [WARN] PackLoader:240 - Cannot read IP mode file for wolfSSL.I-CUBE-wolfSSH.1.4.20
2025-09-14 15:45:42,877 [WARN] PackLoader:240 - Cannot read IP mode file for STMicroelectronics.X-CUBE-NFC7.2.0.0
2025-09-14 15:45:42,903 [WARN] PackLoader:240 - Cannot read IP mode file for STMicroelectronics.X-CUBE-IPS.3.1.0
2025-09-14 15:45:42,923 [WARN] PackLoader:240 - Cannot read IP mode file for STMicroelectronics.X-CUBE-ALS.1.0.2
2025-09-14 15:45:42,940 [WARN] PackLoader:240 - Cannot read IP mode file for STMicroelectronics.X-CUBE-STSE01.1.0.0
2025-09-14 15:45:42,956 [WARN] PackLoader:240 - Cannot read IP mode file for portGmbH.I-Cube-SoM-uGOAL.1.1.0
2025-09-14 15:45:42,974 [WARN] PackLoader:240 - Cannot read IP mode file for STMicroelectronics.X-CUBE-TOF1.3.4.3
2025-09-14 15:45:42,979 [INFO] ThirdParty:978 - Integrity check success = true
2025-09-14 15:45:42,979 [INFO] IntegrityCheckThread:100 - exiting critical section [integrity check]
2025-09-14 15:45:42,979 [INFO] IntegrityCheckThread:103 - End integrity checks thread
2025-09-14 16:06:04,714 [ERROR] LogOutputStream:75 - [STDERR_REDIRECT] 
