../Core/Src/main.c:87:6:Init	16	static
../Core/Src/main.c:107:6:CheckCollision	16	static
../Core/Src/main.c:116:6:UpdateEnemyPosition	16	static
../Core/Src/main.c:134:6:SpawnEnemy	8	static
../Core/Src/main.c:149:7:RenderEnemyAndPlayer	24	static
../Core/Src/main.c:174:6:HandleInput	8	static
../Core/Src/main.c:219:6:Update	8	static
../Core/Src/main.c:236:6:Render	80	static
../Core/Src/main.c:266:5:main	8	static
../Core/Src/main.c:329:6:SystemClock_Config	88	static
../Core/Src/main.c:390:6:Error_Handler	4	static,ignoring_inline_asm
