Archive member included to satisfy reference by file (symbol)

E:/STM32CubeIDE_1.19.0/STM32CubeIDE/plugins/com.st.stm32cube.ide.mcu.externaltools.gnu-tools-for-stm32.13.3.rel1.win32_1.0.0.202411081344/tools/bin/../lib/gcc/arm-none-eabi/13.3.1/../../../../arm-none-eabi/lib/thumb/v7e-m+dp/hard\libc_nano.a(libc_a-exit.o)
                              E:/STM32CubeIDE_1.19.0/STM32CubeIDE/plugins/com.st.stm32cube.ide.mcu.externaltools.gnu-tools-for-stm32.13.3.rel1.win32_1.0.0.202411081344/tools/bin/../lib/gcc/arm-none-eabi/13.3.1/../../../../arm-none-eabi/lib/thumb/v7e-m+dp/hard/crt0.o (exit)
E:/STM32CubeIDE_1.19.0/STM32CubeIDE/plugins/com.st.stm32cube.ide.mcu.externaltools.gnu-tools-for-stm32.13.3.rel1.win32_1.0.0.202411081344/tools/bin/../lib/gcc/arm-none-eabi/13.3.1/../../../../arm-none-eabi/lib/thumb/v7e-m+dp/hard\libc_nano.a(libc_a-findfp.o)
                              E:/STM32CubeIDE_1.19.0/STM32CubeIDE/plugins/com.st.stm32cube.ide.mcu.externaltools.gnu-tools-for-stm32.13.3.rel1.win32_1.0.0.202411081344/tools/bin/../lib/gcc/arm-none-eabi/13.3.1/../../../../arm-none-eabi/lib/thumb/v7e-m+dp/hard\libc_nano.a(libc_a-exit.o) (__stdio_exit_handler)
E:/STM32CubeIDE_1.19.0/STM32CubeIDE/plugins/com.st.stm32cube.ide.mcu.externaltools.gnu-tools-for-stm32.13.3.rel1.win32_1.0.0.202411081344/tools/bin/../lib/gcc/arm-none-eabi/13.3.1/../../../../arm-none-eabi/lib/thumb/v7e-m+dp/hard\libc_nano.a(libc_a-fwalk.o)
                              E:/STM32CubeIDE_1.19.0/STM32CubeIDE/plugins/com.st.stm32cube.ide.mcu.externaltools.gnu-tools-for-stm32.13.3.rel1.win32_1.0.0.202411081344/tools/bin/../lib/gcc/arm-none-eabi/13.3.1/../../../../arm-none-eabi/lib/thumb/v7e-m+dp/hard\libc_nano.a(libc_a-findfp.o) (_fwalk_sglue)
E:/STM32CubeIDE_1.19.0/STM32CubeIDE/plugins/com.st.stm32cube.ide.mcu.externaltools.gnu-tools-for-stm32.13.3.rel1.win32_1.0.0.202411081344/tools/bin/../lib/gcc/arm-none-eabi/13.3.1/../../../../arm-none-eabi/lib/thumb/v7e-m+dp/hard\libc_nano.a(libc_a-stdio.o)
                              E:/STM32CubeIDE_1.19.0/STM32CubeIDE/plugins/com.st.stm32cube.ide.mcu.externaltools.gnu-tools-for-stm32.13.3.rel1.win32_1.0.0.202411081344/tools/bin/../lib/gcc/arm-none-eabi/13.3.1/../../../../arm-none-eabi/lib/thumb/v7e-m+dp/hard\libc_nano.a(libc_a-findfp.o) (__sread)
E:/STM32CubeIDE_1.19.0/STM32CubeIDE/plugins/com.st.stm32cube.ide.mcu.externaltools.gnu-tools-for-stm32.13.3.rel1.win32_1.0.0.202411081344/tools/bin/../lib/gcc/arm-none-eabi/13.3.1/../../../../arm-none-eabi/lib/thumb/v7e-m+dp/hard\libc_nano.a(libc_a-memset.o)
                              E:/STM32CubeIDE_1.19.0/STM32CubeIDE/plugins/com.st.stm32cube.ide.mcu.externaltools.gnu-tools-for-stm32.13.3.rel1.win32_1.0.0.202411081344/tools/bin/../lib/gcc/arm-none-eabi/13.3.1/../../../../arm-none-eabi/lib/thumb/v7e-m+dp/hard/crt0.o (memset)
E:/STM32CubeIDE_1.19.0/STM32CubeIDE/plugins/com.st.stm32cube.ide.mcu.externaltools.gnu-tools-for-stm32.13.3.rel1.win32_1.0.0.202411081344/tools/bin/../lib/gcc/arm-none-eabi/13.3.1/../../../../arm-none-eabi/lib/thumb/v7e-m+dp/hard\libc_nano.a(libc_a-closer.o)
                              E:/STM32CubeIDE_1.19.0/STM32CubeIDE/plugins/com.st.stm32cube.ide.mcu.externaltools.gnu-tools-for-stm32.13.3.rel1.win32_1.0.0.202411081344/tools/bin/../lib/gcc/arm-none-eabi/13.3.1/../../../../arm-none-eabi/lib/thumb/v7e-m+dp/hard\libc_nano.a(libc_a-stdio.o) (_close_r)
E:/STM32CubeIDE_1.19.0/STM32CubeIDE/plugins/com.st.stm32cube.ide.mcu.externaltools.gnu-tools-for-stm32.13.3.rel1.win32_1.0.0.202411081344/tools/bin/../lib/gcc/arm-none-eabi/13.3.1/../../../../arm-none-eabi/lib/thumb/v7e-m+dp/hard\libc_nano.a(libc_a-reent.o)
                              E:/STM32CubeIDE_1.19.0/STM32CubeIDE/plugins/com.st.stm32cube.ide.mcu.externaltools.gnu-tools-for-stm32.13.3.rel1.win32_1.0.0.202411081344/tools/bin/../lib/gcc/arm-none-eabi/13.3.1/../../../../arm-none-eabi/lib/thumb/v7e-m+dp/hard\libc_nano.a(libc_a-closer.o) (errno)
E:/STM32CubeIDE_1.19.0/STM32CubeIDE/plugins/com.st.stm32cube.ide.mcu.externaltools.gnu-tools-for-stm32.13.3.rel1.win32_1.0.0.202411081344/tools/bin/../lib/gcc/arm-none-eabi/13.3.1/../../../../arm-none-eabi/lib/thumb/v7e-m+dp/hard\libc_nano.a(libc_a-impure.o)
                              E:/STM32CubeIDE_1.19.0/STM32CubeIDE/plugins/com.st.stm32cube.ide.mcu.externaltools.gnu-tools-for-stm32.13.3.rel1.win32_1.0.0.202411081344/tools/bin/../lib/gcc/arm-none-eabi/13.3.1/../../../../arm-none-eabi/lib/thumb/v7e-m+dp/hard\libc_nano.a(libc_a-reent.o) (_impure_ptr)
E:/STM32CubeIDE_1.19.0/STM32CubeIDE/plugins/com.st.stm32cube.ide.mcu.externaltools.gnu-tools-for-stm32.13.3.rel1.win32_1.0.0.202411081344/tools/bin/../lib/gcc/arm-none-eabi/13.3.1/../../../../arm-none-eabi/lib/thumb/v7e-m+dp/hard\libc_nano.a(libc_a-lseekr.o)
[...]
Memory Configuration

Name             Origin             Length             Attributes
RAM              0x20000000         0x00080000         xrw
FLASH            0x08000000         0x00200000         xr
*default*        0x00000000         0xffffffff

Linker script and memory map

LOAD E:/STM32CubeIDE_1.19.0/STM32CubeIDE/plugins/com.st.stm32cube.ide.mcu.externaltools.gnu-tools-for-stm32.13.3.rel1.win32_1.0.0.202411081344/tools/bin/../lib/gcc/arm-none-eabi/13.3.1/thumb/v7e-m+dp/hard/crti.o
LOAD E:/STM32CubeIDE_1.19.0/STM32CubeIDE/plugins/com.st.stm32cube.ide.mcu.externaltools.gnu-tools-for-stm32.13.3.rel1.win32_1.0.0.202411081344/tools/bin/../lib/gcc/arm-none-eabi/13.3.1/thumb/v7e-m+dp/hard/crtbegin.o
LOAD E:/STM32CubeIDE_1.19.0/STM32CubeIDE/plugins/com.st.stm32cube.ide.mcu.externaltools.gnu-tools-for-stm32.13.3.rel1.win32_1.0.0.202411081344/tools/bin/../lib/gcc/arm-none-eabi/13.3.1/../../../../arm-none-eabi/lib/thumb/v7e-m+dp/hard/crt0.o
LOAD ./Core/Src/main.o
LOAD ./Core/Src/stm32f7xx_hal_msp.o
LOAD ./Core/Src/stm32f7xx_it.o
LOAD ./Core/Src/syscalls.o
LOAD ./Core/Src/sysmem.o
LOAD ./Core/Src/system_stm32f7xx.o
LOAD ./Core/Startup/startup_stm32f767zitx.o
LOAD ./Drivers/STM32F7xx_HAL_Driver/Src/stm32f7xx_hal.o
LOAD ./Drivers/STM32F7xx_HAL_Driver/Src/stm32f7xx_hal_cortex.o
LOAD ./Drivers/STM32F7xx_HAL_Driver/Src/stm32f7xx_hal_dma.o
LOAD ./Drivers/STM32F7xx_HAL_Driver/Src/stm32f7xx_hal_dma_ex.o
LOAD ./Drivers/STM32F7xx_HAL_Driver/Src/stm32f7xx_hal_exti.o
LOAD ./Drivers/STM32F7xx_HAL_Driver/Src/stm32f7xx_hal_flash.o
LOAD ./Drivers/STM32F7xx_HAL_Driver/Src/stm32f7xx_hal_flash_ex.o
LOAD ./Drivers/STM32F7xx_HAL_Driver/Src/stm32f7xx_hal_gpio.o
LOAD ./Drivers/STM32F7xx_HAL_Driver/Src/stm32f7xx_hal_i2c.o
LOAD ./Drivers/STM32F7xx_HAL_Driver/Src/stm32f7xx_hal_i2c_ex.o
LOAD ./Drivers/STM32F7xx_HAL_Driver/Src/stm32f7xx_hal_pwr.o
LOAD ./Drivers/STM32F7xx_HAL_Driver/Src/stm32f7xx_hal_pwr_ex.o
LOAD ./Drivers/STM32F7xx_HAL_Driver/Src/stm32f7xx_hal_rcc.o
LOAD ./Drivers/STM32F7xx_HAL_Driver/Src/stm32f7xx_hal_rcc_ex.o
LOAD ./Drivers/STM32F7xx_HAL_Driver/Src/stm32f7xx_hal_uart.o
LOAD ./Drivers/STM32F7xx_HAL_Driver/Src/stm32f7xx_hal_uart_ex.o
START GROUP
LOAD E:/STM32CubeIDE_1.19.0/STM32CubeIDE/plugins/com.st.stm32cube.ide.mcu.externaltools.gnu-tools-for-stm32.13.3.rel1.win32_1.0.0.202411081344/tools/bin/../lib/gcc/arm-none-eabi/13.3.1/../../../../arm-none-eabi/lib/thumb/v7e-m+dp/hard\libc_nano.a
LOAD E:/STM32CubeIDE_1.19.0/STM32CubeIDE/plugins/com.st.stm32cube.ide.mcu.externaltools.gnu-tools-for-stm32.13.3.rel1.win32_1.0.0.202411081344/tools/bin/../lib/gcc/arm-none-eabi/13.3.1/../../../../arm-none-eabi/lib/thumb/v7e-m+dp/hard\libm.a
END GROUP
START GROUP
LOAD E:/STM32CubeIDE_1.19.0/STM32CubeIDE/plugins/com.st.stm32cube.ide.mcu.externaltools.gnu-tools-for-stm32.13.3.rel1.win32_1.0.0.202411081344/tools/bin/../lib/gcc/arm-none-eabi/13.3.1/thumb/v7e-m+dp/hard\libgcc.a
LOAD E:/STM32CubeIDE_1.19.0/STM32CubeIDE/plugins/com.st.stm32cube.ide.mcu.externaltools.gnu-tools-for-stm32.13.3.rel1.win32_1.0.0.202411081344/tools/bin/../lib/gcc/arm-none-eabi/13.3.1/../../../../arm-none-eabi/lib/thumb/v7e-m+dp/hard\libc_nano.a
END GROUP
START GROUP
LOAD E:/STM32CubeIDE_1.19.0/STM32CubeIDE/plugins/com.st.stm32cube.ide.mcu.externaltools.gnu-tools-for-stm32.13.3.rel1.win32_1.0.0.202411081344/tools/bin/../lib/gcc/arm-none-eabi/13.3.1/thumb/v7e-m+dp/hard\libgcc.a
LOAD E:/STM32CubeIDE_1.19.0/STM32CubeIDE/plugins/com.st.stm32cube.ide.mcu.externaltools.gnu-tools-for-stm32.13.3.rel1.win32_1.0.0.202411081344/tools/bin/../lib/gcc/arm-none-eabi/13.3.1/../../../../arm-none-eabi/lib/thumb/v7e-m+dp/hard\libc_nano.a
LOAD E:/STM32CubeIDE_1.19.0/STM32CubeIDE/plugins/com.st.stm32cube.ide.mcu.externaltools.gnu-tools-for-stm32.13.3.rel1.win32_1.0.0.202411081344/tools/bin/../lib/gcc/arm-none-eabi/13.3.1/../../../../arm-none-eabi/lib/thumb/v7e-m+dp/hard\libnosys.a
END GROUP
START GROUP
LOAD E:/STM32CubeIDE_1.19.0/STM32CubeIDE/plugins/com.st.stm32cube.ide.mcu.externaltools.gnu-tools-for-stm32.13.3.rel1.win32_1.0.0.202411081344/tools/bin/../lib/gcc/arm-none-eabi/13.3.1/thumb/v7e-m+dp/hard\libgcc.a
LOAD E:/STM32CubeIDE_1.19.0/STM32CubeIDE/plugins/com.st.stm32cube.ide.mcu.externaltools.gnu-tools-for-stm32.13.3.rel1.win32_1.0.0.202411081344/tools/bin/../lib/gcc/arm-none-eabi/13.3.1/../../../../arm-none-eabi/lib/thumb/v7e-m+dp/hard\libc_nano.a
LOAD E:/STM32CubeIDE_1.19.0/STM32CubeIDE/plugins/com.st.stm32cube.ide.mcu.externaltools.gnu-tools-for-stm32.13.3.rel1.win32_1.0.0.202411081344/tools/bin/../lib/gcc/arm-none-eabi/13.3.1/../../../../arm-none-eabi/lib/thumb/v7e-m+dp/hard\libnosys.a
END GROUP
LOAD E:/STM32CubeIDE_1.19.0/STM32CubeIDE/plugins/com.st.stm32cube.ide.mcu.externaltools.gnu-tools-for-stm32.13.3.rel1.win32_1.0.0.202411081344/tools/bin/../lib/gcc/arm-none-eabi/13.3.1/thumb/v7e-m+dp/hard/crtend.o
LOAD E:/STM32CubeIDE_1.19.0/STM32CubeIDE/plugins/com.st.stm32cube.ide.mcu.externaltools.gnu-tools-for-stm32.13.3.rel1.win32_1.0.0.202411081344/tools/bin/../lib/gcc/arm-none-eabi/13.3.1/thumb/v7e-m+dp/hard/crtn.o
                0x20080000                        _estack = (ORIGIN (RAM) + LENGTH (RAM))
                0x00000200                        _Min_Heap_Size = 0x200
                0x00000400                        _Min_Stack_Size = 0x400

.isr_vector     0x08000000      0x1f8
                0x08000000                        . = ALIGN (0x4)
 *(.isr_vector)
 .isr_vector    0x08000000      0x1f8 ./Core/Startup/startup_stm32f767zitx.o
                0x08000000                g_pfnVectors
                0x080001f8                        . = ALIGN (0x4)

.text           0x080001f8     0x2fc0
                0x080001f8                        . = ALIGN (0x4)
 *(.text)
 .text          0x080001f8       0x40 E:/STM32CubeIDE_1.19.0/STM32CubeIDE/plugins/com.st.stm32cube.ide.mcu.externaltools.gnu-tools-for-stm32.13.3.rel1.win32_1.0.0.202411081344/tools/bin/../lib/gcc/arm-none-eabi/13.3.1/thumb/v7e-m+dp/hard/crtbegin.o
 .text          0x08000238       0x10 E:/STM32CubeIDE_1.19.0/STM32CubeIDE/plugins/com.st.stm32cube.ide.mcu.externaltools.gnu-tools-for-stm32.13.3.rel1.win32_1.0.0.202411081344/tools/bin/../lib/gcc/arm-none-eabi/13.3.1/../../../../arm-none-eabi/lib/thumb/v7e-m+dp/hard\libc_nano.a(libc_a-strlen.o)
                0x08000238                strlen
 .text          0x08000248       0x30 E:/STM32CubeIDE_1.19.0/STM32CubeIDE/plugins/com.st.stm32cube.ide.mcu.externaltools.gnu-tools-for-stm32.13.3.rel1.win32_1.0.0.202411081344/tools/bin/../lib/gcc/arm-none-eabi/13.3.1/thumb/v7e-m+dp/hard\libgcc.a(_aeabi_uldivmod.o)
                0x08000248                __aeabi_uldivmod
 .text          0x08000278      0x2f8 E:/STM32CubeIDE_1.19.0/STM32CubeIDE/plugins/com.st.stm32cube.ide.mcu.externaltools.gnu-tools-for-stm32.13.3.rel1.win32_1.0.0.202411081344/tools/bin/../lib/gcc/arm-none-eabi/13.3.1/thumb/v7e-m+dp/hard\libgcc.a(_udivmoddi4.o)
                0x08000278                __udivmoddi4
 .text          0x08000570        0x4 E:/STM32CubeIDE_1.19.0/STM32CubeIDE/plugins/com.st.stm32cube.ide.mcu.externaltools.gnu-tools-for-stm32.13.3.rel1.win32_1.0.0.202411081344/tools/bin/../lib/gcc/arm-none-eabi/13.3.1/thumb/v7e-m+dp/hard\libgcc.a(_dvmd_tls.o)
                0x08000570                __aeabi_idiv0
                0x08000570                __aeabi_ldiv0
 *(.text*)
 .text.Init.0   0x08000574       0x54 ./Core/Src/main.o
 .text.main     0x080005c8       0x84 ./Core/Src/main.o
                0x080005c8                main
 .text.WaitToRecieve.1
                0x0800064c       0x98 ./Core/Src/main.o
 .text.CheckInput.2
                0x080006e4      0x188 ./Core/Src/main.o
 .text.SystemClock_Config
                0x0800086c       0xb8 ./Core/Src/main.o
                0x0800086c                SystemClock_Config
 .text.MX_USART3_UART_Init
                0x08000924       0x60 ./Core/Src/main.o
 .text.MX_GPIO_Init
                0x08000984       0x64 ./Core/Src/main.o
 .text.MPU_Config
                0x080009e8       0x58 ./Core/Src/main.o
 .text.Error_Handler
                0x08000a40        0xc ./Core/Src/main.o
                0x08000a40                Error_Handler
 .text.HAL_MspInit
                0x08000a4c       0x48 ./Core/Src/stm32f7xx_hal_msp.o
                0x08000a4c                HAL_MspInit
 .text.HAL_UART_MspInit
                0x08000a94       0xc0 ./Core/Src/stm32f7xx_hal_msp.o
                0x08000a94                HAL_UART_MspInit
 .text.NMI_Handler
                0x08000b54        0x8 ./Core/Src/stm32f7xx_it.o
                0x08000b54                NMI_Handler
 .text.HardFault_Handler
                0x08000b5c        0x8 ./Core/Src/stm32f7xx_it.o
                0x08000b5c                HardFault_Handler
 .text.MemManage_Handler
                0x08000b64        0x8 ./Core/Src/stm32f7xx_it.o
                0x08000b64                MemManage_Handler
 .text.BusFault_Handler
                0x08000b6c        0x8 ./Core/Src/stm32f7xx_it.o
                0x08000b6c                BusFault_Handler
 .text.UsageFault_Handler
                0x08000b74        0x8 ./Core/Src/stm32f7xx_it.o
                0x08000b74                UsageFault_Handler
 .text.SVC_Handler
                0x08000b7c        0xe ./Core/Src/stm32f7xx_it.o
                0x08000b7c                SVC_Handler
 .text.DebugMon_Handler
                0x08000b8a        0xe ./Core/Src/stm32f7xx_it.o
                0x08000b8a                DebugMon_Handler
 .text.PendSV_Handler
                0x08000b98        0xe ./Core/Src/stm32f7xx_it.o
                0x08000b98                PendSV_Handler
 .text.SysTick_Handler
                0x08000ba6        0xc ./Core/Src/stm32f7xx_it.o
                0x08000ba6                SysTick_Handler
 *fill*         0x08000bb2        0x2 
 .text.SystemInit
                0x08000bb4       0x24 ./Core/Src/system_stm32f7xx.o
                0x08000bb4                SystemInit
 .text.Reset_Handler
                0x08000bd8       0x50 ./Core/Startup/startup_stm32f767zitx.o
                0x08000bd8                Reset_Handler
 .text.Default_Handler
                0x08000c28        0x2 ./Core/Startup/startup_stm32f767zitx.o
                0x08000c28                RTC_Alarm_IRQHandler
                0x08000c28                EXTI2_IRQHandler
                0x08000c28                TIM8_CC_IRQHandler
                0x08000c28                UART8_IRQHandler
                0x08000c28                SPI4_IRQHandler
                0x08000c28                TIM1_CC_IRQHandler
                0x08000c28                DMA2_Stream5_IRQHandler
                0x08000c28                JPEG_IRQHandler
                0x08000c28                DMA1_Stream5_IRQHandler
                0x08000c28                CAN3_RX1_IRQHandler
                0x08000c28                PVD_IRQHandler
                0x08000c28                TAMP_STAMP_IRQHandler
                0x08000c28                CAN2_RX1_IRQHandler
                0x08000c28                EXTI3_IRQHandler
                0x08000c28                TIM8_TRG_COM_TIM14_IRQHandler
                0x08000c28                DFSDM1_FLT1_IRQHandler
                0x08000c28                TIM1_UP_TIM10_IRQHandler
                0x08000c28                TIM8_UP_TIM13_IRQHandler
                0x08000c28                I2C3_ER_IRQHandler
                0x08000c28                DFSDM1_FLT2_IRQHandler
                0x08000c28                EXTI0_IRQHandler
                0x08000c28                I2C2_EV_IRQHandler
                0x08000c28                DMA1_Stream2_IRQHandler
                0x08000c28                CAN1_RX0_IRQHandler
                0x08000c28                FPU_IRQHandler
                0x08000c28                OTG_HS_WKUP_IRQHandler
                0x08000c28                CAN3_SCE_IRQHandler
                0x08000c28                LTDC_ER_IRQHandler
                0x08000c28                CAN2_SCE_IRQHandler
                0x08000c28                DMA2_Stream2_IRQHandler
                0x08000c28                SPI1_IRQHandler
                0x08000c28                TIM6_DAC_IRQHandler
                0x08000c28                TIM1_BRK_TIM9_IRQHandler
                0x08000c28                DCMI_IRQHandler
                0x08000c28                CAN2_RX0_IRQHandler
                0x08000c28                DMA2_Stream3_IRQHandler
                0x08000c28                SAI2_IRQHandler
                0x08000c28                DFSDM1_FLT3_IRQHandler
                0x08000c28                USART6_IRQHandler
                0x08000c28                CAN3_RX0_IRQHandler
                0x08000c28                USART3_IRQHandler
                0x08000c28                CAN1_RX1_IRQHandler
                0x08000c28                UART5_IRQHandler
                0x08000c28                DMA2_Stream0_IRQHandler
                0x08000c28                TIM4_IRQHandler
                0x08000c28                QUADSPI_IRQHandler
                0x08000c28                I2C1_EV_IRQHandler
                0x08000c28                DMA1_Stream6_IRQHandler
                0x08000c28                DMA1_Stream1_IRQHandler
                0x08000c28                UART4_IRQHandler
                0x08000c28                TIM3_IRQHandler
                0x08000c28                RCC_IRQHandler
                0x08000c28                TIM8_BRK_TIM12_IRQHandler
                0x08000c28                Default_Handler
                0x08000c28                CEC_IRQHandler
                0x08000c28                EXTI15_10_IRQHandler
                0x08000c28                ADC_IRQHandler
                0x08000c28                DMA1_Stream7_IRQHandler
                0x08000c28                SPI5_IRQHandler
                0x08000c28                TIM7_IRQHandler
                0x08000c28                SDMMC1_IRQHandler
                0x08000c28                CAN2_TX_IRQHandler
                0x08000c28                TIM5_IRQHandler
                0x08000c28                DMA2_Stream7_IRQHandler
                0x08000c28                I2C3_EV_IRQHandler
                0x08000c28                EXTI9_5_IRQHandler
                0x08000c28                RTC_WKUP_IRQHandler
                0x08000c28                LTDC_IRQHandler
                0x08000c28                ETH_WKUP_IRQHandler
                0x08000c28                SPDIF_RX_IRQHandler
                0x08000c28                SPI2_IRQHandler
                0x08000c28                OTG_HS_EP1_IN_IRQHandler
                0x08000c28                DMA1_Stream0_IRQHandler
                0x08000c28                CAN1_TX_IRQHandler
                0x08000c28                EXTI4_IRQHandler
                0x08000c28                RNG_IRQHandler
                0x08000c28                ETH_IRQHandler
                0x08000c28                OTG_HS_EP1_OUT_IRQHandler
                0x08000c28                WWDG_IRQHandler
                0x08000c28                SPI6_IRQHandler
                0x08000c28                MDIOS_IRQHandler
                0x08000c28                I2C4_EV_IRQHandler
                0x08000c28                CAN3_TX_IRQHandler
                0x08000c28                TIM2_IRQHandler
                0x08000c28                OTG_FS_WKUP_IRQHandler
                0x08000c28                TIM1_TRG_COM_TIM11_IRQHandler
                0x08000c28                OTG_HS_IRQHandler
                0x08000c28                DMA2D_IRQHandler
                0x08000c28                EXTI1_IRQHandler
                0x08000c28                SDMMC2_IRQHandler
                0x08000c28                UART7_IRQHandler
                0x08000c28                USART2_IRQHandler
                0x08000c28                DFSDM1_FLT0_IRQHandler
                0x08000c28                I2C2_ER_IRQHandler
                0x08000c28                DMA2_Stream1_IRQHandler
                0x08000c28                CAN1_SCE_IRQHandler
                0x08000c28                FLASH_IRQHandler
                0x08000c28                DMA2_Stream4_IRQHandler
                0x08000c28                USART1_IRQHandler
                0x08000c28                OTG_FS_IRQHandler
                0x08000c28                SPI3_IRQHandler
                0x08000c28                DMA1_Stream4_IRQHandler
                0x08000c28                I2C1_ER_IRQHandler
                0x08000c28                FMC_IRQHandler
                0x08000c28                LPTIM1_IRQHandler
                0x08000c28                I2C4_ER_IRQHandler
                0x08000c28                DMA2_Stream6_IRQHandler
                0x08000c28                SAI1_IRQHandler
                0x08000c28                DMA1_Stream3_IRQHandler
 .text.HAL_Init
                0x08000c2a       0x1a ./Drivers/STM32F7xx_HAL_Driver/Src/stm32f7xx_hal.o
                0x08000c2a                HAL_Init
 .text.HAL_InitTick
                0x08000c44       0x60 ./Drivers/STM32F7xx_HAL_Driver/Src/stm32f7xx_hal.o
                0x08000c44                HAL_InitTick
 .text.HAL_IncTick
                0x08000ca4       0x28 ./Drivers/STM32F7xx_HAL_Driver/Src/stm32f7xx_hal.o
                0x08000ca4                HAL_IncTick
 .text.HAL_GetTick
                0x08000ccc       0x18 ./Drivers/STM32F7xx_HAL_Driver/Src/stm32f7xx_hal.o
                0x08000ccc                HAL_GetTick
 .text.HAL_Delay
                0x08000ce4       0x48 ./Drivers/STM32F7xx_HAL_Driver/Src/stm32f7xx_hal.o
                0x08000ce4                HAL_Delay
 .text.__NVIC_SetPriorityGrouping
                0x08000d2c       0x48 ./Drivers/STM32F7xx_HAL_Driver/Src/stm32f7xx_hal_cortex.o
 .text.__NVIC_GetPriorityGrouping
                0x08000d74       0x1c ./Drivers/STM32F7xx_HAL_Driver/Src/stm32f7xx_hal_cortex.o
 .text.__NVIC_SetPriority
                0x08000d90       0x54 ./Drivers/STM32F7xx_HAL_Driver/Src/stm32f7xx_hal_cortex.o
 .text.NVIC_EncodePriority
                0x08000de4       0x66 ./Drivers/STM32F7xx_HAL_Driver/Src/stm32f7xx_hal_cortex.o
 *fill*         0x08000e4a        0x2 
 .text.SysTick_Config
                0x08000e4c       0x44 ./Drivers/STM32F7xx_HAL_Driver/Src/stm32f7xx_hal_cortex.o
 .text.HAL_NVIC_SetPriorityGrouping
                0x08000e90       0x16 ./Drivers/STM32F7xx_HAL_Driver/Src/stm32f7xx_hal_cortex.o
                0x08000e90                HAL_NVIC_SetPriorityGrouping
 .text.HAL_NVIC_SetPriority
                0x08000ea6       0x38 ./Drivers/STM32F7xx_HAL_Driver/Src/stm32f7xx_hal_cortex.o
                0x08000ea6                HAL_NVIC_SetPriority
 .text.HAL_SYSTICK_Config
                0x08000ede       0x18 ./Drivers/STM32F7xx_HAL_Driver/Src/stm32f7xx_hal_cortex.o
                0x08000ede                HAL_SYSTICK_Config
 *fill*         0x08000ef6        0x2 
 .text.HAL_MPU_Disable
                0x08000ef8       0x30 ./Drivers/STM32F7xx_HAL_Driver/Src/stm32f7xx_hal_cortex.o
                0x08000ef8                HAL_MPU_Disable
 .text.HAL_MPU_Enable
                0x08000f28       0x40 ./Drivers/STM32F7xx_HAL_Driver/Src/stm32f7xx_hal_cortex.o
                0x08000f28                HAL_MPU_Enable
 .text.HAL_MPU_ConfigRegion
                0x08000f68       0x80 ./Drivers/STM32F7xx_HAL_Driver/Src/stm32f7xx_hal_cortex.o
                0x08000f68                HAL_MPU_ConfigRegion
 .text.HAL_GPIO_Init
                0x08000fe8      0x358 ./Drivers/STM32F7xx_HAL_Driver/Src/stm32f7xx_hal_gpio.o
                0x08000fe8                HAL_GPIO_Init
 .text.HAL_GPIO_WritePin
                0x08001340       0x32 ./Drivers/STM32F7xx_HAL_Driver/Src/stm32f7xx_hal_gpio.o
                0x08001340                HAL_GPIO_WritePin
 *fill*         0x08001372        0x2 
 .text.HAL_RCC_OscConfig
                0x08001374      0x55c ./Drivers/STM32F7xx_HAL_Driver/Src/stm32f7xx_hal_rcc.o
                0x08001374                HAL_RCC_OscConfig
 .text.HAL_RCC_ClockConfig
                0x080018d0      0x1d8 ./Drivers/STM32F7xx_HAL_Driver/Src/stm32f7xx_hal_rcc.o
                0x080018d0                HAL_RCC_ClockConfig
 .text.HAL_RCC_GetSysClockFreq
                0x08001aa8      0x18c ./Drivers/STM32F7xx_HAL_Driver/Src/stm32f7xx_hal_rcc.o
                0x08001aa8                HAL_RCC_GetSysClockFreq
 .text.HAL_RCC_GetHCLKFreq
                0x08001c34       0x18 ./Drivers/STM32F7xx_HAL_Driver/Src/stm32f7xx_hal_rcc.o
                0x08001c34                HAL_RCC_GetHCLKFreq
 .text.HAL_RCC_GetPCLK1Freq
                0x08001c4c       0x28 ./Drivers/STM32F7xx_HAL_Driver/Src/stm32f7xx_hal_rcc.o
                0x08001c4c                HAL_RCC_GetPCLK1Freq
 .text.HAL_RCC_GetPCLK2Freq
                0x08001c74       0x28 ./Drivers/STM32F7xx_HAL_Driver/Src/stm32f7xx_hal_rcc.o
                0x08001c74                HAL_RCC_GetPCLK2Freq
 .text.HAL_RCCEx_PeriphCLKConfig
                0x08001c9c      0x850 ./Drivers/STM32F7xx_HAL_Driver/Src/stm32f7xx_hal_rcc_ex.o
                0x08001c9c                HAL_RCCEx_PeriphCLKConfig
 .text.HAL_UART_Init
                0x080024ec       0x9c ./Drivers/STM32F7xx_HAL_Driver/Src/stm32f7xx_hal_uart.o
                0x080024ec                HAL_UART_Init
 .text.HAL_UART_Transmit
                0x08002588      0x112 ./Drivers/STM32F7xx_HAL_Driver/Src/stm32f7xx_hal_uart.o
                0x08002588                HAL_UART_Transmit
 .text.HAL_UART_Receive
                0x0800269a      0x190 ./Drivers/STM32F7xx_HAL_Driver/Src/stm32f7xx_hal_uart.o
                0x0800269a                HAL_UART_Receive
 *fill*         0x0800282a        0x2 
 .text.UART_SetConfig
                0x0800282c      0x4c8 ./Drivers/STM32F7xx_HAL_Driver/Src/stm32f7xx_hal_uart.o
                0x0800282c                UART_SetConfig
 .text.UART_AdvFeatureConfig
                0x08002cf4      0x144 ./Drivers/STM32F7xx_HAL_Driver/Src/stm32f7xx_hal_uart.o
                0x08002cf4                UART_AdvFeatureConfig
 .text.UART_CheckIdleState
                0x08002e38      0x150 ./Drivers/STM32F7xx_HAL_Driver/Src/stm32f7xx_hal_uart.o
                0x08002e38                UART_CheckIdleState
 .text.UART_WaitOnFlagUntilTimeout
                0x08002f88       0xda ./Drivers/STM32F7xx_HAL_Driver/Src/stm32f7xx_hal_uart.o
                0x08002f88                UART_WaitOnFlagUntilTimeout
 .text.UART_EndRxTransfer
                0x08003062       0xc8 ./Drivers/STM32F7xx_HAL_Driver/Src/stm32f7xx_hal_uart.o
 .text.memset   0x0800312a       0x10 E:/STM32CubeIDE_1.19.0/STM32CubeIDE/plugins/com.st.stm32cube.ide.mcu.externaltools.gnu-tools-for-stm32.13.3.rel1.win32_1.0.0.202411081344/tools/bin/../lib/gcc/arm-none-eabi/13.3.1/../../../../arm-none-eabi/lib/thumb/v7e-m+dp/hard\libc_nano.a(libc_a-memset.o)
                0x0800312a                memset
 *fill*         0x0800313a        0x2 
 .text.__libc_init_array
                0x0800313c       0x48 E:/STM32CubeIDE_1.19.0/STM32CubeIDE/plugins/com.st.stm32cube.ide.mcu.externaltools.gnu-tools-for-stm32.13.3.rel1.win32_1.0.0.202411081344/tools/bin/../lib/gcc/arm-none-eabi/13.3.1/../../../../arm-none-eabi/lib/thumb/v7e-m+dp/hard\libc_nano.a(libc_a-init.o)
                0x0800313c                __libc_init_array
 .text.memcpy   0x08003184       0x1c E:/STM32CubeIDE_1.19.0/STM32CubeIDE/plugins/com.st.stm32cube.ide.mcu.externaltools.gnu-tools-for-stm32.13.3.rel1.win32_1.0.0.202411081344/tools/bin/../lib/gcc/arm-none-eabi/13.3.1/../../../../arm-none-eabi/lib/thumb/v7e-m+dp/hard\libc_nano.a(libc_a-memcpy-stub.o)
                0x08003184                memcpy
 *(.glue_7)
 .glue_7        0x080031a0        0x0 linker stubs
 *(.glue_7t)
 .glue_7t       0x080031a0        0x0 linker stubs
 *(.eh_frame)
 .eh_frame      0x080031a0        0x0 E:/STM32CubeIDE_1.19.0/STM32CubeIDE/plugins/com.st.stm32cube.ide.mcu.externaltools.gnu-tools-for-stm32.13.3.rel1.win32_1.0.0.202411081344/tools/bin/../lib/gcc/arm-none-eabi/13.3.1/thumb/v7e-m+dp/hard/crtbegin.o
 *(.init)
 .init          0x080031a0        0x4 E:/STM32CubeIDE_1.19.0/STM32CubeIDE/plugins/com.st.stm32cube.ide.mcu.externaltools.gnu-tools-for-stm32.13.3.rel1.win32_1.0.0.202411081344/tools/bin/../lib/gcc/arm-none-eabi/13.3.1/thumb/v7e-m+dp/hard/crti.o
                0x080031a0                _init
 .init          0x080031a4        0x8 E:/STM32CubeIDE_1.19.0/STM32CubeIDE/plugins/com.st.stm32cube.ide.mcu.externaltools.gnu-tools-for-stm32.13.3.rel1.win32_1.0.0.202411081344/tools/bin/../lib/gcc/arm-none-eabi/13.3.1/thumb/v7e-m+dp/hard/crtn.o
 *(.fini)
 .fini          0x080031ac        0x4 E:/STM32CubeIDE_1.19.0/STM32CubeIDE/plugins/com.st.stm32cube.ide.mcu.externaltools.gnu-tools-for-stm32.13.3.rel1.win32_1.0.0.202411081344/tools/bin/../lib/gcc/arm-none-eabi/13.3.1/thumb/v7e-m+dp/hard/crti.o
                0x080031ac                _fini
 .fini          0x080031b0        0x8 E:/STM32CubeIDE_1.19.0/STM32CubeIDE/plugins/com.st.stm32cube.ide.mcu.externaltools.gnu-tools-for-stm32.13.3.rel1.win32_1.0.0.202411081344/tools/bin/../lib/gcc/arm-none-eabi/13.3.1/thumb/v7e-m+dp/hard/crtn.o
                0x080031b8                        . = ALIGN (0x4)
                0x080031b8                        _etext = .

.vfp11_veneer   0x080031b8        0x0
 .vfp11_veneer  0x080031b8        0x0 linker stubs

.v4_bx          0x080031b8        0x0
 .v4_bx         0x080031b8        0x0 linker stubs

.iplt           0x080031b8        0x0
 .iplt          0x080031b8        0x0 E:/STM32CubeIDE_1.19.0/STM32CubeIDE/plugins/com.st.stm32cube.ide.mcu.externaltools.gnu-tools-for-stm32.13.3.rel1.win32_1.0.0.202411081344/tools/bin/../lib/gcc/arm-none-eabi/13.3.1/thumb/v7e-m+dp/hard/crtbegin.o

.rodata         0x080031b8       0xcc
                0x080031b8                        . = ALIGN (0x4)
 *(.rodata)
 .rodata        0x080031b8       0xb2 ./Core/Src/main.o
 *(.rodata*)
 *fill*         0x0800326a        0x2 
 .rodata.AHBPrescTable
                0x0800326c       0x10 ./Core/Src/system_stm32f7xx.o
                0x0800326c                AHBPrescTable
 .rodata.APBPrescTable
                0x0800327c        0x8 ./Core/Src/system_stm32f7xx.o
                0x0800327c                APBPrescTable
                0x08003284                        . = ALIGN (0x4)

.ARM.extab      0x08003284        0x0
                0x08003284                        . = ALIGN (0x4)
 *(.ARM.extab* .gnu.linkonce.armextab.*)
                0x08003284                        . = ALIGN (0x4)

.ARM            0x08003284        0x8
                0x08003284                        . = ALIGN (0x4)
                0x08003284                        __exidx_start = .
 *(.ARM.exidx*)
 .ARM.exidx     0x08003284        0x8 E:/STM32CubeIDE_1.19.0/STM32CubeIDE/plugins/com.st.stm32cube.ide.mcu.externaltools.gnu-tools-for-stm32.13.3.rel1.win32_1.0.0.202411081344/tools/bin/../lib/gcc/arm-none-eabi/13.3.1/../../../../arm-none-eabi/lib/thumb/v7e-m+dp/hard\libc_nano.a(libc_a-strlen.o)
 .ARM.exidx     0x0800328c        0x0 E:/STM32CubeIDE_1.19.0/STM32CubeIDE/plugins/com.st.stm32cube.ide.mcu.externaltools.gnu-tools-for-stm32.13.3.rel1.win32_1.0.0.202411081344/tools/bin/../lib/gcc/arm-none-eabi/13.3.1/thumb/v7e-m+dp/hard\libgcc.a(_udivmoddi4.o)
                                  0x8 (size before relaxing)
                0x0800328c                        __exidx_end = .
                0x0800328c                        . = ALIGN (0x4)

.preinit_array  0x0800328c        0x0
                0x0800328c                        . = ALIGN (0x4)
                0x0800328c                        PROVIDE (__preinit_array_start = .)
 *(.preinit_array*)
                0x0800328c                        PROVIDE (__preinit_array_end = .)
                0x0800328c                        . = ALIGN (0x4)

.init_array     0x0800328c        0x4
                0x0800328c                        . = ALIGN (0x4)
                0x0800328c                        PROVIDE (__init_array_start = .)
 *(SORT_BY_NAME(.init_array.*))
 *(.init_array*)
 .init_array    0x0800328c        0x4 E:/STM32CubeIDE_1.19.0/STM32CubeIDE/plugins/com.st.stm32cube.ide.mcu.externaltools.gnu-tools-for-stm32.13.3.rel1.win32_1.0.0.202411081344/tools/bin/../lib/gcc/arm-none-eabi/13.3.1/thumb/v7e-m+dp/hard/crtbegin.o
                0x08003290                        PROVIDE (__init_array_end = .)
                0x08003290                        . = ALIGN (0x4)

.fini_array     0x08003290        0x4
                0x08003290                        . = ALIGN (0x4)
                [!provide]                        PROVIDE (__fini_array_start = .)
 *(SORT_BY_NAME(.fini_array.*))
 *(.fini_array*)
 .fini_array    0x08003290        0x4 E:/STM32CubeIDE_1.19.0/STM32CubeIDE/plugins/com.st.stm32cube.ide.mcu.externaltools.gnu-tools-for-stm32.13.3.rel1.win32_1.0.0.202411081344/tools/bin/../lib/gcc/arm-none-eabi/13.3.1/thumb/v7e-m+dp/hard/crtbegin.o
                [!provide]                        PROVIDE (__fini_array_end = .)
                0x08003294                        . = ALIGN (0x4)
                0x08003294                        _sidata = LOADADDR (.data)

.rel.dyn        0x08003294        0x0
 .rel.iplt      0x08003294        0x0 E:/STM32CubeIDE_1.19.0/STM32CubeIDE/plugins/com.st.stm32cube.ide.mcu.externaltools.gnu-tools-for-stm32.13.3.rel1.win32_1.0.0.202411081344/tools/bin/../lib/gcc/arm-none-eabi/13.3.1/thumb/v7e-m+dp/hard/crtbegin.o

.data           0x20000000        0xc load address 0x08003294
                0x20000000                        . = ALIGN (0x4)
                0x20000000                        _sdata = .
 *(.data)
 *(.data*)
 .data.SystemCoreClock
                0x20000000        0x4 ./Core/Src/system_stm32f7xx.o
                0x20000000                SystemCoreClock
 .data.uwTickPrio
                0x20000004        0x4 ./Drivers/STM32F7xx_HAL_Driver/Src/stm32f7xx_hal.o
                0x20000004                uwTickPrio
 .data.uwTickFreq
                0x20000008        0x1 ./Drivers/STM32F7xx_HAL_Driver/Src/stm32f7xx_hal.o
                0x20000008                uwTickFreq
 *(.RamFunc)
 *(.RamFunc*)
                0x2000000c                        . = ALIGN (0x4)
 *fill*         0x20000009        0x3 
                0x2000000c                        _edata = .

.igot.plt       0x2000000c        0x0 load address 0x080032a0
 .igot.plt      0x2000000c        0x0 E:/STM32CubeIDE_1.19.0/STM32CubeIDE/plugins/com.st.stm32cube.ide.mcu.externaltools.gnu-tools-for-stm32.13.3.rel1.win32_1.0.0.202411081344/tools/bin/../lib/gcc/arm-none-eabi/13.3.1/thumb/v7e-m+dp/hard/crtbegin.o
                0x2000000c                        . = ALIGN (0x4)

.bss            0x2000000c       0xac load address 0x080032a0
                0x2000000c                        _sbss = .
                0x2000000c                        __bss_start__ = _sbss
 *(.bss)
 .bss           0x2000000c       0x1c E:/STM32CubeIDE_1.19.0/STM32CubeIDE/plugins/com.st.stm32cube.ide.mcu.externaltools.gnu-tools-for-stm32.13.3.rel1.win32_1.0.0.202411081344/tools/bin/../lib/gcc/arm-none-eabi/13.3.1/thumb/v7e-m+dp/hard/crtbegin.o
 *(.bss*)
 .bss.huart3    0x20000028       0x88 ./Core/Src/main.o
                0x20000028                huart3
 .bss.isFirst   0x200000b0        0x1 ./Core/Src/main.o
                0x200000b0                isFirst
 .bss.isFinish  0x200000b1        0x1 ./Core/Src/main.o
                0x200000b1                isFinish
 *fill*         0x200000b2        0x2 
 .bss.uwTick    0x200000b4        0x4 ./Drivers/STM32F7xx_HAL_Driver/Src/stm32f7xx_hal.o
                0x200000b4                uwTick
 *(COMMON)
                0x200000b8                        . = ALIGN (0x4)
                0x200000b8                        _ebss = .
                0x200000b8                        __bss_end__ = _ebss

._user_heap_stack
                0x200000b8      0x600 load address 0x080032a0
                0x200000b8                        . = ALIGN (0x8)
                [!provide]                        PROVIDE (end = .)
                0x200000b8                        PROVIDE (_end = .)
                0x200002b8                        . = (. + _Min_Heap_Size)
 *fill*         0x200000b8      0x200 
                0x200006b8                        . = (. + _Min_Stack_Size)
 *fill*         0x200002b8      0x400 
                0x200006b8                        . = ALIGN (0x8)

/DISCARD/
 libc.a(*)
 libm.a(*)
 libgcc.a(*)

.ARM.attributes
                0x00000000       0x2e
 *(.ARM.attributes)
 .ARM.attributes
                0x00000000       0x20 E:/STM32CubeIDE_1.19.0/STM32CubeIDE/plugins/com.st.stm32cube.ide.mcu.externaltools.gnu-tools-for-stm32.13.3.rel1.win32_1.0.0.202411081344/tools/bin/../lib/gcc/arm-none-eabi/13.3.1/thumb/v7e-m+dp/hard/crti.o
 .ARM.attributes
                0x00000020       0x32 E:/STM32CubeIDE_1.19.0/STM32CubeIDE/plugins/com.st.stm32cube.ide.mcu.externaltools.gnu-tools-for-stm32.13.3.rel1.win32_1.0.0.202411081344/tools/bin/../lib/gcc/arm-none-eabi/13.3.1/thumb/v7e-m+dp/hard/crtbegin.o
 .ARM.attributes
                0x00000052       0x32 ./Core/Src/main.o
 .ARM.attributes
                0x00000084       0x32 ./Core/Src/stm32f7xx_hal_msp.o
 .ARM.attributes
                0x000000b6       0x32 ./Core/Src/stm32f7xx_it.o
 .ARM.attributes
                0x000000e8       0x32 ./Core/Src/system_stm32f7xx.o
 .ARM.attributes
                0x0000011a       0x21 ./Core/Startup/startup_stm32f767zitx.o
 .ARM.attributes
                0x0000013b       0x32 ./Drivers/STM32F7xx_HAL_Driver/Src/stm32f7xx_hal.o
 .ARM.attributes
                0x0000016d       0x32 ./Drivers/STM32F7xx_HAL_Driver/Src/stm32f7xx_hal_cortex.o
 .ARM.attributes
                0x0000019f       0x32 ./Drivers/STM32F7xx_HAL_Driver/Src/stm32f7xx_hal_gpio.o
 .ARM.attributes
                0x000001d1       0x32 ./Drivers/STM32F7xx_HAL_Driver/Src/stm32f7xx_hal_rcc.o
 .ARM.attributes
                0x00000203       0x32 ./Drivers/STM32F7xx_HAL_Driver/Src/stm32f7xx_hal_rcc_ex.o
 .ARM.attributes
                0x00000235       0x32 ./Drivers/STM32F7xx_HAL_Driver/Src/stm32f7xx_hal_uart.o
 .ARM.attributes
                0x00000267       0x32 E:/STM32CubeIDE_1.19.0/STM32CubeIDE/plugins/com.st.stm32cube.ide.mcu.externaltools.gnu-tools-for-stm32.13.3.rel1.win32_1.0.0.202411081344/tools/bin/../lib/gcc/arm-none-eabi/13.3.1/../../../../arm-none-eabi/lib/thumb/v7e-m+dp/hard\libc_nano.a(libc_a-memset.o)
 .ARM.attributes
                0x00000299       0x32 E:/STM32CubeIDE_1.19.0/STM32CubeIDE/plugins/com.st.stm32cube.ide.mcu.externaltools.gnu-tools-for-stm32.13.3.rel1.win32_1.0.0.202411081344/tools/bin/../lib/gcc/arm-none-eabi/13.3.1/../../../../arm-none-eabi/lib/thumb/v7e-m+dp/hard\libc_nano.a(libc_a-init.o)
 .ARM.attributes
                0x000002cb       0x32 E:/STM32CubeIDE_1.19.0/STM32CubeIDE/plugins/com.st.stm32cube.ide.mcu.externaltools.gnu-tools-for-stm32.13.3.rel1.win32_1.0.0.202411081344/tools/bin/../lib/gcc/arm-none-eabi/13.3.1/../../../../arm-none-eabi/lib/thumb/v7e-m+dp/hard\libc_nano.a(libc_a-memcpy-stub.o)
 .ARM.attributes
                0x000002fd       0x17 E:/STM32CubeIDE_1.19.0/STM32CubeIDE/plugins/com.st.stm32cube.ide.mcu.externaltools.gnu-tools-for-stm32.13.3.rel1.win32_1.0.0.202411081344/tools/bin/../lib/gcc/arm-none-eabi/13.3.1/../../../../arm-none-eabi/lib/thumb/v7e-m+dp/hard\libc_nano.a(libc_a-strlen.o)
 .ARM.attributes
                0x00000314       0x20 E:/STM32CubeIDE_1.19.0/STM32CubeIDE/plugins/com.st.stm32cube.ide.mcu.externaltools.gnu-tools-for-stm32.13.3.rel1.win32_1.0.0.202411081344/tools/bin/../lib/gcc/arm-none-eabi/13.3.1/thumb/v7e-m+dp/hard\libgcc.a(_aeabi_uldivmod.o)
 .ARM.attributes
                0x00000334       0x32 E:/STM32CubeIDE_1.19.0/STM32CubeIDE/plugins/com.st.stm32cube.ide.mcu.externaltools.gnu-tools-for-stm32.13.3.rel1.win32_1.0.0.202411081344/tools/bin/../lib/gcc/arm-none-eabi/13.3.1/thumb/v7e-m+dp/hard\libgcc.a(_udivmoddi4.o)
 .ARM.attributes
                0x00000366       0x20 E:/STM32CubeIDE_1.19.0/STM32CubeIDE/plugins/com.st.stm32cube.ide.mcu.externaltools.gnu-tools-for-stm32.13.3.rel1.win32_1.0.0.202411081344/tools/bin/../lib/gcc/arm-none-eabi/13.3.1/thumb/v7e-m+dp/hard\libgcc.a(_dvmd_tls.o)
 .ARM.attributes
                0x00000386       0x20 E:/STM32CubeIDE_1.19.0/STM32CubeIDE/plugins/com.st.stm32cube.ide.mcu.externaltools.gnu-tools-for-stm32.13.3.rel1.win32_1.0.0.202411081344/tools/bin/../lib/gcc/arm-none-eabi/13.3.1/thumb/v7e-m+dp/hard/crtn.o
OUTPUT(lab03.elf elf32-littlearm)
LOAD linker stubs
LOAD E:/STM32CubeIDE_1.19.0/STM32CubeIDE/plugins/com.st.stm32cube.ide.mcu.externaltools.gnu-tools-for-stm32.13.3.rel1.win32_1.0.0.202411081344/tools/bin/../lib/gcc/arm-none-eabi/13.3.1/../../../../arm-none-eabi/lib/thumb/v7e-m+dp/hard\libc.a
LOAD E:/STM32CubeIDE_1.19.0/STM32CubeIDE/plugins/com.st.stm32cube.ide.mcu.externaltools.gnu-tools-for-stm32.13.3.rel1.win32_1.0.0.202411081344/tools/bin/../lib/gcc/arm-none-eabi/13.3.1/../../../../arm-none-eabi/lib/thumb/v7e-m+dp/hard\libm.a
LOAD E:/STM32CubeIDE_1.19.0/STM32CubeIDE/plugins/com.st.stm32cube.ide.mcu.externaltools.gnu-tools-for-stm32.13.3.rel1.win32_1.0.0.202411081344/tools/bin/../lib/gcc/arm-none-eabi/13.3.1/thumb/v7e-m+dp/hard\libgcc.a

.debug_info     0x00000000     0x90e8
 .debug_info    0x00000000      0xff4 ./Core/Src/main.o
 .debug_info    0x00000ff4      0xc87 ./Core/Src/stm32f7xx_hal_msp.o
 .debug_info    0x00001c7b      0x112 ./Core/Src/stm32f7xx_it.o
 .debug_info    0x00001d8d      0x6ed ./Core/Src/system_stm32f7xx.o
 .debug_info    0x0000247a       0x30 ./Core/Startup/startup_stm32f767zitx.o
 .debug_info    0x000024aa      0xa4c ./Drivers/STM32F7xx_HAL_Driver/Src/stm32f7xx_hal.o
 .debug_info    0x00002ef6      0xfc0 ./Drivers/STM32F7xx_HAL_Driver/Src/stm32f7xx_hal_cortex.o
 .debug_info    0x00003eb6      0x6f3 ./Drivers/STM32F7xx_HAL_Driver/Src/stm32f7xx_hal_gpio.o
 .debug_info    0x000045a9      0x94b ./Drivers/STM32F7xx_HAL_Driver/Src/stm32f7xx_hal_rcc.o
 .debug_info    0x00004ef4      0x6e1 ./Drivers/STM32F7xx_HAL_Driver/Src/stm32f7xx_hal_rcc_ex.o
 .debug_info    0x000055d5     0x3b13 ./Drivers/STM32F7xx_HAL_Driver/Src/stm32f7xx_hal_uart.o

.debug_abbrev   0x00000000     0x1552
 .debug_abbrev  0x00000000      0x318 ./Core/Src/main.o
 .debug_abbrev  0x00000318      0x1d6 ./Core/Src/stm32f7xx_hal_msp.o
 .debug_abbrev  0x000004ee       0x73 ./Core/Src/stm32f7xx_it.o
 .debug_abbrev  0x00000561      0x13b ./Core/Src/system_stm32f7xx.o
 .debug_abbrev  0x0000069c       0x24 ./Core/Startup/startup_stm32f767zitx.o
 .debug_abbrev  0x000006c0      0x213 ./Drivers/STM32F7xx_HAL_Driver/Src/stm32f7xx_hal.o
 .debug_abbrev  0x000008d3      0x31e ./Drivers/STM32F7xx_HAL_Driver/Src/stm32f7xx_hal_cortex.o
 .debug_abbrev  0x00000bf1      0x1d4 ./Drivers/STM32F7xx_HAL_Driver/Src/stm32f7xx_hal_gpio.o
 .debug_abbrev  0x00000dc5      0x2de ./Drivers/STM32F7xx_HAL_Driver/Src/stm32f7xx_hal_rcc.o
 .debug_abbrev  0x000010a3      0x1c9 ./Drivers/STM32F7xx_HAL_Driver/Src/stm32f7xx_hal_rcc_ex.o
 .debug_abbrev  0x0000126c      0x2e6 ./Drivers/STM32F7xx_HAL_Driver/Src/stm32f7xx_hal_uart.o

.debug_aranges  0x00000000      0x6d8
 .debug_aranges
                0x00000000       0x60 ./Core/Src/main.o
 .debug_aranges
                0x00000060       0x30 ./Core/Src/stm32f7xx_hal_msp.o
 .debug_aranges
                0x00000090       0x60 ./Core/Src/stm32f7xx_it.o
 .debug_aranges
                0x000000f0       0x28 ./Core/Src/system_stm32f7xx.o
 .debug_aranges
                0x00000118       0x28 ./Core/Startup/startup_stm32f767zitx.o
 .debug_aranges
                0x00000140      0x110 ./Drivers/STM32F7xx_HAL_Driver/Src/stm32f7xx_hal.o
 .debug_aranges
                0x00000250      0x128 ./Drivers/STM32F7xx_HAL_Driver/Src/stm32f7xx_hal_cortex.o
 .debug_aranges
                0x00000378       0x58 ./Drivers/STM32F7xx_HAL_Driver/Src/stm32f7xx_hal_gpio.o
 .debug_aranges
                0x000003d0       0x88 ./Drivers/STM32F7xx_HAL_Driver/Src/stm32f7xx_hal_rcc.o
 .debug_aranges
                0x00000458       0x50 ./Drivers/STM32F7xx_HAL_Driver/Src/stm32f7xx_hal_rcc_ex.o
 .debug_aranges
                0x000004a8      0x230 ./Drivers/STM32F7xx_HAL_Driver/Src/stm32f7xx_hal_uart.o

.debug_rnglists
                0x00000000      0x540
 .debug_rnglists
                0x00000000       0x47 ./Core/Src/main.o
 .debug_rnglists
                0x00000047       0x20 ./Core/Src/stm32f7xx_hal_msp.o
 .debug_rnglists
                0x00000067       0x43 ./Core/Src/stm32f7xx_it.o
 .debug_rnglists
                0x000000aa       0x1a ./Core/Src/system_stm32f7xx.o
 .debug_rnglists
                0x000000c4       0x19 ./Core/Startup/startup_stm32f767zitx.o
 .debug_rnglists
                0x000000dd       0xc7 ./Drivers/STM32F7xx_HAL_Driver/Src/stm32f7xx_hal.o
 .debug_rnglists
                0x000001a4       0xda ./Drivers/STM32F7xx_HAL_Driver/Src/stm32f7xx_hal_cortex.o
 .debug_rnglists
                0x0000027e       0x3f ./Drivers/STM32F7xx_HAL_Driver/Src/stm32f7xx_hal_gpio.o
 .debug_rnglists
                0x000002bd       0x67 ./Drivers/STM32F7xx_HAL_Driver/Src/stm32f7xx_hal_rcc.o
 .debug_rnglists
                0x00000324       0x3c ./Drivers/STM32F7xx_HAL_Driver/Src/stm32f7xx_hal_rcc_ex.o
 .debug_rnglists
                0x00000360      0x1e0 ./Drivers/STM32F7xx_HAL_Driver/Src/stm32f7xx_hal_uart.o

.debug_macro    0x00000000    0x26582
 .debug_macro   0x00000000      0x2a7 ./Core/Src/main.o
 .debug_macro   0x000002a7      0xaf0 ./Core/Src/main.o
 .debug_macro   0x00000d97      0x28d ./Core/Src/main.o
 .debug_macro   0x00001024       0x2e ./Core/Src/main.o
 .debug_macro   0x00001052       0x3b ./Core/Src/main.o
 .debug_macro   0x0000108d       0x22 ./Core/Src/main.o
 .debug_macro   0x000010af       0x8e ./Core/Src/main.o
 .debug_macro   0x0000113d       0x51 ./Core/Src/main.o
 .debug_macro   0x0000118e      0x103 ./Core/Src/main.o
 .debug_macro   0x00001291       0x6a ./Core/Src/main.o
 .debug_macro   0x000012fb      0x1df ./Core/Src/main.o
 .debug_macro   0x000014da       0x1c ./Core/Src/main.o
 .debug_macro   0x000014f6       0x22 ./Core/Src/main.o
 .debug_macro   0x00001518       0xd9 ./Core/Src/main.o
 .debug_macro   0x000015f1     0x12cd ./Core/Src/main.o
 .debug_macro   0x000028be      0x11f ./Core/Src/main.o
 .debug_macro   0x000029dd       0x19 ./Core/Src/main.o
 .debug_macro   0x000029f6    0x1aa23 ./Core/Src/main.o
 .debug_macro   0x0001d419       0x6d ./Core/Src/main.o
 .debug_macro   0x0001d486     0x375e ./Core/Src/main.o
 .debug_macro   0x00020be4      0x190 ./Core/Src/main.o
 .debug_macro   0x00020d74       0x63 ./Core/Src/main.o
 .debug_macro   0x00020dd7     0x1add ./Core/Src/main.o
 .debug_macro   0x000228b4      0x6c4 ./Core/Src/main.o
 .debug_macro   0x00022f78      0x18b ./Core/Src/main.o
 .debug_macro   0x00023103      0x115 ./Core/Src/main.o
 .debug_macro   0x00023218      0x26e ./Core/Src/main.o
 .debug_macro   0x00023486       0xa5 ./Core/Src/main.o
 .debug_macro   0x0002352b      0x24f ./Core/Src/main.o
 .debug_macro   0x0002377a       0x71 ./Core/Src/main.o
 .debug_macro   0x000237eb       0x58 ./Core/Src/main.o
 .debug_macro   0x00023843      0x236 ./Core/Src/main.o
 .debug_macro   0x00023a79      0x14e ./Core/Src/main.o
 .debug_macro   0x00023bc7      0x3db ./Core/Src/main.o
 .debug_macro   0x00023fa2       0x12 ./Core/Src/main.o
 .debug_macro   0x00023fb4      0x22c ./Core/Src/main.o
 .debug_macro   0x000241e0       0x61 ./Core/Src/main.o
 .debug_macro   0x00024241       0xa5 ./Core/Src/main.o
 .debug_macro   0x000242e6      0x12e ./Core/Src/main.o
 .debug_macro   0x00024414      0x108 ./Core/Src/main.o
 .debug_macro   0x0002451c       0x35 ./Core/Src/main.o
 .debug_macro   0x00024551      0x5ba ./Core/Src/main.o
 .debug_macro   0x00024b0b       0x44 ./Core/Src/main.o
 .debug_macro   0x00024b4f      0x15b ./Core/Src/main.o
 .debug_macro   0x00024caa       0x61 ./Core/Src/main.o
 .debug_macro   0x00024d0b       0x29 ./Core/Src/main.o
 .debug_macro   0x00024d34       0x43 ./Core/Src/main.o
 .debug_macro   0x00024d77       0x34 ./Core/Src/main.o
 .debug_macro   0x00024dab      0x370 ./Core/Src/main.o
 .debug_macro   0x0002511b       0x16 ./Core/Src/main.o
 .debug_macro   0x00025131       0x4a ./Core/Src/main.o
 .debug_macro   0x0002517b       0x34 ./Core/Src/main.o
 .debug_macro   0x000251af       0x10 ./Core/Src/main.o
 .debug_macro   0x000251bf       0x58 ./Core/Src/main.o
 .debug_macro   0x00025217       0x8e ./Core/Src/main.o
 .debug_macro   0x000252a5       0x1c ./Core/Src/main.o
 .debug_macro   0x000252c1      0x185 ./Core/Src/main.o
 .debug_macro   0x00025446       0x10 ./Core/Src/main.o
 .debug_macro   0x00025456       0x3c ./Core/Src/main.o
 .debug_macro   0x00025492       0x20 ./Core/Src/main.o
 .debug_macro   0x000254b2      0x1d9 ./Core/Src/stm32f7xx_hal_msp.o
 .debug_macro   0x0002568b      0x1e3 ./Core/Src/stm32f7xx_it.o
 .debug_macro   0x0002586e      0x1cf ./Core/Src/system_stm32f7xx.o
 .debug_macro   0x00025a3d      0x1f3 ./Drivers/STM32F7xx_HAL_Driver/Src/stm32f7xx_hal.o
 .debug_macro   0x00025c30      0x1cf ./Drivers/STM32F7xx_HAL_Driver/Src/stm32f7xx_hal_cortex.o
 .debug_macro   0x00025dff      0x1d5 ./Drivers/STM32F7xx_HAL_Driver/Src/stm32f7xx_hal_gpio.o
 .debug_macro   0x00025fd4      0x1f3 ./Drivers/STM32F7xx_HAL_Driver/Src/stm32f7xx_hal_rcc.o
 .debug_macro   0x000261c7      0x1cf ./Drivers/STM32F7xx_HAL_Driver/Src/stm32f7xx_hal_rcc_ex.o
 .debug_macro   0x00026396      0x1ec ./Drivers/STM32F7xx_HAL_Driver/Src/stm32f7xx_hal_uart.o

.debug_line     0x00000000     0x918f
 .debug_line    0x00000000      0xb23 ./Core/Src/main.o
 .debug_line    0x00000b23      0x797 ./Core/Src/stm32f7xx_hal_msp.o
 .debug_line    0x000012ba      0x7e3 ./Core/Src/stm32f7xx_it.o
 .debug_line    0x00001a9d      0x7a8 ./Core/Src/system_stm32f7xx.o
 .debug_line    0x00002245       0x7a ./Core/Startup/startup_stm32f767zitx.o
 .debug_line    0x000022bf      0xa8b ./Drivers/STM32F7xx_HAL_Driver/Src/stm32f7xx_hal.o
 .debug_line    0x00002d4a      0xcdb ./Drivers/STM32F7xx_HAL_Driver/Src/stm32f7xx_hal_cortex.o
 .debug_line    0x00003a25      0xbb5 ./Drivers/STM32F7xx_HAL_Driver/Src/stm32f7xx_hal_gpio.o
 .debug_line    0x000045da      0xf90 ./Drivers/STM32F7xx_HAL_Driver/Src/stm32f7xx_hal_rcc.o
 .debug_line    0x0000556a      0xede ./Drivers/STM32F7xx_HAL_Driver/Src/stm32f7xx_hal_rcc_ex.o
 .debug_line    0x00006448     0x2d47 ./Drivers/STM32F7xx_HAL_Driver/Src/stm32f7xx_hal_uart.o

.debug_str      0x00000000    0xf0466
 .debug_str     0x00000000    0xf0466 ./Core/Src/main.o
                              0xeeb7e (size before relaxing)
 .debug_str     0x000f0466    0xeb92d ./Core/Src/stm32f7xx_hal_msp.o
 .debug_str     0x000f0466    0xeb02f ./Core/Src/stm32f7xx_it.o
 .debug_str     0x000f0466    0xeb23f ./Core/Src/system_stm32f7xx.o
 .debug_str     0x000f0466       0x60 ./Core/Startup/startup_stm32f767zitx.o
 .debug_str     0x000f0466    0xebc7f ./Drivers/STM32F7xx_HAL_Driver/Src/stm32f7xx_hal.o
 .debug_str     0x000f0466    0xebc61 ./Drivers/STM32F7xx_HAL_Driver/Src/stm32f7xx_hal_cortex.o
 .debug_str     0x000f0466    0xeb2fd ./Drivers/STM32F7xx_HAL_Driver/Src/stm32f7xx_hal_gpio.o
 .debug_str     0x000f0466    0xeb5ba ./Drivers/STM32F7xx_HAL_Driver/Src/stm32f7xx_hal_rcc.o
 .debug_str     0x000f0466    0xeb51d ./Drivers/STM32F7xx_HAL_Driver/Src/stm32f7xx_hal_rcc_ex.o
 .debug_str     0x000f0466    0xebf08 ./Drivers/STM32F7xx_HAL_Driver/Src/stm32f7xx_hal_uart.o

.comment        0x00000000       0x43
 .comment       0x00000000       0x43 ./Core/Src/main.o
                                 0x44 (size before relaxing)
 .comment       0x00000043       0x44 ./Core/Src/stm32f7xx_hal_msp.o
 .comment       0x00000043       0x44 ./Core/Src/stm32f7xx_it.o
 .comment       0x00000043       0x44 ./Core/Src/system_stm32f7xx.o
 .comment       0x00000043       0x44 ./Drivers/STM32F7xx_HAL_Driver/Src/stm32f7xx_hal.o
 .comment       0x00000043       0x44 ./Drivers/STM32F7xx_HAL_Driver/Src/stm32f7xx_hal_cortex.o
 .comment       0x00000043       0x44 ./Drivers/STM32F7xx_HAL_Driver/Src/stm32f7xx_hal_gpio.o
 .comment       0x00000043       0x44 ./Drivers/STM32F7xx_HAL_Driver/Src/stm32f7xx_hal_rcc.o
 .comment       0x00000043       0x44 ./Drivers/STM32F7xx_HAL_Driver/Src/stm32f7xx_hal_rcc_ex.o
 .comment       0x00000043       0x44 ./Drivers/STM32F7xx_HAL_Driver/Src/stm32f7xx_hal_uart.o

.debug_frame    0x00000000     0x1b40
 .debug_frame   0x00000000      0x144 ./Core/Src/main.o
 .debug_frame   0x00000144       0x84 ./Core/Src/stm32f7xx_hal_msp.o
 .debug_frame   0x000001c8      0x104 ./Core/Src/stm32f7xx_it.o
 .debug_frame   0x000002cc       0x58 ./Core/Src/system_stm32f7xx.o
 .debug_frame   0x00000324      0x3f4 ./Drivers/STM32F7xx_HAL_Driver/Src/stm32f7xx_hal.o
 .debug_frame   0x00000718      0x4e8 ./Drivers/STM32F7xx_HAL_Driver/Src/stm32f7xx_hal_cortex.o
 .debug_frame   0x00000c00      0x14c ./Drivers/STM32F7xx_HAL_Driver/Src/stm32f7xx_hal_gpio.o
 .debug_frame   0x00000d4c      0x1f8 ./Drivers/STM32F7xx_HAL_Driver/Src/stm32f7xx_hal_rcc.o
 .debug_frame   0x00000f44      0x118 ./Drivers/STM32F7xx_HAL_Driver/Src/stm32f7xx_hal_rcc_ex.o
 .debug_frame   0x0000105c      0xa10 ./Drivers/STM32F7xx_HAL_Driver/Src/stm32f7xx_hal_uart.o
 .debug_frame   0x00001a6c       0x20 E:/STM32CubeIDE_1.19.0/STM32CubeIDE/plugins/com.st.stm32cube.ide.mcu.externaltools.gnu-tools-for-stm32.13.3.rel1.win32_1.0.0.202411081344/tools/bin/../lib/gcc/arm-none-eabi/13.3.1/../../../../arm-none-eabi/lib/thumb/v7e-m+dp/hard\libc_nano.a(libc_a-memset.o)
 .debug_frame   0x00001a8c       0x2c E:/STM32CubeIDE_1.19.0/STM32CubeIDE/plugins/com.st.stm32cube.ide.mcu.externaltools.gnu-tools-for-stm32.13.3.rel1.win32_1.0.0.202411081344/tools/bin/../lib/gcc/arm-none-eabi/13.3.1/../../../../arm-none-eabi/lib/thumb/v7e-m+dp/hard\libc_nano.a(libc_a-init.o)
 .debug_frame   0x00001ab8       0x28 E:/STM32CubeIDE_1.19.0/STM32CubeIDE/plugins/com.st.stm32cube.ide.mcu.externaltools.gnu-tools-for-stm32.13.3.rel1.win32_1.0.0.202411081344/tools/bin/../lib/gcc/arm-none-eabi/13.3.1/../../../../arm-none-eabi/lib/thumb/v7e-m+dp/hard\libc_nano.a(libc_a-memcpy-stub.o)
 .debug_frame   0x00001ae0       0x2c E:/STM32CubeIDE_1.19.0/STM32CubeIDE/plugins/com.st.stm32cube.ide.mcu.externaltools.gnu-tools-for-stm32.13.3.rel1.win32_1.0.0.202411081344/tools/bin/../lib/gcc/arm-none-eabi/13.3.1/thumb/v7e-m+dp/hard\libgcc.a(_aeabi_uldivmod.o)
 .debug_frame   0x00001b0c       0x34 E:/STM32CubeIDE_1.19.0/STM32CubeIDE/plugins/com.st.stm32cube.ide.mcu.externaltools.gnu-tools-for-stm32.13.3.rel1.win32_1.0.0.202411081344/tools/bin/../lib/gcc/arm-none-eabi/13.3.1/thumb/v7e-m+dp/hard\libgcc.a(_udivmoddi4.o)

.debug_line_str
                0x00000000       0x44
 .debug_line_str
                0x00000000       0x44 ./Core/Startup/startup_stm32f767zitx.o
